[2025-04-16T12:33:05.446+0000][25780][info][gc,init] CardTable entry size: 512
[2025-04-16T12:33:05.446+0000][25780][info][gc     ] Using G1
[2025-04-16T12:33:07.228+0000][25780][info][gc,init] Version: 23+37-2369 (release)
[2025-04-16T12:33:07.228+0000][25780][info][gc,init] CPUs: 12 total, 12 available
[2025-04-16T12:33:07.228+0000][25780][info][gc,init] Memory: 7549M
[2025-04-16T12:33:07.228+0000][25780][info][gc,init] Large Page Support: Disabled
[2025-04-16T12:33:07.228+0000][25780][info][gc,init] NUMA Support: Disabled
[2025-04-16T12:33:07.228+0000][25780][info][gc,init] Compressed Oops: Enabled (Zero based)
[2025-04-16T12:33:07.228+0000][25780][info][gc,init] Heap Region Size: 4M
[2025-04-16T12:33:07.228+0000][25780][info][gc,init] Heap Min Capacity: 3776M
[2025-04-16T12:33:07.228+0000][25780][info][gc,init] Heap Initial Capacity: 3776M
[2025-04-16T12:33:07.229+0000][25780][info][gc,init] Heap Max Capacity: 3776M
[2025-04-16T12:33:07.229+0000][25780][info][gc,init] Pre-touch: Enabled
[2025-04-16T12:33:07.229+0000][25780][info][gc,init] Parallel Workers: 10
[2025-04-16T12:33:07.229+0000][25780][info][gc,init] Concurrent Workers: 3
[2025-04-16T12:33:07.229+0000][25780][info][gc,init] Concurrent Refinement Workers: 10
[2025-04-16T12:33:07.229+0000][25780][info][gc,init] Periodic GC: Disabled
[2025-04-16T12:33:07.289+0000][25780][info][gc,metaspace] CDS archive(s) mapped at: [0x00000298b8000000-0x00000298b8d70000-0x00000298b8d70000), size 14090240, SharedBaseAddress: 0x00000298b8000000, ArchiveRelocationMode: 1.
[2025-04-16T12:33:07.289+0000][25780][info][gc,metaspace] Compressed class space mapped at: 0x00000298b9000000-0x00000298f9000000, reserved size: 1073741824
[2025-04-16T12:33:07.289+0000][25780][info][gc,metaspace] Narrow klass base: 0x00000298b8000000, Narrow klass shift: 0, Narrow klass range: 0x41000000
[2025-04-16T12:33:11.291+0000][25780][info][gc,start    ] GC(0) Pause Young (Normal) (G1 Evacuation Pause)
[2025-04-16T12:33:11.293+0000][25780][info][gc,task     ] GC(0) Using 10 workers of 10 for evacuation
[2025-04-16T12:33:11.293+0000][25780][debug][gc,age      ] GC(0) Desired survivor size 12582912 bytes, new threshold 15 (max threshold 15)
[2025-04-16T12:33:11.307+0000][25780][info ][gc,phases   ] GC(0)   Pre Evacuate Collection Set: 0.23ms
[2025-04-16T12:33:11.307+0000][25780][info ][gc,phases   ] GC(0)   Merge Heap Roots: 0.41ms
[2025-04-16T12:33:11.307+0000][25780][info ][gc,phases   ] GC(0)   Evacuate Collection Set: 10.80ms
[2025-04-16T12:33:11.307+0000][25780][info ][gc,phases   ] GC(0)   Post Evacuate Collection Set: 1.70ms
[2025-04-16T12:33:11.307+0000][25780][info ][gc,phases   ] GC(0)   Other: 1.05ms
[2025-04-16T12:33:11.307+0000][25780][trace][gc,age      ] GC(0) Age table:
[2025-04-16T12:33:11.307+0000][25780][trace][gc,age      ] GC(0) - age   1:   14207368 bytes,   14207368 total
[2025-04-16T12:33:11.307+0000][25780][info ][gc,heap     ] GC(0) Eden regions: 47->0(43)
[2025-04-16T12:33:11.307+0000][25780][info ][gc,heap     ] GC(0) Survivor regions: 0->4(6)
[2025-04-16T12:33:11.307+0000][25780][info ][gc,heap     ] GC(0) Old regions: 0->0
[2025-04-16T12:33:11.307+0000][25780][info ][gc,heap     ] GC(0) Humongous regions: 0->0
[2025-04-16T12:33:11.307+0000][25780][info ][gc,metaspace] GC(0) Metaspace: 18708K(19456K)->18708K(19456K) NonClass: 16587K(17024K)->16587K(17024K) Class: 2121K(2432K)->2121K(2432K)
[2025-04-16T12:33:11.307+0000][25780][info ][gc          ] GC(0) Pause Young (Normal) (G1 Evacuation Pause) 188M->14M(3776M) 15.606ms
[2025-04-16T12:33:11.307+0000][25780][info ][gc,cpu      ] GC(0) User=0.05s Sys=0.09s Real=0.02s
[2025-04-16T12:33:11.307+0000][25780][info ][safepoint   ] Safepoint "G1CollectForAllocation", Time since last: 3995563000 ns, Reaching safepoint: 13100 ns, At safepoint: 15694600 ns, Total: 15707700 ns
[2025-04-16T12:33:12.147+0000][25780][info ][gc,start    ] GC(1) Pause Young (Concurrent Start) (Metadata GC Threshold)
[2025-04-16T12:33:12.147+0000][25780][info ][gc,task     ] GC(1) Using 10 workers of 10 for evacuation
[2025-04-16T12:33:12.147+0000][25780][debug][gc,age      ] GC(1) Desired survivor size 12582912 bytes, new threshold 1 (max threshold 15)
[2025-04-16T12:33:12.157+0000][25780][info ][gc,phases   ] GC(1)   Pre Evacuate Collection Set: 0.31ms
[2025-04-16T12:33:12.157+0000][25780][info ][gc,phases   ] GC(1)   Merge Heap Roots: 0.10ms
[2025-04-16T12:33:12.157+0000][25780][info ][gc,phases   ] GC(1)   Evacuate Collection Set: 9.40ms
[2025-04-16T12:33:12.157+0000][25780][info ][gc,phases   ] GC(1)   Post Evacuate Collection Set: 1.25ms
[2025-04-16T12:33:12.157+0000][25780][info ][gc,phases   ] GC(1)   Other: 0.15ms
[2025-04-16T12:33:12.157+0000][25780][trace][gc,age      ] GC(1) Age table:
[2025-04-16T12:33:12.157+0000][25780][trace][gc,age      ] GC(1) - age   1:    1230512 bytes,    1230512 total
[2025-04-16T12:33:12.157+0000][25780][info ][gc,heap     ] GC(1) Eden regions: 17->0(46)
[2025-04-16T12:33:12.157+0000][25780][info ][gc,heap     ] GC(1) Survivor regions: 4->1(6)
[2025-04-16T12:33:12.157+0000][25780][info ][gc,heap     ] GC(1) Old regions: 0->4
[2025-04-16T12:33:12.157+0000][25780][info ][gc,heap     ] GC(1) Humongous regions: 0->0
[2025-04-16T12:33:12.157+0000][25780][info ][gc,metaspace] GC(1) Metaspace: 20780K(21504K)->20780K(21504K) NonClass: 18445K(18880K)->18445K(18880K) Class: 2334K(2624K)->2334K(2624K)
[2025-04-16T12:33:12.157+0000][25780][info ][gc          ] GC(1) Pause Young (Concurrent Start) (Metadata GC Threshold) 80M->16M(3776M) 11.499ms
[2025-04-16T12:33:12.157+0000][25780][info ][gc,cpu      ] GC(1) User=0.08s Sys=0.06s Real=0.01s
[2025-04-16T12:33:12.159+0000][25780][info ][safepoint   ] Safepoint "CollectForMetadataAllocation", Time since last: 839414100 ns, Reaching safepoint: 3400 ns, At safepoint: 11609100 ns, Total: 11612500 ns
[2025-04-16T12:33:12.159+0000][25780][info ][gc          ] GC(2) Concurrent Mark Cycle
[2025-04-16T12:33:12.159+0000][25780][info ][gc,marking  ] GC(2) Concurrent Scan Root Regions
[2025-04-16T12:33:12.162+0000][25780][info ][gc,marking  ] GC(2) Concurrent Scan Root Regions 3.156ms
[2025-04-16T12:33:12.162+0000][25780][info ][gc,marking  ] GC(2) Concurrent Mark
[2025-04-16T12:33:12.162+0000][25780][info ][gc,marking  ] GC(2) Concurrent Mark From Roots
[2025-04-16T12:33:12.162+0000][25780][info ][gc,task     ] GC(2) Using 3 workers of 3 for marking
[2025-04-16T12:33:12.162+0000][25780][info ][gc,marking  ] GC(2) Concurrent Mark From Roots 0.279ms
[2025-04-16T12:33:12.162+0000][25780][info ][gc,marking  ] GC(2) Concurrent Preclean
[2025-04-16T12:33:12.162+0000][25780][info ][gc,marking  ] GC(2) Concurrent Preclean 0.010ms
[2025-04-16T12:33:12.162+0000][25780][info ][gc,start    ] GC(2) Pause Remark
[2025-04-16T12:33:12.164+0000][25780][info ][gc          ] GC(2) Pause Remark 20M->20M(3776M) 2.636ms
[2025-04-16T12:33:12.164+0000][25780][info ][gc,cpu      ] GC(2) User=0.00s Sys=0.00s Real=0.00s
[2025-04-16T12:33:12.164+0000][25780][info ][safepoint   ] Safepoint "G1PauseRemark", Time since last: 3652700 ns, Reaching safepoint: 15000 ns, At safepoint: 2771100 ns, Total: 2786100 ns
[2025-04-16T12:33:12.164+0000][25780][info ][gc,marking  ] GC(2) Concurrent Mark 3.178ms
[2025-04-16T12:33:12.164+0000][25780][info ][gc,marking  ] GC(2) Concurrent Rebuild Remembered Sets and Scrub Regions
[2025-04-16T12:33:12.166+0000][25780][info ][gc,marking  ] GC(2) Concurrent Rebuild Remembered Sets and Scrub Regions 2.376ms
[2025-04-16T12:33:12.167+0000][25780][info ][gc,start    ] GC(2) Pause Cleanup
[2025-04-16T12:33:12.167+0000][25780][info ][gc          ] GC(2) Pause Cleanup 20M->20M(3776M) 0.073ms
[2025-04-16T12:33:12.167+0000][25780][info ][gc,cpu      ] GC(2) User=0.00s Sys=0.00s Real=0.00s
[2025-04-16T12:33:12.167+0000][25780][info ][safepoint   ] Safepoint "G1PauseCleanup", Time since last: 2553400 ns, Reaching safepoint: 15000 ns, At safepoint: 112500 ns, Total: 127500 ns
[2025-04-16T12:33:12.167+0000][25780][info ][gc,marking  ] GC(2) Concurrent Clear Claimed Marks
[2025-04-16T12:33:12.167+0000][25780][info ][gc,marking  ] GC(2) Concurrent Clear Claimed Marks 0.068ms
[2025-04-16T12:33:12.167+0000][25780][info ][gc,marking  ] GC(2) Concurrent Cleanup for Next Mark
[2025-04-16T12:33:12.176+0000][25780][info ][gc,marking  ] GC(2) Concurrent Cleanup for Next Mark 8.327ms
[2025-04-16T12:33:12.176+0000][25780][info ][gc          ] GC(2) Concurrent Mark Cycle 17.744ms
[2025-04-16T12:33:12.968+0000][25780][info ][gc,start    ] GC(3) Pause Young (Normal) (G1 Evacuation Pause)
[2025-04-16T12:33:12.968+0000][25780][info ][gc,task     ] GC(3) Using 10 workers of 10 for evacuation
[2025-04-16T12:33:12.968+0000][25780][debug][gc,age      ] GC(3) Desired survivor size 12582912 bytes, new threshold 15 (max threshold 15)
[2025-04-16T12:33:12.971+0000][25780][info ][gc,phases   ] GC(3)   Pre Evacuate Collection Set: 0.13ms
[2025-04-16T12:33:12.971+0000][25780][info ][gc,phases   ] GC(3)   Merge Heap Roots: 0.28ms
[2025-04-16T12:33:12.971+0000][25780][info ][gc,phases   ] GC(3)   Evacuate Collection Set: 1.38ms
[2025-04-16T12:33:12.972+0000][25780][info ][gc,phases   ] GC(3)   Post Evacuate Collection Set: 0.41ms
[2025-04-16T12:33:12.972+0000][25780][info ][gc,phases   ] GC(3)   Other: 0.09ms
[2025-04-16T12:33:12.972+0000][25780][trace][gc,age      ] GC(3) Age table:
[2025-04-16T12:33:12.972+0000][25780][trace][gc,age      ] GC(3) - age   1:    3071560 bytes,    3071560 total
[2025-04-16T12:33:12.972+0000][25780][trace][gc,age      ] GC(3) - age   2:     418568 bytes,    3490128 total
[2025-04-16T12:33:12.972+0000][25780][info ][gc,heap     ] GC(3) Eden regions: 46->0(46)
[2025-04-16T12:33:12.972+0000][25780][info ][gc,heap     ] GC(3) Survivor regions: 1->1(6)
[2025-04-16T12:33:12.972+0000][25780][info ][gc,heap     ] GC(3) Old regions: 4->4
[2025-04-16T12:33:12.972+0000][25780][info ][gc,heap     ] GC(3) Humongous regions: 0->0
[2025-04-16T12:33:12.972+0000][25780][info ][gc,metaspace] GC(3) Metaspace: 24637K(25536K)->24637K(25536K) NonClass: 21891K(22400K)->21891K(22400K) Class: 2746K(3136K)->2746K(3136K)
[2025-04-16T12:33:12.972+0000][25780][info ][gc          ] GC(3) Pause Young (Normal) (G1 Evacuation Pause) 200M->17M(3776M) 2.606ms
[2025-04-16T12:33:12.972+0000][25780][info ][gc,cpu      ] GC(3) User=0.00s Sys=0.00s Real=0.00s
[2025-04-16T12:33:12.972+0000][25780][info ][safepoint   ] Safepoint "G1CollectForAllocation", Time since last: 801820400 ns, Reaching safepoint: 4600 ns, At safepoint: 2661800 ns, Total: 2666400 ns
[2025-04-16T12:33:13.792+0000][25780][info ][gc,start    ] GC(4) Pause Young (Normal) (G1 Evacuation Pause)
[2025-04-16T12:33:13.792+0000][25780][info ][gc,task     ] GC(4) Using 10 workers of 10 for evacuation
[2025-04-16T12:33:13.792+0000][25780][debug][gc,age      ] GC(4) Desired survivor size 12582912 bytes, new threshold 15 (max threshold 15)
[2025-04-16T12:33:13.796+0000][25780][info ][gc,phases   ] GC(4)   Pre Evacuate Collection Set: 0.15ms
[2025-04-16T12:33:13.796+0000][25780][info ][gc,phases   ] GC(4)   Merge Heap Roots: 0.05ms
[2025-04-16T12:33:13.796+0000][25780][info ][gc,phases   ] GC(4)   Evacuate Collection Set: 3.03ms
[2025-04-16T12:33:13.796+0000][25780][info ][gc,phases   ] GC(4)   Post Evacuate Collection Set: 0.58ms
[2025-04-16T12:33:13.796+0000][25780][info ][gc,phases   ] GC(4)   Other: 0.10ms
[2025-04-16T12:33:13.796+0000][25780][trace][gc,age      ] GC(4) Age table:
[2025-04-16T12:33:13.796+0000][25780][trace][gc,age      ] GC(4) - age   1:    5927984 bytes,    5927984 total
[2025-04-16T12:33:13.796+0000][25780][trace][gc,age      ] GC(4) - age   2:    3021688 bytes,    8949672 total
[2025-04-16T12:33:13.796+0000][25780][trace][gc,age      ] GC(4) - age   3:     417216 bytes,    9366888 total
[2025-04-16T12:33:13.796+0000][25780][info ][gc,heap     ] GC(4) Eden regions: 46->0(44)
[2025-04-16T12:33:13.796+0000][25780][info ][gc,heap     ] GC(4) Survivor regions: 1->3(6)
[2025-04-16T12:33:13.796+0000][25780][info ][gc,heap     ] GC(4) Old regions: 4->4
[2025-04-16T12:33:13.796+0000][25780][info ][gc,heap     ] GC(4) Humongous regions: 0->0
[2025-04-16T12:33:13.796+0000][25780][info ][gc,metaspace] GC(4) Metaspace: 29766K(30656K)->29766K(30656K) NonClass: 26370K(26880K)->26370K(26880K) Class: 3396K(3776K)->3396K(3776K)
[2025-04-16T12:33:13.796+0000][25780][info ][gc          ] GC(4) Pause Young (Normal) (G1 Evacuation Pause) 201M->23M(3776M) 4.200ms
[2025-04-16T12:33:13.796+0000][25780][info ][gc,cpu      ] GC(4) User=0.02s Sys=0.00s Real=0.00s
[2025-04-16T12:33:13.796+0000][25780][info ][safepoint   ] Safepoint "G1CollectForAllocation", Time since last: 820387800 ns, Reaching safepoint: 4800 ns, At safepoint: 4259400 ns, Total: 4264200 ns
[2025-04-16T12:33:14.128+0000][25780][info ][gc,start    ] GC(5) Pause Young (Normal) (G1 Evacuation Pause)
[2025-04-16T12:33:14.128+0000][25780][info ][gc,task     ] GC(5) Using 10 workers of 10 for evacuation
[2025-04-16T12:33:14.128+0000][25780][debug][gc,age      ] GC(5) Desired survivor size 12582912 bytes, new threshold 15 (max threshold 15)
[2025-04-16T12:33:14.131+0000][25780][info ][gc,phases   ] GC(5)   Pre Evacuate Collection Set: 0.12ms
[2025-04-16T12:33:14.131+0000][25780][info ][gc,phases   ] GC(5)   Merge Heap Roots: 0.05ms
[2025-04-16T12:33:14.131+0000][25780][info ][gc,phases   ] GC(5)   Evacuate Collection Set: 2.53ms
[2025-04-16T12:33:14.131+0000][25780][info ][gc,phases   ] GC(5)   Post Evacuate Collection Set: 0.77ms
[2025-04-16T12:33:14.132+0000][25780][info ][gc,phases   ] GC(5)   Other: 0.09ms
[2025-04-16T12:33:14.132+0000][25780][trace][gc,age      ] GC(5) Age table:
[2025-04-16T12:33:14.132+0000][25780][trace][gc,age      ] GC(5) - age   1:    1719224 bytes,    1719224 total
[2025-04-16T12:33:14.132+0000][25780][trace][gc,age      ] GC(5) - age   2:    4438672 bytes,    6157896 total
[2025-04-16T12:33:14.132+0000][25780][trace][gc,age      ] GC(5) - age   3:    3021624 bytes,    9179520 total
[2025-04-16T12:33:14.132+0000][25780][trace][gc,age      ] GC(5) - age   4:     417216 bytes,    9596736 total
[2025-04-16T12:33:14.132+0000][25780][info ][gc,heap     ] GC(5) Eden regions: 44->0(71)
[2025-04-16T12:33:14.132+0000][25780][info ][gc,heap     ] GC(5) Survivor regions: 3->3(6)
[2025-04-16T12:33:14.132+0000][25780][info ][gc,heap     ] GC(5) Old regions: 4->4
[2025-04-16T12:33:14.132+0000][25780][info ][gc,heap     ] GC(5) Humongous regions: 0->0
[2025-04-16T12:33:14.132+0000][25780][info ][gc,metaspace] GC(5) Metaspace: 30195K(31168K)->30195K(31168K) NonClass: 26757K(27328K)->26757K(27328K) Class: 3437K(3840K)->3437K(3840K)
[2025-04-16T12:33:14.132+0000][25780][info ][gc          ] GC(5) Pause Young (Normal) (G1 Evacuation Pause) 199M->23M(3776M) 3.877ms
[2025-04-16T12:33:14.132+0000][25780][info ][gc,cpu      ] GC(5) User=0.00s Sys=0.00s Real=0.00s
[2025-04-16T12:33:14.132+0000][25780][info ][safepoint   ] Safepoint "G1CollectForAllocation", Time since last: 331695700 ns, Reaching safepoint: 3800 ns, At safepoint: 3938300 ns, Total: 3942100 ns
[2025-04-16T12:33:14.580+0000][25780][info ][gc,start    ] GC(6) Pause Young (Normal) (G1 Evacuation Pause)
[2025-04-16T12:33:14.580+0000][25780][info ][gc,task     ] GC(6) Using 10 workers of 10 for evacuation
[2025-04-16T12:33:14.580+0000][25780][debug][gc,age      ] GC(6) Desired survivor size 20971520 bytes, new threshold 15 (max threshold 15)
[2025-04-16T12:33:14.586+0000][25780][info ][gc,phases   ] GC(6)   Pre Evacuate Collection Set: 0.18ms
[2025-04-16T12:33:14.586+0000][25780][info ][gc,phases   ] GC(6)   Merge Heap Roots: 0.08ms
[2025-04-16T12:33:14.586+0000][25780][info ][gc,phases   ] GC(6)   Evacuate Collection Set: 5.61ms
[2025-04-16T12:33:14.586+0000][25780][info ][gc,phases   ] GC(6)   Post Evacuate Collection Set: 0.80ms
[2025-04-16T12:33:14.586+0000][25780][info ][gc,phases   ] GC(6)   Other: 0.10ms
[2025-04-16T12:33:14.586+0000][25780][trace][gc,age      ] GC(6) Age table:
[2025-04-16T12:33:14.586+0000][25780][trace][gc,age      ] GC(6) - age   1:    2799224 bytes,    2799224 total
[2025-04-16T12:33:14.586+0000][25780][trace][gc,age      ] GC(6) - age   2:    1415040 bytes,    4214264 total
[2025-04-16T12:33:14.586+0000][25780][trace][gc,age      ] GC(6) - age   3:    4435408 bytes,    8649672 total
[2025-04-16T12:33:14.586+0000][25780][trace][gc,age      ] GC(6) - age   4:    3021184 bytes,   11670856 total
[2025-04-16T12:33:14.586+0000][25780][trace][gc,age      ] GC(6) - age   5:     417216 bytes,   12088072 total
[2025-04-16T12:33:14.586+0000][25780][info ][gc,heap     ] GC(6) Eden regions: 71->0(62)
[2025-04-16T12:33:14.586+0000][25780][info ][gc,heap     ] GC(6) Survivor regions: 3->4(10)
[2025-04-16T12:33:14.586+0000][25780][info ][gc,heap     ] GC(6) Old regions: 4->4
[2025-04-16T12:33:14.586+0000][25780][info ][gc,heap     ] GC(6) Humongous regions: 0->0
[2025-04-16T12:33:14.586+0000][25780][info ][gc,metaspace] GC(6) Metaspace: 30644K(31616K)->30644K(31616K) NonClass: 27141K(27712K)->27141K(27712K) Class: 3502K(3904K)->3502K(3904K)
[2025-04-16T12:33:14.586+0000][25780][info ][gc          ] GC(6) Pause Young (Normal) (G1 Evacuation Pause) 307M->26M(3776M) 7.158ms
[2025-04-16T12:33:14.586+0000][25780][info ][gc,cpu      ] GC(6) User=0.00s Sys=0.00s Real=0.01s
[2025-04-16T12:33:14.586+0000][25780][info ][safepoint   ] Safepoint "G1CollectForAllocation", Time since last: 447690500 ns, Reaching safepoint: 3600 ns, At safepoint: 7217400 ns, Total: 7221000 ns
[2025-04-16T12:33:15.159+0000][25780][info ][gc,start    ] GC(7) Pause Young (Concurrent Start) (Metadata GC Threshold)
[2025-04-16T12:33:15.159+0000][25780][info ][gc,task     ] GC(7) Using 10 workers of 10 for evacuation
[2025-04-16T12:33:15.159+0000][25780][debug][gc,age      ] GC(7) Desired survivor size 18874368 bytes, new threshold 15 (max threshold 15)
[2025-04-16T12:33:15.165+0000][25780][info ][gc,phases   ] GC(7)   Pre Evacuate Collection Set: 0.30ms
[2025-04-16T12:33:15.165+0000][25780][info ][gc,phases   ] GC(7)   Merge Heap Roots: 0.06ms
[2025-04-16T12:33:15.165+0000][25780][info ][gc,phases   ] GC(7)   Evacuate Collection Set: 4.73ms
[2025-04-16T12:33:15.165+0000][25780][info ][gc,phases   ] GC(7)   Post Evacuate Collection Set: 0.74ms
[2025-04-16T12:33:15.165+0000][25780][info ][gc,phases   ] GC(7)   Other: 0.13ms
[2025-04-16T12:33:15.165+0000][25780][trace][gc,age      ] GC(7) Age table:
[2025-04-16T12:33:15.165+0000][25780][trace][gc,age      ] GC(7) - age   1:    3472824 bytes,    3472824 total
[2025-04-16T12:33:15.165+0000][25780][trace][gc,age      ] GC(7) - age   2:    2636336 bytes,    6109160 total
[2025-04-16T12:33:15.165+0000][25780][trace][gc,age      ] GC(7) - age   3:    1415008 bytes,    7524168 total
[2025-04-16T12:33:15.165+0000][25780][trace][gc,age      ] GC(7) - age   4:    4432480 bytes,   11956648 total
[2025-04-16T12:33:15.165+0000][25780][trace][gc,age      ] GC(7) - age   5:    3019680 bytes,   14976328 total
[2025-04-16T12:33:15.165+0000][25780][trace][gc,age      ] GC(7) - age   6:     417216 bytes,   15393544 total
[2025-04-16T12:33:15.165+0000][25780][info ][gc,heap     ] GC(7) Eden regions: 37->0(86)
[2025-04-16T12:33:15.165+0000][25780][info ][gc,heap     ] GC(7) Survivor regions: 4->5(9)
[2025-04-16T12:33:15.165+0000][25780][info ][gc,heap     ] GC(7) Old regions: 4->4
[2025-04-16T12:33:15.165+0000][25780][info ][gc,heap     ] GC(7) Humongous regions: 0->0
[2025-04-16T12:33:15.165+0000][25780][info ][gc,metaspace] GC(7) Metaspace: 34967K(35968K)->34967K(35968K) NonClass: 31014K(31616K)->31014K(31616K) Class: 3952K(4352K)->3952K(4352K)
[2025-04-16T12:33:15.165+0000][25780][info ][gc          ] GC(7) Pause Young (Concurrent Start) (Metadata GC Threshold) 174M->29M(3776M) 6.268ms
[2025-04-16T12:33:15.165+0000][25780][info ][gc,cpu      ] GC(7) User=0.00s Sys=0.00s Real=0.01s
[2025-04-16T12:33:15.165+0000][25780][info ][gc          ] GC(8) Concurrent Mark Cycle
[2025-04-16T12:33:15.165+0000][25780][info ][gc,marking  ] GC(8) Concurrent Scan Root Regions
[2025-04-16T12:33:15.165+0000][25780][info ][safepoint   ] Safepoint "CollectForMetadataAllocation", Time since last: 572202000 ns, Reaching safepoint: 4100 ns, At safepoint: 6368400 ns, Total: 6372500 ns
[2025-04-16T12:33:15.168+0000][25780][info ][gc,marking  ] GC(8) Concurrent Scan Root Regions 3.111ms
[2025-04-16T12:33:15.168+0000][25780][info ][gc,marking  ] GC(8) Concurrent Mark
[2025-04-16T12:33:15.168+0000][25780][info ][gc,marking  ] GC(8) Concurrent Mark From Roots
[2025-04-16T12:33:15.168+0000][25780][info ][gc,task     ] GC(8) Using 3 workers of 3 for marking
[2025-04-16T12:33:15.175+0000][25780][info ][gc,marking  ] GC(8) Concurrent Mark From Roots 7.417ms
[2025-04-16T12:33:15.175+0000][25780][info ][gc,marking  ] GC(8) Concurrent Preclean
[2025-04-16T12:33:15.175+0000][25780][info ][gc,marking  ] GC(8) Concurrent Preclean 0.082ms
[2025-04-16T12:33:15.175+0000][25780][info ][gc,start    ] GC(8) Pause Remark
[2025-04-16T12:33:15.179+0000][25780][info ][gc          ] GC(8) Pause Remark 32M->32M(3776M) 3.160ms
[2025-04-16T12:33:15.179+0000][25780][info ][gc,cpu      ] GC(8) User=0.00s Sys=0.00s Real=0.00s
[2025-04-16T12:33:15.179+0000][25780][info ][safepoint   ] Safepoint "G1PauseRemark", Time since last: 10858700 ns, Reaching safepoint: 5500 ns, At safepoint: 3250200 ns, Total: 3255700 ns
[2025-04-16T12:33:15.179+0000][25780][info ][gc,marking  ] GC(8) Concurrent Mark 10.903ms
[2025-04-16T12:33:15.179+0000][25780][info ][gc,marking  ] GC(8) Concurrent Rebuild Remembered Sets and Scrub Regions
[2025-04-16T12:33:15.182+0000][25780][info ][gc,marking  ] GC(8) Concurrent Rebuild Remembered Sets and Scrub Regions 2.531ms
[2025-04-16T12:33:15.182+0000][25780][info ][gc,start    ] GC(8) Pause Cleanup
[2025-04-16T12:33:15.183+0000][25780][info ][gc          ] GC(8) Pause Cleanup 32M->32M(3776M) 0.069ms
[2025-04-16T12:33:15.183+0000][25780][info ][gc,cpu      ] GC(8) User=0.00s Sys=0.00s Real=0.00s
[2025-04-16T12:33:15.183+0000][25780][info ][safepoint   ] Safepoint "G1PauseCleanup", Time since last: 2733200 ns, Reaching safepoint: 4800 ns, At safepoint: 110300 ns, Total: 115100 ns
[2025-04-16T12:33:15.183+0000][25780][info ][gc,marking  ] GC(8) Concurrent Clear Claimed Marks
[2025-04-16T12:33:15.183+0000][25780][info ][gc,marking  ] GC(8) Concurrent Clear Claimed Marks 0.092ms
[2025-04-16T12:33:15.183+0000][25780][info ][gc,marking  ] GC(8) Concurrent Cleanup for Next Mark
[2025-04-16T12:33:15.193+0000][25780][info ][gc,marking  ] GC(8) Concurrent Cleanup for Next Mark 10.628ms
[2025-04-16T12:33:15.193+0000][25780][info ][gc          ] GC(8) Concurrent Mark Cycle 27.885ms
[2025-04-16T12:33:16.018+0000][25780][info ][gc,start    ] GC(9) Pause Young (Normal) (G1 Evacuation Pause)
[2025-04-16T12:33:16.018+0000][25780][info ][gc,task     ] GC(9) Using 10 workers of 10 for evacuation
[2025-04-16T12:33:16.018+0000][25780][debug][gc,age      ] GC(9) Desired survivor size 25165824 bytes, new threshold 15 (max threshold 15)
[2025-04-16T12:33:16.030+0000][25780][info ][gc,phases   ] GC(9)   Pre Evacuate Collection Set: 0.15ms
[2025-04-16T12:33:16.031+0000][25780][info ][gc,phases   ] GC(9)   Merge Heap Roots: 0.07ms
[2025-04-16T12:33:16.031+0000][25780][info ][gc,phases   ] GC(9)   Evacuate Collection Set: 10.25ms
[2025-04-16T12:33:16.031+0000][25780][info ][gc,phases   ] GC(9)   Post Evacuate Collection Set: 1.09ms
[2025-04-16T12:33:16.031+0000][25780][info ][gc,phases   ] GC(9)   Other: 0.15ms
[2025-04-16T12:33:16.031+0000][25780][trace][gc,age      ] GC(9) Age table:
[2025-04-16T12:33:16.031+0000][25780][trace][gc,age      ] GC(9) - age   1:    6772264 bytes,    6772264 total
[2025-04-16T12:33:16.031+0000][25780][trace][gc,age      ] GC(9) - age   2:    3441240 bytes,   10213504 total
[2025-04-16T12:33:16.031+0000][25780][trace][gc,age      ] GC(9) - age   3:    2635992 bytes,   12849496 total
[2025-04-16T12:33:16.031+0000][25780][trace][gc,age      ] GC(9) - age   4:    1413408 bytes,   14262904 total
[2025-04-16T12:33:16.031+0000][25780][trace][gc,age      ] GC(9) - age   5:    4428312 bytes,   18691216 total
[2025-04-16T12:33:16.031+0000][25780][trace][gc,age      ] GC(9) - age   6:    3018144 bytes,   21709360 total
[2025-04-16T12:33:16.031+0000][25780][trace][gc,age      ] GC(9) - age   7:     411280 bytes,   22120640 total
[2025-04-16T12:33:16.031+0000][25780][info ][gc,heap     ] GC(9) Eden regions: 86->0(91)
[2025-04-16T12:33:16.031+0000][25780][info ][gc,heap     ] GC(9) Survivor regions: 5->6(12)
[2025-04-16T12:33:16.031+0000][25780][info ][gc,heap     ] GC(9) Old regions: 4->4
[2025-04-16T12:33:16.031+0000][25780][info ][gc,heap     ] GC(9) Humongous regions: 0->0
[2025-04-16T12:33:16.031+0000][25780][info ][gc,metaspace] GC(9) Metaspace: 38483K(39552K)->38483K(39552K) NonClass: 34033K(34688K)->34033K(34688K) Class: 4449K(4864K)->4449K(4864K)
[2025-04-16T12:33:16.031+0000][25780][info ][gc          ] GC(9) Pause Young (Normal) (G1 Evacuation Pause) 373M->36M(3776M) 12.404ms
[2025-04-16T12:33:16.031+0000][25780][info ][gc,cpu      ] GC(9) User=0.02s Sys=0.00s Real=0.01s
[2025-04-16T12:33:16.031+0000][25780][info ][safepoint   ] Safepoint "G1CollectForAllocation", Time since last: 835858200 ns, Reaching safepoint: 7900 ns, At safepoint: 12484100 ns, Total: 12492000 ns
[2025-04-16T12:33:16.736+0000][25780][info ][gc,start    ] GC(10) Pause Young (Normal) (G1 Evacuation Pause)
[2025-04-16T12:33:16.736+0000][25780][info ][gc,task     ] GC(10) Using 10 workers of 10 for evacuation
[2025-04-16T12:33:16.736+0000][25780][debug][gc,age      ] GC(10) Desired survivor size 27262976 bytes, new threshold 15 (max threshold 15)
[2025-04-16T12:33:16.747+0000][25780][info ][gc,phases   ] GC(10)   Pre Evacuate Collection Set: 0.17ms
[2025-04-16T12:33:16.747+0000][25780][info ][gc,phases   ] GC(10)   Merge Heap Roots: 0.08ms
[2025-04-16T12:33:16.747+0000][25780][info ][gc,phases   ] GC(10)   Evacuate Collection Set: 10.14ms
[2025-04-16T12:33:16.747+0000][25780][info ][gc,phases   ] GC(10)   Post Evacuate Collection Set: 0.83ms
[2025-04-16T12:33:16.747+0000][25780][info ][gc,phases   ] GC(10)   Other: 0.13ms
[2025-04-16T12:33:16.747+0000][25780][trace][gc,age      ] GC(10) Age table:
[2025-04-16T12:33:16.747+0000][25780][trace][gc,age      ] GC(10) - age   1:    5222760 bytes,    5222760 total
[2025-04-16T12:33:16.747+0000][25780][trace][gc,age      ] GC(10) - age   2:    6074464 bytes,   11297224 total
[2025-04-16T12:33:16.747+0000][25780][trace][gc,age      ] GC(10) - age   3:    3441144 bytes,   14738368 total
[2025-04-16T12:33:16.747+0000][25780][trace][gc,age      ] GC(10) - age   4:    2633192 bytes,   17371560 total
[2025-04-16T12:33:16.747+0000][25780][trace][gc,age      ] GC(10) - age   5:    1413312 bytes,   18784872 total
[2025-04-16T12:33:16.747+0000][25780][trace][gc,age      ] GC(10) - age   6:    4426808 bytes,   23211680 total
[2025-04-16T12:33:16.747+0000][25780][trace][gc,age      ] GC(10) - age   7:    3016416 bytes,   26228096 total
[2025-04-16T12:33:16.747+0000][25780][trace][gc,age      ] GC(10) - age   8:     392672 bytes,   26620768 total
[2025-04-16T12:33:16.747+0000][25780][info ][gc,heap     ] GC(10) Eden regions: 91->0(107)
[2025-04-16T12:33:16.747+0000][25780][info ][gc,heap     ] GC(10) Survivor regions: 6->8(13)
[2025-04-16T12:33:16.747+0000][25780][info ][gc,heap     ] GC(10) Old regions: 4->4
[2025-04-16T12:33:16.747+0000][25780][info ][gc,heap     ] GC(10) Humongous regions: 0->0
[2025-04-16T12:33:16.747+0000][25780][info ][gc,metaspace] GC(10) Metaspace: 39306K(40512K)->39306K(40512K) NonClass: 34743K(35520K)->34743K(35520K) Class: 4562K(4992K)->4562K(4992K)
[2025-04-16T12:33:16.747+0000][25780][info ][gc          ] GC(10) Pause Young (Normal) (G1 Evacuation Pause) 400M->42M(3776M) 11.758ms
[2025-04-16T12:33:16.747+0000][25780][info ][gc,cpu      ] GC(10) User=0.00s Sys=0.00s Real=0.01s
[2025-04-16T12:33:16.747+0000][25780][info ][safepoint   ] Safepoint "G1CollectForAllocation", Time since last: 705107700 ns, Reaching safepoint: 7300 ns, At safepoint: 11838600 ns, Total: 11845900 ns
[2025-04-16T12:33:18.989+0000][25780][info ][gc,start    ] GC(11) Pause Young (Normal) (G1 Evacuation Pause)
[2025-04-16T12:33:18.989+0000][25780][info ][gc,task     ] GC(11) Using 10 workers of 10 for evacuation
[2025-04-16T12:33:18.989+0000][25780][debug][gc,age      ] GC(11) Desired survivor size 31457280 bytes, new threshold 15 (max threshold 15)
[2025-04-16T12:33:19.006+0000][25780][info ][gc,phases   ] GC(11)   Pre Evacuate Collection Set: 0.18ms
[2025-04-16T12:33:19.006+0000][25780][info ][gc,phases   ] GC(11)   Merge Heap Roots: 0.07ms
[2025-04-16T12:33:19.006+0000][25780][info ][gc,phases   ] GC(11)   Evacuate Collection Set: 14.75ms
[2025-04-16T12:33:19.006+0000][25780][info ][gc,phases   ] GC(11)   Post Evacuate Collection Set: 1.14ms
[2025-04-16T12:33:19.006+0000][25780][info ][gc,phases   ] GC(11)   Other: 0.12ms
[2025-04-16T12:33:19.006+0000][25780][trace][gc,age      ] GC(11) Age table:
[2025-04-16T12:33:19.006+0000][25780][trace][gc,age      ] GC(11) - age   1:    6852056 bytes,    6852056 total
[2025-04-16T12:33:19.006+0000][25780][trace][gc,age      ] GC(11) - age   2:    4519368 bytes,   11371424 total
[2025-04-16T12:33:19.006+0000][25780][trace][gc,age      ] GC(11) - age   3:    6030768 bytes,   17402192 total
[2025-04-16T12:33:19.006+0000][25780][trace][gc,age      ] GC(11) - age   4:    3425360 bytes,   20827552 total
[2025-04-16T12:33:19.006+0000][25780][trace][gc,age      ] GC(11) - age   5:    2621144 bytes,   23448696 total
[2025-04-16T12:33:19.006+0000][25780][trace][gc,age      ] GC(11) - age   6:    1405448 bytes,   24854144 total
[2025-04-16T12:33:19.006+0000][25780][trace][gc,age      ] GC(11) - age   7:    4413848 bytes,   29267992 total
[2025-04-16T12:33:19.006+0000][25780][trace][gc,age      ] GC(11) - age   8:    2832656 bytes,   32100648 total
[2025-04-16T12:33:19.006+0000][25780][trace][gc,age      ] GC(11) - age   9:     392160 bytes,   32492808 total
[2025-04-16T12:33:19.006+0000][25780][info ][gc,heap     ] GC(11) Eden regions: 107->0(122)
[2025-04-16T12:33:19.006+0000][25780][info ][gc,heap     ] GC(11) Survivor regions: 8->9(15)
[2025-04-16T12:33:19.006+0000][25780][info ][gc,heap     ] GC(11) Old regions: 4->4
[2025-04-16T12:33:19.006+0000][25780][info ][gc,heap     ] GC(11) Humongous regions: 0->0
[2025-04-16T12:33:19.006+0000][25780][info ][gc,metaspace] GC(11) Metaspace: 45808K(47168K)->45808K(47168K) NonClass: 40294K(41088K)->40294K(41088K) Class: 5514K(6080K)->5514K(6080K)
[2025-04-16T12:33:19.006+0000][25780][info ][gc          ] GC(11) Pause Young (Normal) (G1 Evacuation Pause) 470M->49M(3776M) 16.577ms
[2025-04-16T12:33:19.006+0000][25780][info ][gc,cpu      ] GC(11) User=0.12s Sys=0.03s Real=0.02s
[2025-04-16T12:33:19.006+0000][25780][info ][safepoint   ] Safepoint "G1CollectForAllocation", Time since last: 2241757300 ns, Reaching safepoint: 5600 ns, At safepoint: 16632700 ns, Total: 16638300 ns
[2025-04-16T12:33:20.309+0000][25780][info ][gc,start    ] GC(12) Pause Young (Concurrent Start) (Metadata GC Threshold)
[2025-04-16T12:33:20.309+0000][25780][info ][gc,task     ] GC(12) Using 10 workers of 10 for evacuation
[2025-04-16T12:33:20.309+0000][25780][debug][gc,age      ] GC(12) Desired survivor size 35651584 bytes, new threshold 15 (max threshold 15)
[2025-04-16T12:33:20.323+0000][25780][info ][gc,phases   ] GC(12)   Pre Evacuate Collection Set: 0.17ms
[2025-04-16T12:33:20.323+0000][25780][info ][gc,phases   ] GC(12)   Merge Heap Roots: 0.06ms
[2025-04-16T12:33:20.323+0000][25780][info ][gc,phases   ] GC(12)   Evacuate Collection Set: 11.09ms
[2025-04-16T12:33:20.323+0000][25780][info ][gc,phases   ] GC(12)   Post Evacuate Collection Set: 1.72ms
[2025-04-16T12:33:20.323+0000][25780][info ][gc,phases   ] GC(12)   Other: 0.11ms
[2025-04-16T12:33:20.323+0000][25780][trace][gc,age      ] GC(12) Age table:
[2025-04-16T12:33:20.323+0000][25780][trace][gc,age      ] GC(12) - age   1:    3002368 bytes,    3002368 total
[2025-04-16T12:33:20.323+0000][25780][trace][gc,age      ] GC(12) - age   2:    6672016 bytes,    9674384 total
[2025-04-16T12:33:20.323+0000][25780][trace][gc,age      ] GC(12) - age   3:    4513960 bytes,   14188344 total
[2025-04-16T12:33:20.323+0000][25780][trace][gc,age      ] GC(12) - age   4:    6028200 bytes,   20216544 total
[2025-04-16T12:33:20.323+0000][25780][trace][gc,age      ] GC(12) - age   5:    3425328 bytes,   23641872 total
[2025-04-16T12:33:20.323+0000][25780][trace][gc,age      ] GC(12) - age   6:    2620592 bytes,   26262464 total
[2025-04-16T12:33:20.323+0000][25780][trace][gc,age      ] GC(12) - age   7:    1404736 bytes,   27667200 total
[2025-04-16T12:33:20.323+0000][25780][trace][gc,age      ] GC(12) - age   8:    4411992 bytes,   32079192 total
[2025-04-16T12:33:20.323+0000][25780][trace][gc,age      ] GC(12) - age   9:    2832416 bytes,   34911608 total
[2025-04-16T12:33:20.323+0000][25780][trace][gc,age      ] GC(12) - age  10:     391920 bytes,   35303528 total
[2025-04-16T12:33:20.323+0000][25780][info ][gc,heap     ] GC(12) Eden regions: 49->0(171)
[2025-04-16T12:33:20.323+0000][25780][info ][gc,heap     ] GC(12) Survivor regions: 9->10(17)
[2025-04-16T12:33:20.323+0000][25780][info ][gc,heap     ] GC(12) Old regions: 4->4
[2025-04-16T12:33:20.323+0000][25780][info ][gc,heap     ] GC(12) Humongous regions: 0->0
[2025-04-16T12:33:20.323+0000][25780][info ][gc,metaspace] GC(12) Metaspace: 58950K(60416K)->58950K(60416K) NonClass: 51665K(52544K)->51665K(52544K) Class: 7285K(7872K)->7285K(7872K)
[2025-04-16T12:33:20.323+0000][25780][info ][gc          ] GC(12) Pause Young (Concurrent Start) (Metadata GC Threshold) 245M->51M(3776M) 13.508ms
[2025-04-16T12:33:20.323+0000][25780][info ][gc          ] GC(13) Concurrent Mark Cycle
[2025-04-16T12:33:20.323+0000][25780][info ][gc,cpu      ] GC(12) User=0.14s Sys=0.02s Real=0.01s
[2025-04-16T12:33:20.323+0000][25780][info ][gc,marking  ] GC(13) Concurrent Scan Root Regions
[2025-04-16T12:33:20.323+0000][25780][info ][safepoint   ] Safepoint "CollectForMetadataAllocation", Time since last: 1303358900 ns, Reaching safepoint: 3100 ns, At safepoint: 13699700 ns, Total: 13702800 ns
[2025-04-16T12:33:20.329+0000][25780][info ][gc,marking  ] GC(13) Concurrent Scan Root Regions 6.132ms
[2025-04-16T12:33:20.329+0000][25780][info ][gc,marking  ] GC(13) Concurrent Mark
[2025-04-16T12:33:20.329+0000][25780][info ][gc,marking  ] GC(13) Concurrent Mark From Roots
[2025-04-16T12:33:20.329+0000][25780][info ][gc,task     ] GC(13) Using 3 workers of 3 for marking
[2025-04-16T12:33:20.339+0000][25780][info ][gc,marking  ] GC(13) Concurrent Mark From Roots 9.258ms
[2025-04-16T12:33:20.339+0000][25780][info ][gc,marking  ] GC(13) Concurrent Preclean
[2025-04-16T12:33:20.339+0000][25780][info ][gc,marking  ] GC(13) Concurrent Preclean 0.102ms
[2025-04-16T12:33:20.339+0000][25780][info ][gc,start    ] GC(13) Pause Remark
[2025-04-16T12:33:20.343+0000][25780][info ][gc          ] GC(13) Pause Remark 55M->55M(3776M) 4.728ms
[2025-04-16T12:33:20.344+0000][25780][info ][gc,cpu      ] GC(13) User=0.02s Sys=0.00s Real=0.01s
[2025-04-16T12:33:20.344+0000][25780][info ][safepoint   ] Safepoint "G1PauseRemark", Time since last: 15586000 ns, Reaching safepoint: 139600 ns, At safepoint: 4873500 ns, Total: 5013100 ns
[2025-04-16T12:33:20.344+0000][25780][info ][gc,marking  ] GC(13) Concurrent Mark 14.520ms
[2025-04-16T12:33:20.344+0000][25780][info ][gc,marking  ] GC(13) Concurrent Rebuild Remembered Sets and Scrub Regions
[2025-04-16T12:33:20.346+0000][25780][info ][gc,marking  ] GC(13) Concurrent Rebuild Remembered Sets and Scrub Regions 2.783ms
[2025-04-16T12:33:20.346+0000][25780][info ][gc,start    ] GC(13) Pause Cleanup
[2025-04-16T12:33:20.347+0000][25780][info ][gc          ] GC(13) Pause Cleanup 55M->55M(3776M) 0.095ms
[2025-04-16T12:33:20.347+0000][25780][info ][gc,cpu      ] GC(13) User=0.00s Sys=0.00s Real=0.00s
[2025-04-16T12:33:20.347+0000][25780][info ][safepoint   ] Safepoint "G1PauseCleanup", Time since last: 2943600 ns, Reaching safepoint: 16200 ns, At safepoint: 148300 ns, Total: 164500 ns
[2025-04-16T12:33:20.347+0000][25780][info ][gc,marking  ] GC(13) Concurrent Clear Claimed Marks
[2025-04-16T12:33:20.347+0000][25780][info ][gc,marking  ] GC(13) Concurrent Clear Claimed Marks 0.221ms
[2025-04-16T12:33:20.347+0000][25780][info ][gc,marking  ] GC(13) Concurrent Cleanup for Next Mark
[2025-04-16T12:33:20.358+0000][25780][info ][gc,marking  ] GC(13) Concurrent Cleanup for Next Mark 10.818ms
[2025-04-16T12:33:20.358+0000][25780][info ][gc          ] GC(13) Concurrent Mark Cycle 35.113ms
