[2025-04-16T12:45:37.637+0000][3680][info][gc,init] CardTable entry size: 512
[2025-04-16T12:45:37.638+0000][3680][info][gc     ] Using G1
[2025-04-16T12:45:39.450+0000][3680][info][gc,init] Version: 23+37-2369 (release)
[2025-04-16T12:45:39.451+0000][3680][info][gc,init] CPUs: 12 total, 12 available
[2025-04-16T12:45:39.451+0000][3680][info][gc,init] Memory: 7549M
[2025-04-16T12:45:39.451+0000][3680][info][gc,init] Large Page Support: Disabled
[2025-04-16T12:45:39.451+0000][3680][info][gc,init] NUMA Support: Disabled
[2025-04-16T12:45:39.451+0000][3680][info][gc,init] Compressed Oops: Enabled (Zero based)
[2025-04-16T12:45:39.451+0000][3680][info][gc,init] Heap Region Size: 4M
[2025-04-16T12:45:39.451+0000][3680][info][gc,init] Heap Min Capacity: 3776M
[2025-04-16T12:45:39.451+0000][3680][info][gc,init] Heap Initial Capacity: 3776M
[2025-04-16T12:45:39.451+0000][3680][info][gc,init] Heap Max Capacity: 3776M
[2025-04-16T12:45:39.451+0000][3680][info][gc,init] Pre-touch: Enabled
[2025-04-16T12:45:39.451+0000][3680][info][gc,init] Parallel Workers: 10
[2025-04-16T12:45:39.451+0000][3680][info][gc,init] Concurrent Workers: 3
[2025-04-16T12:45:39.451+0000][3680][info][gc,init] Concurrent Refinement Workers: 10
[2025-04-16T12:45:39.451+0000][3680][info][gc,init] Periodic GC: Disabled
[2025-04-16T12:45:39.474+0000][3680][info][gc,metaspace] CDS archive(s) mapped at: [0x000001a628000000-0x000001a628d70000-0x000001a628d70000), size 14090240, SharedBaseAddress: 0x000001a628000000, ArchiveRelocationMode: 1.
[2025-04-16T12:45:39.474+0000][3680][info][gc,metaspace] Compressed class space mapped at: 0x000001a629000000-0x000001a669000000, reserved size: 1073741824
[2025-04-16T12:45:39.474+0000][3680][info][gc,metaspace] Narrow klass base: 0x000001a628000000, Narrow klass shift: 0, Narrow klass range: 0x41000000
[2025-04-16T12:45:43.116+0000][3680][info][gc,start    ] GC(0) Pause Young (Normal) (G1 Evacuation Pause)
[2025-04-16T12:45:43.117+0000][3680][info][gc,task     ] GC(0) Using 10 workers of 10 for evacuation
[2025-04-16T12:45:43.117+0000][3680][debug][gc,age      ] GC(0) Desired survivor size 12582912 bytes, new threshold 15 (max threshold 15)
[2025-04-16T12:45:43.127+0000][3680][info ][gc,phases   ] GC(0)   Pre Evacuate Collection Set: 0.24ms
[2025-04-16T12:45:43.127+0000][3680][info ][gc,phases   ] GC(0)   Merge Heap Roots: 0.44ms
[2025-04-16T12:45:43.127+0000][3680][info ][gc,phases   ] GC(0)   Evacuate Collection Set: 7.47ms
[2025-04-16T12:45:43.127+0000][3680][info ][gc,phases   ] GC(0)   Post Evacuate Collection Set: 1.05ms
[2025-04-16T12:45:43.127+0000][3680][info ][gc,phases   ] GC(0)   Other: 0.70ms
[2025-04-16T12:45:43.127+0000][3680][trace][gc,age      ] GC(0) Age table:
[2025-04-16T12:45:43.127+0000][3680][trace][gc,age      ] GC(0) - age   1:   14201856 bytes,   14201856 total
[2025-04-16T12:45:43.127+0000][3680][info ][gc,heap     ] GC(0) Eden regions: 47->0(43)
[2025-04-16T12:45:43.127+0000][3680][info ][gc,heap     ] GC(0) Survivor regions: 0->4(6)
[2025-04-16T12:45:43.127+0000][3680][info ][gc,heap     ] GC(0) Old regions: 0->0
[2025-04-16T12:45:43.127+0000][3680][info ][gc,heap     ] GC(0) Humongous regions: 0->0
[2025-04-16T12:45:43.127+0000][3680][info ][gc,metaspace] GC(0) Metaspace: 18716K(19456K)->18716K(19456K) NonClass: 16598K(17024K)->16598K(17024K) Class: 2118K(2432K)->2118K(2432K)
[2025-04-16T12:45:43.127+0000][3680][info ][gc          ] GC(0) Pause Young (Normal) (G1 Evacuation Pause) 188M->14M(3776M) 11.027ms
[2025-04-16T12:45:43.127+0000][3680][info ][gc,cpu      ] GC(0) User=0.11s Sys=0.05s Real=0.01s
[2025-04-16T12:45:43.127+0000][3680][info ][safepoint   ] Safepoint "G1CollectForAllocation", Time since last: 3636198200 ns, Reaching safepoint: 8800 ns, At safepoint: 11084400 ns, Total: 11093200 ns
[2025-04-16T12:45:44.023+0000][3680][info ][gc,start    ] GC(1) Pause Young (Concurrent Start) (Metadata GC Threshold)
[2025-04-16T12:45:44.023+0000][3680][info ][gc,task     ] GC(1) Using 10 workers of 10 for evacuation
[2025-04-16T12:45:44.023+0000][3680][debug][gc,age      ] GC(1) Desired survivor size 12582912 bytes, new threshold 1 (max threshold 15)
[2025-04-16T12:45:44.031+0000][3680][info ][gc,phases   ] GC(1)   Pre Evacuate Collection Set: 0.38ms
[2025-04-16T12:45:44.031+0000][3680][info ][gc,phases   ] GC(1)   Merge Heap Roots: 0.05ms
[2025-04-16T12:45:44.031+0000][3680][info ][gc,phases   ] GC(1)   Evacuate Collection Set: 7.01ms
[2025-04-16T12:45:44.031+0000][3680][info ][gc,phases   ] GC(1)   Post Evacuate Collection Set: 1.02ms
[2025-04-16T12:45:44.031+0000][3680][info ][gc,phases   ] GC(1)   Other: 0.20ms
[2025-04-16T12:45:44.031+0000][3680][trace][gc,age      ] GC(1) Age table:
[2025-04-16T12:45:44.031+0000][3680][trace][gc,age      ] GC(1) - age   1:    1229840 bytes,    1229840 total
[2025-04-16T12:45:44.031+0000][3680][info ][gc,heap     ] GC(1) Eden regions: 17->0(46)
[2025-04-16T12:45:44.031+0000][3680][info ][gc,heap     ] GC(1) Survivor regions: 4->1(6)
[2025-04-16T12:45:44.031+0000][3680][info ][gc,heap     ] GC(1) Old regions: 0->4
[2025-04-16T12:45:44.031+0000][3680][info ][gc,heap     ] GC(1) Humongous regions: 0->0
[2025-04-16T12:45:44.031+0000][3680][info ][gc,metaspace] GC(1) Metaspace: 20779K(21504K)->20779K(21504K) NonClass: 18447K(18880K)->18447K(18880K) Class: 2332K(2624K)->2332K(2624K)
[2025-04-16T12:45:44.031+0000][3680][info ][gc          ] GC(1) Pause Young (Concurrent Start) (Metadata GC Threshold) 80M->16M(3776M) 8.990ms
[2025-04-16T12:45:44.031+0000][3680][info ][gc,cpu      ] GC(1) User=0.02s Sys=0.02s Real=0.01s
[2025-04-16T12:45:44.031+0000][3680][info ][safepoint   ] Safepoint "CollectForMetadataAllocation", Time since last: 894986400 ns, Reaching safepoint: 5200 ns, At safepoint: 9087900 ns, Total: 9093100 ns
[2025-04-16T12:45:44.031+0000][3680][info ][gc          ] GC(2) Concurrent Mark Cycle
[2025-04-16T12:45:44.031+0000][3680][info ][gc,marking  ] GC(2) Concurrent Scan Root Regions
[2025-04-16T12:45:44.034+0000][3680][info ][gc,marking  ] GC(2) Concurrent Scan Root Regions 3.370ms
[2025-04-16T12:45:44.034+0000][3680][info ][gc,marking  ] GC(2) Concurrent Mark
[2025-04-16T12:45:44.034+0000][3680][info ][gc,marking  ] GC(2) Concurrent Mark From Roots
[2025-04-16T12:45:44.034+0000][3680][info ][gc,task     ] GC(2) Using 3 workers of 3 for marking
[2025-04-16T12:45:44.034+0000][3680][info ][gc,marking  ] GC(2) Concurrent Mark From Roots 0.264ms
[2025-04-16T12:45:44.034+0000][3680][info ][gc,marking  ] GC(2) Concurrent Preclean
[2025-04-16T12:45:44.034+0000][3680][info ][gc,marking  ] GC(2) Concurrent Preclean 0.012ms
[2025-04-16T12:45:44.034+0000][3680][info ][gc,start    ] GC(2) Pause Remark
[2025-04-16T12:45:44.038+0000][3680][info ][gc          ] GC(2) Pause Remark 19M->19M(3776M) 2.346ms
[2025-04-16T12:45:44.038+0000][3680][info ][gc,cpu      ] GC(2) User=0.00s Sys=0.00s Real=0.00s
[2025-04-16T12:45:44.038+0000][3680][info ][safepoint   ] Safepoint "G1PauseRemark", Time since last: 3825800 ns, Reaching safepoint: 14600 ns, At safepoint: 2432600 ns, Total: 2447200 ns
[2025-04-16T12:45:44.038+0000][3680][info ][gc,marking  ] GC(2) Concurrent Mark 2.818ms
[2025-04-16T12:45:44.038+0000][3680][info ][gc,marking  ] GC(2) Concurrent Rebuild Remembered Sets and Scrub Regions
[2025-04-16T12:45:44.040+0000][3680][info ][gc,marking  ] GC(2) Concurrent Rebuild Remembered Sets and Scrub Regions 2.163ms
[2025-04-16T12:45:44.040+0000][3680][info ][gc,start    ] GC(2) Pause Cleanup
[2025-04-16T12:45:44.040+0000][3680][info ][gc          ] GC(2) Pause Cleanup 19M->19M(3776M) 0.087ms
[2025-04-16T12:45:44.040+0000][3680][info ][gc,cpu      ] GC(2) User=0.00s Sys=0.00s Real=0.00s
[2025-04-16T12:45:44.040+0000][3680][info ][safepoint   ] Safepoint "G1PauseCleanup", Time since last: 2331900 ns, Reaching safepoint: 15200 ns, At safepoint: 128300 ns, Total: 143500 ns
[2025-04-16T12:45:44.040+0000][3680][info ][gc,marking  ] GC(2) Concurrent Clear Claimed Marks
[2025-04-16T12:45:44.040+0000][3680][info ][gc,marking  ] GC(2) Concurrent Clear Claimed Marks 0.053ms
[2025-04-16T12:45:44.040+0000][3680][info ][gc,marking  ] GC(2) Concurrent Cleanup for Next Mark
[2025-04-16T12:45:44.048+0000][3680][info ][gc,marking  ] GC(2) Concurrent Cleanup for Next Mark 8.173ms
[2025-04-16T12:45:44.048+0000][3680][info ][gc          ] GC(2) Concurrent Mark Cycle 17.256ms
[2025-04-16T12:45:44.768+0000][3680][info ][gc,start    ] GC(3) Pause Young (Normal) (G1 Evacuation Pause)
[2025-04-16T12:45:44.768+0000][3680][info ][gc,task     ] GC(3) Using 10 workers of 10 for evacuation
[2025-04-16T12:45:44.768+0000][3680][debug][gc,age      ] GC(3) Desired survivor size 12582912 bytes, new threshold 15 (max threshold 15)
[2025-04-16T12:45:44.769+0000][3680][info ][gc,phases   ] GC(3)   Pre Evacuate Collection Set: 0.13ms
[2025-04-16T12:45:44.769+0000][3680][info ][gc,phases   ] GC(3)   Merge Heap Roots: 0.27ms
[2025-04-16T12:45:44.769+0000][3680][info ][gc,phases   ] GC(3)   Evacuate Collection Set: 1.23ms
[2025-04-16T12:45:44.769+0000][3680][info ][gc,phases   ] GC(3)   Post Evacuate Collection Set: 0.37ms
[2025-04-16T12:45:44.769+0000][3680][info ][gc,phases   ] GC(3)   Other: 0.09ms
[2025-04-16T12:45:44.769+0000][3680][trace][gc,age      ] GC(3) Age table:
[2025-04-16T12:45:44.769+0000][3680][trace][gc,age      ] GC(3) - age   1:    3055192 bytes,    3055192 total
[2025-04-16T12:45:44.769+0000][3680][trace][gc,age      ] GC(3) - age   2:     417896 bytes,    3473088 total
[2025-04-16T12:45:44.769+0000][3680][info ][gc,heap     ] GC(3) Eden regions: 46->0(46)
[2025-04-16T12:45:44.769+0000][3680][info ][gc,heap     ] GC(3) Survivor regions: 1->1(6)
[2025-04-16T12:45:44.769+0000][3680][info ][gc,heap     ] GC(3) Old regions: 4->4
[2025-04-16T12:45:44.769+0000][3680][info ][gc,heap     ] GC(3) Humongous regions: 0->0
[2025-04-16T12:45:44.769+0000][3680][info ][gc,metaspace] GC(3) Metaspace: 24672K(25600K)->24672K(25600K) NonClass: 21926K(22464K)->21926K(22464K) Class: 2746K(3136K)->2746K(3136K)
[2025-04-16T12:45:44.769+0000][3680][info ][gc          ] GC(3) Pause Young (Normal) (G1 Evacuation Pause) 200M->17M(3776M) 2.347ms
[2025-04-16T12:45:44.769+0000][3680][info ][gc,cpu      ] GC(3) User=0.00s Sys=0.00s Real=0.00s
[2025-04-16T12:45:44.769+0000][3680][info ][safepoint   ] Safepoint "G1CollectForAllocation", Time since last: 727418000 ns, Reaching safepoint: 4200 ns, At safepoint: 2395100 ns, Total: 2399300 ns
[2025-04-16T12:45:45.491+0000][3680][info ][gc,start    ] GC(4) Pause Young (Normal) (G1 Evacuation Pause)
[2025-04-16T12:45:45.491+0000][3680][info ][gc,task     ] GC(4) Using 10 workers of 10 for evacuation
[2025-04-16T12:45:45.491+0000][3680][debug][gc,age      ] GC(4) Desired survivor size 12582912 bytes, new threshold 15 (max threshold 15)
[2025-04-16T12:45:45.495+0000][3680][info ][gc,phases   ] GC(4)   Pre Evacuate Collection Set: 0.16ms
[2025-04-16T12:45:45.495+0000][3680][info ][gc,phases   ] GC(4)   Merge Heap Roots: 0.07ms
[2025-04-16T12:45:45.495+0000][3680][info ][gc,phases   ] GC(4)   Evacuate Collection Set: 2.95ms
[2025-04-16T12:45:45.495+0000][3680][info ][gc,phases   ] GC(4)   Post Evacuate Collection Set: 0.57ms
[2025-04-16T12:45:45.495+0000][3680][info ][gc,phases   ] GC(4)   Other: 0.10ms
[2025-04-16T12:45:45.495+0000][3680][trace][gc,age      ] GC(4) Age table:
[2025-04-16T12:45:45.495+0000][3680][trace][gc,age      ] GC(4) - age   1:    5971432 bytes,    5971432 total
[2025-04-16T12:45:45.495+0000][3680][trace][gc,age      ] GC(4) - age   2:    3026288 bytes,    8997720 total
[2025-04-16T12:45:45.495+0000][3680][trace][gc,age      ] GC(4) - age   3:     416544 bytes,    9414264 total
[2025-04-16T12:45:45.495+0000][3680][info ][gc,heap     ] GC(4) Eden regions: 46->0(44)
[2025-04-16T12:45:45.495+0000][3680][info ][gc,heap     ] GC(4) Survivor regions: 1->3(6)
[2025-04-16T12:45:45.495+0000][3680][info ][gc,heap     ] GC(4) Old regions: 4->4
[2025-04-16T12:45:45.495+0000][3680][info ][gc,heap     ] GC(4) Humongous regions: 0->0
[2025-04-16T12:45:45.495+0000][3680][info ][gc,metaspace] GC(4) Metaspace: 29749K(30656K)->29749K(30656K) NonClass: 26355K(26880K)->26355K(26880K) Class: 3393K(3776K)->3393K(3776K)
[2025-04-16T12:45:45.495+0000][3680][info ][gc          ] GC(4) Pause Young (Normal) (G1 Evacuation Pause) 201M->23M(3776M) 4.133ms
[2025-04-16T12:45:45.495+0000][3680][info ][gc,cpu      ] GC(4) User=0.00s Sys=0.00s Real=0.00s
[2025-04-16T12:45:45.495+0000][3680][info ][safepoint   ] Safepoint "G1CollectForAllocation", Time since last: 721114000 ns, Reaching safepoint: 6600 ns, At safepoint: 4192000 ns, Total: 4198600 ns
[2025-04-16T12:45:45.792+0000][3680][info ][gc,start    ] GC(5) Pause Young (Normal) (G1 Evacuation Pause)
[2025-04-16T12:45:45.792+0000][3680][info ][gc,task     ] GC(5) Using 10 workers of 10 for evacuation
[2025-04-16T12:45:45.792+0000][3680][debug][gc,age      ] GC(5) Desired survivor size 12582912 bytes, new threshold 15 (max threshold 15)
[2025-04-16T12:45:45.796+0000][3680][info ][gc,phases   ] GC(5)   Pre Evacuate Collection Set: 0.20ms
[2025-04-16T12:45:45.796+0000][3680][info ][gc,phases   ] GC(5)   Merge Heap Roots: 0.06ms
[2025-04-16T12:45:45.796+0000][3680][info ][gc,phases   ] GC(5)   Evacuate Collection Set: 3.16ms
[2025-04-16T12:45:45.796+0000][3680][info ][gc,phases   ] GC(5)   Post Evacuate Collection Set: 1.07ms
[2025-04-16T12:45:45.796+0000][3680][info ][gc,phases   ] GC(5)   Other: 0.14ms
[2025-04-16T12:45:45.796+0000][3680][trace][gc,age      ] GC(5) Age table:
[2025-04-16T12:45:45.796+0000][3680][trace][gc,age      ] GC(5) - age   1:    1716032 bytes,    1716032 total
[2025-04-16T12:45:45.796+0000][3680][trace][gc,age      ] GC(5) - age   2:    4434464 bytes,    6150496 total
[2025-04-16T12:45:45.796+0000][3680][trace][gc,age      ] GC(5) - age   3:    3026160 bytes,    9176656 total
[2025-04-16T12:45:45.796+0000][3680][trace][gc,age      ] GC(5) - age   4:     416544 bytes,    9593200 total
[2025-04-16T12:45:45.796+0000][3680][info ][gc,heap     ] GC(5) Eden regions: 44->0(71)
[2025-04-16T12:45:45.796+0000][3680][info ][gc,heap     ] GC(5) Survivor regions: 3->3(6)
[2025-04-16T12:45:45.796+0000][3680][info ][gc,heap     ] GC(5) Old regions: 4->4
[2025-04-16T12:45:45.796+0000][3680][info ][gc,heap     ] GC(5) Humongous regions: 0->0
[2025-04-16T12:45:45.796+0000][3680][info ][gc,metaspace] GC(5) Metaspace: 30172K(31168K)->30172K(31168K) NonClass: 26738K(27328K)->26738K(27328K) Class: 3434K(3840K)->3434K(3840K)
[2025-04-16T12:45:45.796+0000][3680][info ][gc          ] GC(5) Pause Young (Normal) (G1 Evacuation Pause) 199M->24M(3776M) 5.021ms
[2025-04-16T12:45:45.796+0000][3680][info ][gc,cpu      ] GC(5) User=0.00s Sys=0.02s Real=0.00s
[2025-04-16T12:45:45.796+0000][3680][info ][safepoint   ] Safepoint "G1CollectForAllocation", Time since last: 296521600 ns, Reaching safepoint: 8900 ns, At safepoint: 5102600 ns, Total: 5111500 ns
[2025-04-16T12:45:46.222+0000][3680][info ][gc,start    ] GC(6) Pause Young (Normal) (G1 Evacuation Pause)
[2025-04-16T12:45:46.222+0000][3680][info ][gc,task     ] GC(6) Using 10 workers of 10 for evacuation
[2025-04-16T12:45:46.222+0000][3680][debug][gc,age      ] GC(6) Desired survivor size 20971520 bytes, new threshold 15 (max threshold 15)
[2025-04-16T12:45:46.227+0000][3680][info ][gc,phases   ] GC(6)   Pre Evacuate Collection Set: 0.20ms
[2025-04-16T12:45:46.227+0000][3680][info ][gc,phases   ] GC(6)   Merge Heap Roots: 0.06ms
[2025-04-16T12:45:46.227+0000][3680][info ][gc,phases   ] GC(6)   Evacuate Collection Set: 3.84ms
[2025-04-16T12:45:46.227+0000][3680][info ][gc,phases   ] GC(6)   Post Evacuate Collection Set: 0.63ms
[2025-04-16T12:45:46.227+0000][3680][info ][gc,phases   ] GC(6)   Other: 0.10ms
[2025-04-16T12:45:46.227+0000][3680][trace][gc,age      ] GC(6) Age table:
[2025-04-16T12:45:46.227+0000][3680][trace][gc,age      ] GC(6) - age   1:    2877304 bytes,    2877304 total
[2025-04-16T12:45:46.227+0000][3680][trace][gc,age      ] GC(6) - age   2:    1415152 bytes,    4292456 total
[2025-04-16T12:45:46.227+0000][3680][trace][gc,age      ] GC(6) - age   3:    4431200 bytes,    8723656 total
[2025-04-16T12:45:46.227+0000][3680][trace][gc,age      ] GC(6) - age   4:    3025656 bytes,   11749312 total
[2025-04-16T12:45:46.227+0000][3680][trace][gc,age      ] GC(6) - age   5:     416544 bytes,   12165856 total
[2025-04-16T12:45:46.227+0000][3680][info ][gc,heap     ] GC(6) Eden regions: 71->0(63)
[2025-04-16T12:45:46.227+0000][3680][info ][gc,heap     ] GC(6) Survivor regions: 3->4(10)
[2025-04-16T12:45:46.227+0000][3680][info ][gc,heap     ] GC(6) Old regions: 4->4
[2025-04-16T12:45:46.227+0000][3680][info ][gc,heap     ] GC(6) Humongous regions: 0->0
[2025-04-16T12:45:46.227+0000][3680][info ][gc,metaspace] GC(6) Metaspace: 30622K(31616K)->30622K(31616K) NonClass: 27122K(27712K)->27122K(27712K) Class: 3500K(3904K)->3500K(3904K)
[2025-04-16T12:45:46.227+0000][3680][info ][gc          ] GC(6) Pause Young (Normal) (G1 Evacuation Pause) 308M->26M(3776M) 5.199ms
[2025-04-16T12:45:46.227+0000][3680][info ][gc,cpu      ] GC(6) User=0.00s Sys=0.00s Real=0.01s
[2025-04-16T12:45:46.227+0000][3680][info ][safepoint   ] Safepoint "G1CollectForAllocation", Time since last: 425559700 ns, Reaching safepoint: 3800 ns, At safepoint: 5253100 ns, Total: 5256900 ns
[2025-04-16T12:45:46.813+0000][3680][info ][gc,start    ] GC(7) Pause Young (Concurrent Start) (Metadata GC Threshold)
[2025-04-16T12:45:46.813+0000][3680][info ][gc,task     ] GC(7) Using 10 workers of 10 for evacuation
[2025-04-16T12:45:46.813+0000][3680][debug][gc,age      ] GC(7) Desired survivor size 18874368 bytes, new threshold 15 (max threshold 15)
[2025-04-16T12:45:46.818+0000][3680][info ][gc,phases   ] GC(7)   Pre Evacuate Collection Set: 0.21ms
[2025-04-16T12:45:46.818+0000][3680][info ][gc,phases   ] GC(7)   Merge Heap Roots: 0.06ms
[2025-04-16T12:45:46.818+0000][3680][info ][gc,phases   ] GC(7)   Evacuate Collection Set: 4.98ms
[2025-04-16T12:45:46.818+0000][3680][info ][gc,phases   ] GC(7)   Post Evacuate Collection Set: 0.89ms
[2025-04-16T12:45:46.818+0000][3680][info ][gc,phases   ] GC(7)   Other: 0.10ms
[2025-04-16T12:45:46.818+0000][3680][trace][gc,age      ] GC(7) Age table:
[2025-04-16T12:45:46.818+0000][3680][trace][gc,age      ] GC(7) - age   1:    3477080 bytes,    3477080 total
[2025-04-16T12:45:46.818+0000][3680][trace][gc,age      ] GC(7) - age   2:    2636480 bytes,    6113560 total
[2025-04-16T12:45:46.818+0000][3680][trace][gc,age      ] GC(7) - age   3:    1415120 bytes,    7528680 total
[2025-04-16T12:45:46.818+0000][3680][trace][gc,age      ] GC(7) - age   4:    4428272 bytes,   11956952 total
[2025-04-16T12:45:46.818+0000][3680][trace][gc,age      ] GC(7) - age   5:    3024184 bytes,   14981136 total
[2025-04-16T12:45:46.818+0000][3680][trace][gc,age      ] GC(7) - age   6:     416544 bytes,   15397680 total
[2025-04-16T12:45:46.819+0000][3680][info ][gc,heap     ] GC(7) Eden regions: 37->0(87)
[2025-04-16T12:45:46.819+0000][3680][info ][gc,heap     ] GC(7) Survivor regions: 4->5(9)
[2025-04-16T12:45:46.819+0000][3680][info ][gc,heap     ] GC(7) Old regions: 4->4
[2025-04-16T12:45:46.819+0000][3680][info ][gc,heap     ] GC(7) Humongous regions: 0->0
[2025-04-16T12:45:46.819+0000][3680][info ][gc,metaspace] GC(7) Metaspace: 34980K(35968K)->34980K(35968K) NonClass: 31026K(31616K)->31026K(31616K) Class: 3954K(4352K)->3954K(4352K)
[2025-04-16T12:45:46.819+0000][3680][info ][gc          ] GC(7) Pause Young (Concurrent Start) (Metadata GC Threshold) 174M->30M(3776M) 6.571ms
[2025-04-16T12:45:46.819+0000][3680][info ][gc,cpu      ] GC(7) User=0.00s Sys=0.00s Real=0.01s
[2025-04-16T12:45:46.819+0000][3680][info ][gc          ] GC(8) Concurrent Mark Cycle
[2025-04-16T12:45:46.819+0000][3680][info ][gc,marking  ] GC(8) Concurrent Scan Root Regions
[2025-04-16T12:45:46.819+0000][3680][info ][safepoint   ] Safepoint "CollectForMetadataAllocation", Time since last: 584399400 ns, Reaching safepoint: 5600 ns, At safepoint: 6724600 ns, Total: 6730200 ns
[2025-04-16T12:45:46.822+0000][3680][info ][gc,marking  ] GC(8) Concurrent Scan Root Regions 3.290ms
[2025-04-16T12:45:46.822+0000][3680][info ][gc,marking  ] GC(8) Concurrent Mark
[2025-04-16T12:45:46.822+0000][3680][info ][gc,marking  ] GC(8) Concurrent Mark From Roots
[2025-04-16T12:45:46.822+0000][3680][info ][gc,task     ] GC(8) Using 3 workers of 3 for marking
[2025-04-16T12:45:46.829+0000][3680][info ][gc,marking  ] GC(8) Concurrent Mark From Roots 7.753ms
[2025-04-16T12:45:46.829+0000][3680][info ][gc,marking  ] GC(8) Concurrent Preclean
[2025-04-16T12:45:46.829+0000][3680][info ][gc,marking  ] GC(8) Concurrent Preclean 0.129ms
[2025-04-16T12:45:46.831+0000][3680][info ][gc,start    ] GC(8) Pause Remark
[2025-04-16T12:45:46.834+0000][3680][info ][gc          ] GC(8) Pause Remark 32M->32M(3776M) 4.141ms
[2025-04-16T12:45:46.834+0000][3680][info ][gc,cpu      ] GC(8) User=0.00s Sys=0.00s Real=0.00s
[2025-04-16T12:45:46.834+0000][3680][info ][safepoint   ] Safepoint "G1PauseRemark", Time since last: 11340000 ns, Reaching safepoint: 221200 ns, At safepoint: 4254900 ns, Total: 4476100 ns
[2025-04-16T12:45:46.834+0000][3680][info ][gc,marking  ] GC(8) Concurrent Mark 12.492ms
[2025-04-16T12:45:46.834+0000][3680][info ][gc,marking  ] GC(8) Concurrent Rebuild Remembered Sets and Scrub Regions
[2025-04-16T12:45:46.837+0000][3680][info ][gc,marking  ] GC(8) Concurrent Rebuild Remembered Sets and Scrub Regions 2.525ms
[2025-04-16T12:45:46.837+0000][3680][info ][gc,start    ] GC(8) Pause Cleanup
[2025-04-16T12:45:46.837+0000][3680][info ][gc          ] GC(8) Pause Cleanup 32M->32M(3776M) 0.086ms
[2025-04-16T12:45:46.837+0000][3680][info ][gc,cpu      ] GC(8) User=0.00s Sys=0.00s Real=0.00s
[2025-04-16T12:45:46.837+0000][3680][info ][safepoint   ] Safepoint "G1PauseCleanup", Time since last: 2657900 ns, Reaching safepoint: 4800 ns, At safepoint: 129300 ns, Total: 134100 ns
[2025-04-16T12:45:46.837+0000][3680][info ][gc,marking  ] GC(8) Concurrent Clear Claimed Marks
[2025-04-16T12:45:46.837+0000][3680][info ][gc,marking  ] GC(8) Concurrent Clear Claimed Marks 0.082ms
[2025-04-16T12:45:46.837+0000][3680][info ][gc,marking  ] GC(8) Concurrent Cleanup for Next Mark
[2025-04-16T12:45:46.846+0000][3680][info ][gc,marking  ] GC(8) Concurrent Cleanup for Next Mark 8.071ms
[2025-04-16T12:45:46.846+0000][3680][info ][gc          ] GC(8) Concurrent Mark Cycle 26.968ms
[2025-04-16T12:45:47.738+0000][3680][info ][gc,start    ] GC(9) Pause Young (Normal) (G1 Evacuation Pause)
[2025-04-16T12:45:47.738+0000][3680][info ][gc,task     ] GC(9) Using 10 workers of 10 for evacuation
[2025-04-16T12:45:47.738+0000][3680][debug][gc,age      ] GC(9) Desired survivor size 25165824 bytes, new threshold 15 (max threshold 15)
[2025-04-16T12:45:47.747+0000][3680][info ][gc,phases   ] GC(9)   Pre Evacuate Collection Set: 0.15ms
[2025-04-16T12:45:47.747+0000][3680][info ][gc,phases   ] GC(9)   Merge Heap Roots: 0.06ms
[2025-04-16T12:45:47.747+0000][3680][info ][gc,phases   ] GC(9)   Evacuate Collection Set: 7.19ms
[2025-04-16T12:45:47.747+0000][3680][info ][gc,phases   ] GC(9)   Post Evacuate Collection Set: 0.90ms
[2025-04-16T12:45:47.747+0000][3680][info ][gc,phases   ] GC(9)   Other: 0.13ms
[2025-04-16T12:45:47.747+0000][3680][trace][gc,age      ] GC(9) Age table:
[2025-04-16T12:45:47.747+0000][3680][trace][gc,age      ] GC(9) - age   1:    6875544 bytes,    6875544 total
[2025-04-16T12:45:47.747+0000][3680][trace][gc,age      ] GC(9) - age   2:    3442144 bytes,   10317688 total
[2025-04-16T12:45:47.747+0000][3680][trace][gc,age      ] GC(9) - age   3:    2636136 bytes,   12953824 total
[2025-04-16T12:45:47.747+0000][3680][trace][gc,age      ] GC(9) - age   4:    1413552 bytes,   14367376 total
[2025-04-16T12:45:47.747+0000][3680][trace][gc,age      ] GC(9) - age   5:    4424136 bytes,   18791512 total
[2025-04-16T12:45:47.747+0000][3680][trace][gc,age      ] GC(9) - age   6:    3022616 bytes,   21814128 total
[2025-04-16T12:45:47.747+0000][3680][trace][gc,age      ] GC(9) - age   7:     410608 bytes,   22224736 total
[2025-04-16T12:45:47.747+0000][3680][info ][gc,heap     ] GC(9) Eden regions: 87->0(91)
[2025-04-16T12:45:47.747+0000][3680][info ][gc,heap     ] GC(9) Survivor regions: 5->7(12)
[2025-04-16T12:45:47.747+0000][3680][info ][gc,heap     ] GC(9) Old regions: 4->4
[2025-04-16T12:45:47.747+0000][3680][info ][gc,heap     ] GC(9) Humongous regions: 0->0
[2025-04-16T12:45:47.747+0000][3680][info ][gc,metaspace] GC(9) Metaspace: 38478K(39552K)->38478K(39552K) NonClass: 34032K(34688K)->34032K(34688K) Class: 4446K(4864K)->4446K(4864K)
[2025-04-16T12:45:47.747+0000][3680][info ][gc          ] GC(9) Pause Young (Normal) (G1 Evacuation Pause) 378M->38M(3776M) 8.828ms
[2025-04-16T12:45:47.747+0000][3680][info ][gc,cpu      ] GC(9) User=0.00s Sys=0.00s Real=0.01s
[2025-04-16T12:45:47.747+0000][3680][info ][safepoint   ] Safepoint "G1CollectForAllocation", Time since last: 900986900 ns, Reaching safepoint: 5000 ns, At safepoint: 8891700 ns, Total: 8896700 ns
[2025-04-16T12:45:48.375+0000][3680][info ][gc,start    ] GC(10) Pause Young (Normal) (G1 Evacuation Pause)
[2025-04-16T12:45:48.375+0000][3680][info ][gc,task     ] GC(10) Using 10 workers of 10 for evacuation
[2025-04-16T12:45:48.375+0000][3680][debug][gc,age      ] GC(10) Desired survivor size 27262976 bytes, new threshold 15 (max threshold 15)
[2025-04-16T12:45:48.384+0000][3680][info ][gc,phases   ] GC(10)   Pre Evacuate Collection Set: 0.19ms
[2025-04-16T12:45:48.384+0000][3680][info ][gc,phases   ] GC(10)   Merge Heap Roots: 0.07ms
[2025-04-16T12:45:48.384+0000][3680][info ][gc,phases   ] GC(10)   Evacuate Collection Set: 7.86ms
[2025-04-16T12:45:48.384+0000][3680][info ][gc,phases   ] GC(10)   Post Evacuate Collection Set: 1.03ms
[2025-04-16T12:45:48.384+0000][3680][info ][gc,phases   ] GC(10)   Other: 0.15ms
[2025-04-16T12:45:48.384+0000][3680][trace][gc,age      ] GC(10) Age table:
[2025-04-16T12:45:48.384+0000][3680][trace][gc,age      ] GC(10) - age   1:    4546376 bytes,    4546376 total
[2025-04-16T12:45:48.384+0000][3680][trace][gc,age      ] GC(10) - age   2:    6073016 bytes,   10619392 total
[2025-04-16T12:45:48.384+0000][3680][trace][gc,age      ] GC(10) - age   3:    3442048 bytes,   14061440 total
[2025-04-16T12:45:48.384+0000][3680][trace][gc,age      ] GC(10) - age   4:    2633336 bytes,   16694776 total
[2025-04-16T12:45:48.384+0000][3680][trace][gc,age      ] GC(10) - age   5:    1413456 bytes,   18108232 total
[2025-04-16T12:45:48.384+0000][3680][trace][gc,age      ] GC(10) - age   6:    4422632 bytes,   22530864 total
[2025-04-16T12:45:48.384+0000][3680][trace][gc,age      ] GC(10) - age   7:    3020888 bytes,   25551752 total
[2025-04-16T12:45:48.384+0000][3680][trace][gc,age      ] GC(10) - age   8:     392000 bytes,   25943752 total
[2025-04-16T12:45:48.384+0000][3680][info ][gc,heap     ] GC(10) Eden regions: 91->0(111)
[2025-04-16T12:45:48.384+0000][3680][info ][gc,heap     ] GC(10) Survivor regions: 7->7(13)
[2025-04-16T12:45:48.384+0000][3680][info ][gc,heap     ] GC(10) Old regions: 4->4
[2025-04-16T12:45:48.384+0000][3680][info ][gc,heap     ] GC(10) Humongous regions: 0->0
[2025-04-16T12:45:48.384+0000][3680][info ][gc,metaspace] GC(10) Metaspace: 39300K(40448K)->39300K(40448K) NonClass: 34741K(35456K)->34741K(35456K) Class: 4559K(4992K)->4559K(4992K)
[2025-04-16T12:45:48.384+0000][3680][info ][gc          ] GC(10) Pause Young (Normal) (G1 Evacuation Pause) 402M->40M(3776M) 9.671ms
[2025-04-16T12:45:48.384+0000][3680][info ][gc,cpu      ] GC(10) User=0.00s Sys=0.00s Real=0.01s
[2025-04-16T12:45:48.384+0000][3680][info ][safepoint   ] Safepoint "G1CollectForAllocation", Time since last: 627721900 ns, Reaching safepoint: 8100 ns, At safepoint: 9733800 ns, Total: 9741900 ns
[2025-04-16T12:45:50.733+0000][3680][info ][gc,start    ] GC(11) Pause Young (Normal) (G1 Evacuation Pause)
[2025-04-16T12:45:50.733+0000][3680][info ][gc,task     ] GC(11) Using 10 workers of 10 for evacuation
[2025-04-16T12:45:50.733+0000][3680][debug][gc,age      ] GC(11) Desired survivor size 31457280 bytes, new threshold 15 (max threshold 15)
[2025-04-16T12:45:50.748+0000][3680][info ][gc,phases   ] GC(11)   Pre Evacuate Collection Set: 0.17ms
[2025-04-16T12:45:50.748+0000][3680][info ][gc,phases   ] GC(11)   Merge Heap Roots: 0.08ms
[2025-04-16T12:45:50.748+0000][3680][info ][gc,phases   ] GC(11)   Evacuate Collection Set: 12.68ms
[2025-04-16T12:45:50.748+0000][3680][info ][gc,phases   ] GC(11)   Post Evacuate Collection Set: 1.39ms
[2025-04-16T12:45:50.748+0000][3680][info ][gc,phases   ] GC(11)   Other: 0.13ms
[2025-04-16T12:45:50.748+0000][3680][trace][gc,age      ] GC(11) Age table:
[2025-04-16T12:45:50.748+0000][3680][trace][gc,age      ] GC(11) - age   1:    7023080 bytes,    7023080 total
[2025-04-16T12:45:50.748+0000][3680][trace][gc,age      ] GC(11) - age   2:    4519408 bytes,   11542488 total
[2025-04-16T12:45:50.748+0000][3680][trace][gc,age      ] GC(11) - age   3:    6029208 bytes,   17571696 total
[2025-04-16T12:45:50.748+0000][3680][trace][gc,age      ] GC(11) - age   4:    3426264 bytes,   20997960 total
[2025-04-16T12:45:50.748+0000][3680][trace][gc,age      ] GC(11) - age   5:    2621224 bytes,   23619184 total
[2025-04-16T12:45:50.748+0000][3680][trace][gc,age      ] GC(11) - age   6:    1405624 bytes,   25024808 total
[2025-04-16T12:45:50.748+0000][3680][trace][gc,age      ] GC(11) - age   7:    4409632 bytes,   29434440 total
[2025-04-16T12:45:50.748+0000][3680][trace][gc,age      ] GC(11) - age   8:    2837128 bytes,   32271568 total
[2025-04-16T12:45:50.748+0000][3680][trace][gc,age      ] GC(11) - age   9:     391520 bytes,   32663088 total
[2025-04-16T12:45:50.748+0000][3680][info ][gc,heap     ] GC(11) Eden regions: 111->0(126)
[2025-04-16T12:45:50.748+0000][3680][info ][gc,heap     ] GC(11) Survivor regions: 7->9(15)
[2025-04-16T12:45:50.748+0000][3680][info ][gc,heap     ] GC(11) Old regions: 4->4
[2025-04-16T12:45:50.748+0000][3680][info ][gc,heap     ] GC(11) Humongous regions: 0->0
[2025-04-16T12:45:50.748+0000][3680][info ][gc,metaspace] GC(11) Metaspace: 45825K(47232K)->45825K(47232K) NonClass: 40312K(41152K)->40312K(41152K) Class: 5512K(6080K)->5512K(6080K)
[2025-04-16T12:45:50.748+0000][3680][info ][gc          ] GC(11) Pause Young (Normal) (G1 Evacuation Pause) 484M->47M(3776M) 14.857ms
[2025-04-16T12:45:50.748+0000][3680][info ][gc,cpu      ] GC(11) User=0.00s Sys=0.03s Real=0.01s
[2025-04-16T12:45:50.748+0000][3680][info ][safepoint   ] Safepoint "G1CollectForAllocation", Time since last: 2348040200 ns, Reaching safepoint: 9100 ns, At safepoint: 14926000 ns, Total: 14935100 ns
[2025-04-16T12:45:51.942+0000][3680][info ][gc,start    ] GC(12) Pause Young (Concurrent Start) (Metadata GC Threshold)
[2025-04-16T12:45:51.942+0000][3680][info ][gc,task     ] GC(12) Using 10 workers of 10 for evacuation
[2025-04-16T12:45:51.942+0000][3680][debug][gc,age      ] GC(12) Desired survivor size 35651584 bytes, new threshold 15 (max threshold 15)
[2025-04-16T12:45:51.954+0000][3680][info ][gc,phases   ] GC(12)   Pre Evacuate Collection Set: 0.25ms
[2025-04-16T12:45:51.954+0000][3680][info ][gc,phases   ] GC(12)   Merge Heap Roots: 0.07ms
[2025-04-16T12:45:51.954+0000][3680][info ][gc,phases   ] GC(12)   Evacuate Collection Set: 10.43ms
[2025-04-16T12:45:51.954+0000][3680][info ][gc,phases   ] GC(12)   Post Evacuate Collection Set: 1.21ms
[2025-04-16T12:45:51.954+0000][3680][info ][gc,phases   ] GC(12)   Other: 0.12ms
[2025-04-16T12:45:51.954+0000][3680][trace][gc,age      ] GC(12) Age table:
[2025-04-16T12:45:51.954+0000][3680][trace][gc,age      ] GC(12) - age   1:    2878648 bytes,    2878648 total
[2025-04-16T12:45:51.954+0000][3680][trace][gc,age      ] GC(12) - age   2:    6810736 bytes,    9689384 total
[2025-04-16T12:45:51.954+0000][3680][trace][gc,age      ] GC(12) - age   3:    4514088 bytes,   14203472 total
[2025-04-16T12:45:51.954+0000][3680][trace][gc,age      ] GC(12) - age   4:    6026608 bytes,   20230080 total
[2025-04-16T12:45:51.954+0000][3680][trace][gc,age      ] GC(12) - age   5:    3426232 bytes,   23656312 total
[2025-04-16T12:45:51.954+0000][3680][trace][gc,age      ] GC(12) - age   6:    2620672 bytes,   26276984 total
[2025-04-16T12:45:51.954+0000][3680][trace][gc,age      ] GC(12) - age   7:    1404896 bytes,   27681880 total
[2025-04-16T12:45:51.954+0000][3680][trace][gc,age      ] GC(12) - age   8:    4407776 bytes,   32089656 total
[2025-04-16T12:45:51.954+0000][3680][trace][gc,age      ] GC(12) - age   9:    2836888 bytes,   34926544 total
[2025-04-16T12:45:51.954+0000][3680][trace][gc,age      ] GC(12) - age  10:     391280 bytes,   35317824 total
[2025-04-16T12:45:51.954+0000][3680][info ][gc,heap     ] GC(12) Eden regions: 44->0(178)
[2025-04-16T12:45:51.954+0000][3680][info ][gc,heap     ] GC(12) Survivor regions: 9->10(17)
[2025-04-16T12:45:51.954+0000][3680][info ][gc,heap     ] GC(12) Old regions: 4->4
[2025-04-16T12:45:51.954+0000][3680][info ][gc,heap     ] GC(12) Humongous regions: 0->0
[2025-04-16T12:45:51.954+0000][3680][info ][gc,metaspace] GC(12) Metaspace: 59007K(60480K)->59007K(60480K) NonClass: 51716K(52608K)->51716K(52608K) Class: 7291K(7872K)->7291K(7872K)
[2025-04-16T12:45:51.954+0000][3680][info ][gc          ] GC(12) Pause Young (Concurrent Start) (Metadata GC Threshold) 223M->50M(3776M) 12.504ms
[2025-04-16T12:45:51.954+0000][3680][info ][gc,cpu      ] GC(12) User=0.12s Sys=0.03s Real=0.01s
[2025-04-16T12:45:51.954+0000][3680][info ][gc          ] GC(13) Concurrent Mark Cycle
[2025-04-16T12:45:51.954+0000][3680][info ][gc,marking  ] GC(13) Concurrent Scan Root Regions
[2025-04-16T12:45:51.954+0000][3680][info ][safepoint   ] Safepoint "CollectForMetadataAllocation", Time since last: 1194016300 ns, Reaching safepoint: 3600 ns, At safepoint: 12607400 ns, Total: 12611000 ns
[2025-04-16T12:45:51.960+0000][3680][info ][gc,marking  ] GC(13) Concurrent Scan Root Regions 5.263ms
[2025-04-16T12:45:51.960+0000][3680][info ][gc,marking  ] GC(13) Concurrent Mark
[2025-04-16T12:45:51.960+0000][3680][info ][gc,marking  ] GC(13) Concurrent Mark From Roots
[2025-04-16T12:45:51.960+0000][3680][info ][gc,task     ] GC(13) Using 3 workers of 3 for marking
[2025-04-16T12:45:51.966+0000][3680][info ][gc,marking  ] GC(13) Concurrent Mark From Roots 6.697ms
[2025-04-16T12:45:51.966+0000][3680][info ][gc,marking  ] GC(13) Concurrent Preclean
[2025-04-16T12:45:51.966+0000][3680][info ][gc,marking  ] GC(13) Concurrent Preclean 0.133ms
[2025-04-16T12:45:51.966+0000][3680][info ][gc,start    ] GC(13) Pause Remark
[2025-04-16T12:45:51.970+0000][3680][info ][gc          ] GC(13) Pause Remark 54M->54M(3776M) 3.509ms
[2025-04-16T12:45:51.970+0000][3680][info ][gc,cpu      ] GC(13) User=0.14s Sys=0.03s Real=0.00s
[2025-04-16T12:45:51.970+0000][3680][info ][safepoint   ] Safepoint "G1PauseRemark", Time since last: 12277700 ns, Reaching safepoint: 5100 ns, At safepoint: 3615700 ns, Total: 3620800 ns
[2025-04-16T12:45:51.970+0000][3680][info ][gc,marking  ] GC(13) Concurrent Mark 10.628ms
[2025-04-16T12:45:51.970+0000][3680][info ][gc,marking  ] GC(13) Concurrent Rebuild Remembered Sets and Scrub Regions
[2025-04-16T12:45:51.973+0000][3680][info ][gc,marking  ] GC(13) Concurrent Rebuild Remembered Sets and Scrub Regions 2.490ms
[2025-04-16T12:45:51.973+0000][3680][info ][gc,start    ] GC(13) Pause Cleanup
[2025-04-16T12:45:51.973+0000][3680][info ][gc          ] GC(13) Pause Cleanup 54M->54M(3776M) 0.081ms
[2025-04-16T12:45:51.973+0000][3680][info ][gc,cpu      ] GC(13) User=0.00s Sys=0.00s Real=0.00s
[2025-04-16T12:45:51.973+0000][3680][info ][safepoint   ] Safepoint "G1PauseCleanup", Time since last: 2650600 ns, Reaching safepoint: 3900 ns, At safepoint: 120600 ns, Total: 124500 ns
[2025-04-16T12:45:51.973+0000][3680][info ][gc,marking  ] GC(13) Concurrent Clear Claimed Marks
[2025-04-16T12:45:51.973+0000][3680][info ][gc,marking  ] GC(13) Concurrent Clear Claimed Marks 0.119ms
[2025-04-16T12:45:51.973+0000][3680][info ][gc,marking  ] GC(13) Concurrent Cleanup for Next Mark
[2025-04-16T12:45:51.981+0000][3680][info ][gc,marking  ] GC(13) Concurrent Cleanup for Next Mark 7.891ms
[2025-04-16T12:45:51.981+0000][3680][info ][gc          ] GC(13) Concurrent Mark Cycle 26.899ms
[2025-04-16T12:45:55.574+0000][3680][info ][gc,start    ] GC(14) Pause Young (Normal) (G1 Evacuation Pause)
[2025-04-16T12:45:55.574+0000][3680][info ][gc,task     ] GC(14) Using 10 workers of 10 for evacuation
[2025-04-16T12:45:55.574+0000][3680][debug][gc,age      ] GC(14) Desired survivor size 50331648 bytes, new threshold 15 (max threshold 15)
[2025-04-16T12:45:55.593+0000][3680][info ][gc,phases   ] GC(14)   Pre Evacuate Collection Set: 0.16ms
[2025-04-16T12:45:55.593+0000][3680][info ][gc,phases   ] GC(14)   Merge Heap Roots: 0.09ms
[2025-04-16T12:45:55.593+0000][3680][info ][gc,phases   ] GC(14)   Evacuate Collection Set: 16.79ms
[2025-04-16T12:45:55.593+0000][3680][info ][gc,phases   ] GC(14)   Post Evacuate Collection Set: 1.69ms
[2025-04-16T12:45:55.593+0000][3680][info ][gc,phases   ] GC(14)   Other: 0.11ms
[2025-04-16T12:45:55.593+0000][3680][trace][gc,age      ] GC(14) Age table:
[2025-04-16T12:45:55.593+0000][3680][trace][gc,age      ] GC(14) - age   1:   11740224 bytes,   11740224 total
[2025-04-16T12:45:55.593+0000][3680][trace][gc,age      ] GC(14) - age   2:    2654944 bytes,   14395168 total
[2025-04-16T12:45:55.593+0000][3680][trace][gc,age      ] GC(14) - age   3:    6623824 bytes,   21018992 total
[2025-04-16T12:45:55.593+0000][3680][trace][gc,age      ] GC(14) - age   4:    4472984 bytes,   25491976 total
[2025-04-16T12:45:55.593+0000][3680][trace][gc,age      ] GC(14) - age   5:    6015792 bytes,   31507768 total
[2025-04-16T12:45:55.593+0000][3680][trace][gc,age      ] GC(14) - age   6:    3421688 bytes,   34929456 total
[2025-04-16T12:45:55.593+0000][3680][trace][gc,age      ] GC(14) - age   7:    2612720 bytes,   37542176 total
[2025-04-16T12:45:55.593+0000][3680][trace][gc,age      ] GC(14) - age   8:    1399704 bytes,   38941880 total
[2025-04-16T12:45:55.593+0000][3680][trace][gc,age      ] GC(14) - age   9:    4381216 bytes,   43323096 total
[2025-04-16T12:45:55.593+0000][3680][trace][gc,age      ] GC(14) - age  10:    2830048 bytes,   46153144 total
[2025-04-16T12:45:55.593+0000][3680][trace][gc,age      ] GC(14) - age  11:     385968 bytes,   46539112 total
[2025-04-16T12:45:55.593+0000][3680][info ][gc,heap     ] GC(14) Eden regions: 178->0(165)
[2025-04-16T12:45:55.593+0000][3680][info ][gc,heap     ] GC(14) Survivor regions: 10->13(24)
[2025-04-16T12:45:55.593+0000][3680][info ][gc,heap     ] GC(14) Old regions: 4->4
[2025-04-16T12:45:55.593+0000][3680][info ][gc,heap     ] GC(14) Humongous regions: 0->0
[2025-04-16T12:45:55.593+0000][3680][info ][gc,metaspace] GC(14) Metaspace: 77773K(79680K)->77773K(79680K) NonClass: 67302K(68416K)->67302K(68416K) Class: 10470K(11264K)->10470K(11264K)
[2025-04-16T12:45:55.593+0000][3680][info ][gc          ] GC(14) Pause Young (Normal) (G1 Evacuation Pause) 762M->63M(3776M) 19.189ms
[2025-04-16T12:45:55.593+0000][3680][info ][gc,cpu      ] GC(14) User=0.17s Sys=0.02s Real=0.02s
[2025-04-16T12:45:55.593+0000][3680][info ][safepoint   ] Safepoint "G1CollectForAllocation", Time since last: 3600729500 ns, Reaching safepoint: 4200 ns, At safepoint: 19244200 ns, Total: 19248400 ns
[2025-04-16T12:45:58.001+0000][3680][info ][gc,start    ] GC(15) Pause Young (Concurrent Start) (Metadata GC Threshold)
[2025-04-16T12:45:58.002+0000][3680][info ][gc,task     ] GC(15) Using 10 workers of 10 for evacuation
[2025-04-16T12:45:58.002+0000][3680][debug][gc,age      ] GC(15) Desired survivor size 48234496 bytes, new threshold 15 (max threshold 15)
[2025-04-16T12:45:58.023+0000][3680][info ][gc,phases   ] GC(15)   Pre Evacuate Collection Set: 0.22ms
[2025-04-16T12:45:58.023+0000][3680][info ][gc,phases   ] GC(15)   Merge Heap Roots: 0.07ms
[2025-04-16T12:45:58.023+0000][3680][info ][gc,phases   ] GC(15)   Evacuate Collection Set: 19.87ms
[2025-04-16T12:45:58.023+0000][3680][info ][gc,phases   ] GC(15)   Post Evacuate Collection Set: 1.89ms
[2025-04-16T12:45:58.023+0000][3680][info ][gc,phases   ] GC(15)   Other: 0.14ms
[2025-04-16T12:45:58.023+0000][3680][trace][gc,age      ] GC(15) Age table:
[2025-04-16T12:45:58.023+0000][3680][trace][gc,age      ] GC(15) - age   1:    8363104 bytes,    8363104 total
[2025-04-16T12:45:58.023+0000][3680][trace][gc,age      ] GC(15) - age   2:   11306496 bytes,   19669600 total
[2025-04-16T12:45:58.023+0000][3680][trace][gc,age      ] GC(15) - age   3:    2636672 bytes,   22306272 total
[2025-04-16T12:45:58.023+0000][3680][trace][gc,age      ] GC(15) - age   4:    6548568 bytes,   28854840 total
[2025-04-16T12:45:58.024+0000][3680][trace][gc,age      ] GC(15) - age   5:    4464536 bytes,   33319376 total
[2025-04-16T12:45:58.024+0000][3680][trace][gc,age      ] GC(15) - age   6:    5998432 bytes,   39317808 total
[2025-04-16T12:45:58.024+0000][3680][trace][gc,age      ] GC(15) - age   7:    3411392 bytes,   42729200 total
[2025-04-16T12:45:58.024+0000][3680][trace][gc,age      ] GC(15) - age   8:    2609096 bytes,   45338296 total
[2025-04-16T12:45:58.024+0000][3680][trace][gc,age      ] GC(15) - age   9:    1397280 bytes,   46735576 total
[2025-04-16T12:45:58.024+0000][3680][trace][gc,age      ] GC(15) - age  10:    4374312 bytes,   51109888 total
[2025-04-16T12:45:58.024+0000][3680][trace][gc,age      ] GC(15) - age  11:    2825056 bytes,   53934944 total
[2025-04-16T12:45:58.024+0000][3680][trace][gc,age      ] GC(15) - age  12:     378488 bytes,   54313432 total
[2025-04-16T12:45:58.024+0000][3680][info ][gc,heap     ] GC(15) Eden regions: 53->0(225)
[2025-04-16T12:45:58.024+0000][3680][info ][gc,heap     ] GC(15) Survivor regions: 13->15(23)
[2025-04-16T12:45:58.024+0000][3680][info ][gc,heap     ] GC(15) Old regions: 4->4
[2025-04-16T12:45:58.024+0000][3680][info ][gc,heap     ] GC(15) Humongous regions: 0->0
[2025-04-16T12:45:58.024+0000][3680][info ][gc,metaspace] GC(15) Metaspace: 99101K(101120K)->99101K(101120K) NonClass: 85580K(86720K)->85580K(86720K) Class: 13520K(14400K)->13520K(14400K)
[2025-04-16T12:45:58.024+0000][3680][info ][gc          ] GC(15) Pause Young (Concurrent Start) (Metadata GC Threshold) 273M->72M(3776M) 22.546ms
[2025-04-16T12:45:58.024+0000][3680][info ][gc,cpu      ] GC(15) User=0.16s Sys=0.02s Real=0.02s
[2025-04-16T12:45:58.024+0000][3680][info ][gc          ] GC(16) Concurrent Mark Cycle
[2025-04-16T12:45:58.024+0000][3680][info ][gc,marking  ] GC(16) Concurrent Scan Root Regions
[2025-04-16T12:45:58.024+0000][3680][info ][safepoint   ] Safepoint "CollectForMetadataAllocation", Time since last: 2408452800 ns, Reaching safepoint: 4200 ns, At safepoint: 22641200 ns, Total: 22645400 ns
[2025-04-16T12:45:58.034+0000][3680][info ][gc,marking  ] GC(16) Concurrent Scan Root Regions 10.290ms
[2025-04-16T12:45:58.034+0000][3680][info ][gc,marking  ] GC(16) Concurrent Mark
[2025-04-16T12:45:58.034+0000][3680][info ][gc,marking  ] GC(16) Concurrent Mark From Roots
[2025-04-16T12:45:58.034+0000][3680][info ][gc,task     ] GC(16) Using 3 workers of 3 for marking
[2025-04-16T12:45:58.042+0000][3680][info ][gc,marking  ] GC(16) Concurrent Mark From Roots 7.168ms
[2025-04-16T12:45:58.042+0000][3680][info ][gc,marking  ] GC(16) Concurrent Preclean
[2025-04-16T12:45:58.042+0000][3680][info ][gc,marking  ] GC(16) Concurrent Preclean 0.058ms
[2025-04-16T12:45:58.042+0000][3680][info ][gc,start    ] GC(16) Pause Remark
[2025-04-16T12:45:58.046+0000][3680][info ][gc          ] GC(16) Pause Remark 76M->76M(3776M) 3.688ms
[2025-04-16T12:45:58.046+0000][3680][info ][gc,cpu      ] GC(16) User=0.00s Sys=0.02s Real=0.00s
[2025-04-16T12:45:58.046+0000][3680][info ][safepoint   ] Safepoint "G1PauseRemark", Time since last: 17624500 ns, Reaching safepoint: 256100 ns, At safepoint: 3785200 ns, Total: 4041300 ns
[2025-04-16T12:45:58.046+0000][3680][info ][gc,marking  ] GC(16) Concurrent Mark 11.376ms
[2025-04-16T12:45:58.046+0000][3680][info ][gc,marking  ] GC(16) Concurrent Rebuild Remembered Sets and Scrub Regions
[2025-04-16T12:45:58.048+0000][3680][info ][gc,marking  ] GC(16) Concurrent Rebuild Remembered Sets and Scrub Regions 2.343ms
[2025-04-16T12:45:58.048+0000][3680][info ][gc,start    ] GC(16) Pause Cleanup
[2025-04-16T12:45:58.048+0000][3680][info ][gc          ] GC(16) Pause Cleanup 76M->76M(3776M) 0.085ms
[2025-04-16T12:45:58.048+0000][3680][info ][gc,cpu      ] GC(16) User=0.00s Sys=0.00s Real=0.00s
[2025-04-16T12:45:58.048+0000][3680][info ][safepoint   ] Safepoint "G1PauseCleanup", Time since last: 2508000 ns, Reaching safepoint: 6900 ns, At safepoint: 130400 ns, Total: 137300 ns
[2025-04-16T12:45:58.048+0000][3680][info ][gc,marking  ] GC(16) Concurrent Clear Claimed Marks
[2025-04-16T12:45:58.048+0000][3680][info ][gc,marking  ] GC(16) Concurrent Clear Claimed Marks 0.138ms
[2025-04-16T12:45:58.048+0000][3680][info ][gc,marking  ] GC(16) Concurrent Cleanup for Next Mark
[2025-04-16T12:45:58.056+0000][3680][info ][gc,marking  ] GC(16) Concurrent Cleanup for Next Mark 7.707ms
[2025-04-16T12:45:58.056+0000][3680][info ][gc          ] GC(16) Concurrent Mark Cycle 32.369ms
