[2025-04-16T10:00:10.502+0000][12912][info][gc,init] CardTable entry size: 512
[2025-04-16T10:00:10.504+0000][12912][info][gc     ] Using G1
[2025-04-16T10:00:12.771+0000][12912][info][gc,init] Version: 23+37-2369 (release)
[2025-04-16T10:00:12.772+0000][12912][info][gc,init] CPUs: 12 total, 12 available
[2025-04-16T10:00:12.772+0000][12912][info][gc,init] Memory: 7549M
[2025-04-16T10:00:12.772+0000][12912][info][gc,init] Large Page Support: Disabled
[2025-04-16T10:00:12.772+0000][12912][info][gc,init] NUMA Support: Disabled
[2025-04-16T10:00:12.772+0000][12912][info][gc,init] Compressed Oops: Enabled (Zero based)
[2025-04-16T10:00:12.772+0000][12912][info][gc,init] Heap Region Size: 4M
[2025-04-16T10:00:12.772+0000][12912][info][gc,init] Heap Min Capacity: 3776M
[2025-04-16T10:00:12.772+0000][12912][info][gc,init] Heap Initial Capacity: 3776M
[2025-04-16T10:00:12.772+0000][12912][info][gc,init] Heap Max Capacity: 3776M
[2025-04-16T10:00:12.772+0000][12912][info][gc,init] Pre-touch: Enabled
[2025-04-16T10:00:12.772+0000][12912][info][gc,init] Parallel Workers: 10
[2025-04-16T10:00:12.772+0000][12912][info][gc,init] Concurrent Workers: 3
[2025-04-16T10:00:12.772+0000][12912][info][gc,init] Concurrent Refinement Workers: 10
[2025-04-16T10:00:12.772+0000][12912][info][gc,init] Periodic GC: Disabled
[2025-04-16T10:00:12.810+0000][12912][info][gc,metaspace] CDS archive(s) mapped at: [0x000002501c000000-0x000002501cd70000-0x000002501cd70000), size 14090240, SharedBaseAddress: 0x000002501c000000, ArchiveRelocationMode: 1.
[2025-04-16T10:00:12.811+0000][12912][info][gc,metaspace] Compressed class space mapped at: 0x000002501d000000-0x000002505d000000, reserved size: 1073741824
[2025-04-16T10:00:12.811+0000][12912][info][gc,metaspace] Narrow klass base: 0x000002501c000000, Narrow klass shift: 0, Narrow klass range: 0x41000000
[2025-04-16T10:00:17.518+0000][12912][info][gc,start    ] GC(0) Pause Young (Normal) (G1 Evacuation Pause)
[2025-04-16T10:00:17.519+0000][12912][info][gc,task     ] GC(0) Using 10 workers of 10 for evacuation
[2025-04-16T10:00:17.519+0000][12912][debug][gc,age      ] GC(0) Desired survivor size 12582912 bytes, new threshold 15 (max threshold 15)
[2025-04-16T10:00:17.530+0000][12912][info ][gc,phases   ] GC(0)   Pre Evacuate Collection Set: 0.38ms
[2025-04-16T10:00:17.530+0000][12912][info ][gc,phases   ] GC(0)   Merge Heap Roots: 0.38ms
[2025-04-16T10:00:17.530+0000][12912][info ][gc,phases   ] GC(0)   Evacuate Collection Set: 9.00ms
[2025-04-16T10:00:17.530+0000][12912][info ][gc,phases   ] GC(0)   Post Evacuate Collection Set: 1.10ms
[2025-04-16T10:00:17.530+0000][12912][info ][gc,phases   ] GC(0)   Other: 0.78ms
[2025-04-16T10:00:17.530+0000][12912][trace][gc,age      ] GC(0) Age table:
[2025-04-16T10:00:17.531+0000][12912][trace][gc,age      ] GC(0) - age   1:   14232808 bytes,   14232808 total
[2025-04-16T10:00:17.531+0000][12912][info ][gc,heap     ] GC(0) Eden regions: 47->0(43)
[2025-04-16T10:00:17.531+0000][12912][info ][gc,heap     ] GC(0) Survivor regions: 0->4(6)
[2025-04-16T10:00:17.531+0000][12912][info ][gc,heap     ] GC(0) Old regions: 0->0
[2025-04-16T10:00:17.531+0000][12912][info ][gc,heap     ] GC(0) Humongous regions: 0->0
[2025-04-16T10:00:17.531+0000][12912][info ][gc,metaspace] GC(0) Metaspace: 18721K(19456K)->18721K(19456K) NonClass: 16603K(17024K)->16603K(17024K) Class: 2118K(2432K)->2118K(2432K)
[2025-04-16T10:00:17.531+0000][12912][info ][gc          ] GC(0) Pause Young (Normal) (G1 Evacuation Pause) 188M->14M(3776M) 12.688ms
[2025-04-16T10:00:17.531+0000][12912][info ][gc,cpu      ] GC(0) User=0.08s Sys=0.08s Real=0.01s
[2025-04-16T10:00:17.531+0000][12912][info ][safepoint   ] Safepoint "G1CollectForAllocation", Time since last: 4701710400 ns, Reaching safepoint: 8000 ns, At safepoint: 12744900 ns, Total: 12752900 ns
[2025-04-16T10:00:18.551+0000][12912][info ][gc,start    ] GC(1) Pause Young (Concurrent Start) (Metadata GC Threshold)
[2025-04-16T10:00:18.551+0000][12912][info ][gc,task     ] GC(1) Using 10 workers of 10 for evacuation
[2025-04-16T10:00:18.551+0000][12912][debug][gc,age      ] GC(1) Desired survivor size 12582912 bytes, new threshold 1 (max threshold 15)
[2025-04-16T10:00:18.568+0000][12912][info ][gc,phases   ] GC(1)   Pre Evacuate Collection Set: 0.28ms
[2025-04-16T10:00:18.568+0000][12912][info ][gc,phases   ] GC(1)   Merge Heap Roots: 0.04ms
[2025-04-16T10:00:18.568+0000][12912][info ][gc,phases   ] GC(1)   Evacuate Collection Set: 14.77ms
[2025-04-16T10:00:18.568+0000][12912][info ][gc,phases   ] GC(1)   Post Evacuate Collection Set: 1.00ms
[2025-04-16T10:00:18.568+0000][12912][info ][gc,phases   ] GC(1)   Other: 0.19ms
[2025-04-16T10:00:18.568+0000][12912][trace][gc,age      ] GC(1) Age table:
[2025-04-16T10:00:18.568+0000][12912][trace][gc,age      ] GC(1) - age   1:    1231696 bytes,    1231696 total
[2025-04-16T10:00:18.568+0000][12912][info ][gc,heap     ] GC(1) Eden regions: 18->0(46)
[2025-04-16T10:00:18.568+0000][12912][info ][gc,heap     ] GC(1) Survivor regions: 4->1(6)
[2025-04-16T10:00:18.568+0000][12912][info ][gc,heap     ] GC(1) Old regions: 0->4
[2025-04-16T10:00:18.568+0000][12912][info ][gc,heap     ] GC(1) Humongous regions: 0->0
[2025-04-16T10:00:18.568+0000][12912][info ][gc,metaspace] GC(1) Metaspace: 20781K(21504K)->20781K(21504K) NonClass: 18450K(18880K)->18450K(18880K) Class: 2330K(2624K)->2330K(2624K)
[2025-04-16T10:00:18.569+0000][12912][info ][gc          ] GC(1) Pause Young (Concurrent Start) (Metadata GC Threshold) 84M->16M(3776M) 16.603ms
[2025-04-16T10:00:18.569+0000][12912][info ][gc,cpu      ] GC(1) User=0.09s Sys=0.03s Real=0.02s
[2025-04-16T10:00:18.569+0000][12912][info ][gc          ] GC(2) Concurrent Mark Cycle
[2025-04-16T10:00:18.569+0000][12912][info ][gc,marking  ] GC(2) Concurrent Scan Root Regions
[2025-04-16T10:00:18.569+0000][12912][info ][safepoint   ] Safepoint "CollectForMetadataAllocation", Time since last: 1020619100 ns, Reaching safepoint: 15600 ns, At safepoint: 16795200 ns, Total: 16810800 ns
[2025-04-16T10:00:18.573+0000][12912][info ][gc,marking  ] GC(2) Concurrent Scan Root Regions 4.125ms
[2025-04-16T10:00:18.573+0000][12912][info ][gc,marking  ] GC(2) Concurrent Mark
[2025-04-16T10:00:18.573+0000][12912][info ][gc,marking  ] GC(2) Concurrent Mark From Roots
[2025-04-16T10:00:18.573+0000][12912][info ][gc,task     ] GC(2) Using 3 workers of 3 for marking
[2025-04-16T10:00:18.573+0000][12912][info ][gc,marking  ] GC(2) Concurrent Mark From Roots 0.407ms
[2025-04-16T10:00:18.573+0000][12912][info ][gc,marking  ] GC(2) Concurrent Preclean
[2025-04-16T10:00:18.573+0000][12912][info ][gc,marking  ] GC(2) Concurrent Preclean 0.019ms
[2025-04-16T10:00:18.573+0000][12912][info ][gc,start    ] GC(2) Pause Remark
[2025-04-16T10:00:18.576+0000][12912][info ][gc          ] GC(2) Pause Remark 20M->20M(3776M) 2.603ms
[2025-04-16T10:00:18.576+0000][12912][info ][gc,cpu      ] GC(2) User=0.00s Sys=0.00s Real=0.00s
[2025-04-16T10:00:18.576+0000][12912][info ][safepoint   ] Safepoint "G1PauseRemark", Time since last: 4743900 ns, Reaching safepoint: 25600 ns, At safepoint: 2712700 ns, Total: 2738300 ns
[2025-04-16T10:00:18.576+0000][12912][info ][gc,marking  ] GC(2) Concurrent Mark 3.307ms
[2025-04-16T10:00:18.576+0000][12912][info ][gc,marking  ] GC(2) Concurrent Rebuild Remembered Sets and Scrub Regions
[2025-04-16T10:00:18.579+0000][12912][info ][gc,marking  ] GC(2) Concurrent Rebuild Remembered Sets and Scrub Regions 2.923ms
[2025-04-16T10:00:18.579+0000][12912][info ][gc,start    ] GC(2) Pause Cleanup
[2025-04-16T10:00:18.579+0000][12912][info ][gc          ] GC(2) Pause Cleanup 20M->20M(3776M) 0.088ms
[2025-04-16T10:00:18.579+0000][12912][info ][gc,cpu      ] GC(2) User=0.00s Sys=0.00s Real=0.00s
[2025-04-16T10:00:18.579+0000][12912][info ][safepoint   ] Safepoint "G1PauseCleanup", Time since last: 3097400 ns, Reaching safepoint: 35000 ns, At safepoint: 134100 ns, Total: 169100 ns
[2025-04-16T10:00:18.579+0000][12912][info ][gc,marking  ] GC(2) Concurrent Clear Claimed Marks
[2025-04-16T10:00:18.579+0000][12912][info ][gc,marking  ] GC(2) Concurrent Clear Claimed Marks 0.059ms
[2025-04-16T10:00:18.579+0000][12912][info ][gc,marking  ] GC(2) Concurrent Cleanup for Next Mark
[2025-04-16T10:00:18.592+0000][12912][info ][gc,marking  ] GC(2) Concurrent Cleanup for Next Mark 12.320ms
[2025-04-16T10:00:18.592+0000][12912][info ][gc          ] GC(2) Concurrent Mark Cycle 23.519ms
[2025-04-16T10:00:19.456+0000][12912][info ][gc,start    ] GC(3) Pause Young (Normal) (G1 Evacuation Pause)
[2025-04-16T10:00:19.456+0000][12912][info ][gc,task     ] GC(3) Using 10 workers of 10 for evacuation
[2025-04-16T10:00:19.456+0000][12912][debug][gc,age      ] GC(3) Desired survivor size 12582912 bytes, new threshold 15 (max threshold 15)
[2025-04-16T10:00:19.458+0000][12912][info ][gc,phases   ] GC(3)   Pre Evacuate Collection Set: 0.16ms
[2025-04-16T10:00:19.458+0000][12912][info ][gc,phases   ] GC(3)   Merge Heap Roots: 0.26ms
[2025-04-16T10:00:19.458+0000][12912][info ][gc,phases   ] GC(3)   Evacuate Collection Set: 1.31ms
[2025-04-16T10:00:19.458+0000][12912][info ][gc,phases   ] GC(3)   Post Evacuate Collection Set: 0.46ms
[2025-04-16T10:00:19.458+0000][12912][info ][gc,phases   ] GC(3)   Other: 0.13ms
[2025-04-16T10:00:19.458+0000][12912][trace][gc,age      ] GC(3) Age table:
[2025-04-16T10:00:19.458+0000][12912][trace][gc,age      ] GC(3) - age   1:    2286920 bytes,    2286920 total
[2025-04-16T10:00:19.458+0000][12912][trace][gc,age      ] GC(3) - age   2:     417880 bytes,    2704800 total
[2025-04-16T10:00:19.458+0000][12912][info ][gc,heap     ] GC(3) Eden regions: 46->0(46)
[2025-04-16T10:00:19.458+0000][12912][info ][gc,heap     ] GC(3) Survivor regions: 1->1(6)
[2025-04-16T10:00:19.458+0000][12912][info ][gc,heap     ] GC(3) Old regions: 4->4
[2025-04-16T10:00:19.458+0000][12912][info ][gc,heap     ] GC(3) Humongous regions: 0->0
[2025-04-16T10:00:19.458+0000][12912][info ][gc,metaspace] GC(3) Metaspace: 23550K(24448K)->23550K(24448K) NonClass: 20899K(21376K)->20899K(21376K) Class: 2651K(3072K)->2651K(3072K)
[2025-04-16T10:00:19.458+0000][12912][info ][gc          ] GC(3) Pause Young (Normal) (G1 Evacuation Pause) 200M->17M(3776M) 2.723ms
[2025-04-16T10:00:19.458+0000][12912][info ][gc,cpu      ] GC(3) User=0.00s Sys=0.00s Real=0.00s
[2025-04-16T10:00:19.458+0000][12912][info ][safepoint   ] Safepoint "G1CollectForAllocation", Time since last: 876762400 ns, Reaching safepoint: 9000 ns, At safepoint: 2812100 ns, Total: 2821100 ns
[2025-04-16T10:00:20.264+0000][12912][info ][gc,start    ] GC(4) Pause Young (Normal) (G1 Evacuation Pause)
[2025-04-16T10:00:20.265+0000][12912][info ][gc,task     ] GC(4) Using 10 workers of 10 for evacuation
[2025-04-16T10:00:20.265+0000][12912][debug][gc,age      ] GC(4) Desired survivor size 12582912 bytes, new threshold 15 (max threshold 15)
[2025-04-16T10:00:20.267+0000][12912][info ][gc,phases   ] GC(4)   Pre Evacuate Collection Set: 0.19ms
[2025-04-16T10:00:20.267+0000][12912][info ][gc,phases   ] GC(4)   Merge Heap Roots: 0.07ms
[2025-04-16T10:00:20.267+0000][12912][info ][gc,phases   ] GC(4)   Evacuate Collection Set: 2.25ms
[2025-04-16T10:00:20.267+0000][12912][info ][gc,phases   ] GC(4)   Post Evacuate Collection Set: 0.51ms
[2025-04-16T10:00:20.268+0000][12912][info ][gc,phases   ] GC(4)   Other: 0.14ms
[2025-04-16T10:00:20.268+0000][12912][trace][gc,age      ] GC(4) Age table:
[2025-04-16T10:00:20.268+0000][12912][trace][gc,age      ] GC(4) - age   1:    3787488 bytes,    3787488 total
[2025-04-16T10:00:20.268+0000][12912][trace][gc,age      ] GC(4) - age   2:    2262984 bytes,    6050472 total
[2025-04-16T10:00:20.268+0000][12912][trace][gc,age      ] GC(4) - age   3:     416528 bytes,    6467000 total
[2025-04-16T10:00:20.268+0000][12912][info ][gc,heap     ] GC(4) Eden regions: 46->0(48)
[2025-04-16T10:00:20.268+0000][12912][info ][gc,heap     ] GC(4) Survivor regions: 1->2(6)
[2025-04-16T10:00:20.268+0000][12912][info ][gc,heap     ] GC(4) Old regions: 4->4
[2025-04-16T10:00:20.268+0000][12912][info ][gc,heap     ] GC(4) Humongous regions: 0->0
[2025-04-16T10:00:20.268+0000][12912][info ][gc,metaspace] GC(4) Metaspace: 29072K(30016K)->29072K(30016K) NonClass: 25787K(26304K)->25787K(26304K) Class: 3284K(3712K)->3284K(3712K)
[2025-04-16T10:00:20.268+0000][12912][info ][gc          ] GC(4) Pause Young (Normal) (G1 Evacuation Pause) 201M->20M(3776M) 3.608ms
[2025-04-16T10:00:20.268+0000][12912][info ][gc,cpu      ] GC(4) User=0.00s Sys=0.00s Real=0.00s
[2025-04-16T10:00:20.268+0000][12912][info ][safepoint   ] Safepoint "G1CollectForAllocation", Time since last: 805880300 ns, Reaching safepoint: 6300 ns, At safepoint: 3688900 ns, Total: 3695200 ns
[2025-04-16T10:00:20.656+0000][12912][info ][gc,start    ] GC(5) Pause Young (Normal) (G1 Evacuation Pause)
[2025-04-16T10:00:20.656+0000][12912][info ][gc,task     ] GC(5) Using 10 workers of 10 for evacuation
[2025-04-16T10:00:20.656+0000][12912][debug][gc,age      ] GC(5) Desired survivor size 14680064 bytes, new threshold 15 (max threshold 15)
[2025-04-16T10:00:20.662+0000][12912][info ][gc,phases   ] GC(5)   Pre Evacuate Collection Set: 0.15ms
[2025-04-16T10:00:20.662+0000][12912][info ][gc,phases   ] GC(5)   Merge Heap Roots: 0.05ms
[2025-04-16T10:00:20.662+0000][12912][info ][gc,phases   ] GC(5)   Evacuate Collection Set: 4.57ms
[2025-04-16T10:00:20.662+0000][12912][info ][gc,phases   ] GC(5)   Post Evacuate Collection Set: 0.54ms
[2025-04-16T10:00:20.662+0000][12912][info ][gc,phases   ] GC(5)   Other: 0.08ms
[2025-04-16T10:00:20.662+0000][12912][trace][gc,age      ] GC(5) Age table:
[2025-04-16T10:00:20.662+0000][12912][trace][gc,age      ] GC(5) - age   1:    4681240 bytes,    4681240 total
[2025-04-16T10:00:20.662+0000][12912][trace][gc,age      ] GC(5) - age   2:    3769720 bytes,    8450960 total
[2025-04-16T10:00:20.662+0000][12912][trace][gc,age      ] GC(5) - age   3:    2262904 bytes,   10713864 total
[2025-04-16T10:00:20.662+0000][12912][trace][gc,age      ] GC(5) - age   4:     416528 bytes,   11130392 total
[2025-04-16T10:00:20.662+0000][12912][info ][gc,heap     ] GC(5) Eden regions: 48->0(53)
[2025-04-16T10:00:20.662+0000][12912][info ][gc,heap     ] GC(5) Survivor regions: 2->3(7)
[2025-04-16T10:00:20.662+0000][12912][info ][gc,heap     ] GC(5) Old regions: 4->4
[2025-04-16T10:00:20.662+0000][12912][info ][gc,heap     ] GC(5) Humongous regions: 0->0
[2025-04-16T10:00:20.662+0000][12912][info ][gc,metaspace] GC(5) Metaspace: 30064K(31040K)->30064K(31040K) NonClass: 26637K(27200K)->26637K(27200K) Class: 3427K(3840K)->3427K(3840K)
[2025-04-16T10:00:20.662+0000][12912][info ][gc          ] GC(5) Pause Young (Normal) (G1 Evacuation Pause) 212M->25M(3776M) 5.691ms
[2025-04-16T10:00:20.662+0000][12912][info ][gc,cpu      ] GC(5) User=0.00s Sys=0.00s Real=0.01s
[2025-04-16T10:00:20.662+0000][12912][info ][safepoint   ] Safepoint "G1CollectForAllocation", Time since last: 388140400 ns, Reaching safepoint: 5800 ns, At safepoint: 5745700 ns, Total: 5751500 ns
[2025-04-16T10:00:20.973+0000][12912][info ][gc,start    ] GC(6) Pause Young (Normal) (G1 Evacuation Pause)
[2025-04-16T10:00:20.974+0000][12912][info ][gc,task     ] GC(6) Using 10 workers of 10 for evacuation
[2025-04-16T10:00:20.974+0000][12912][debug][gc,age      ] GC(6) Desired survivor size 14680064 bytes, new threshold 15 (max threshold 15)
[2025-04-16T10:00:20.979+0000][12912][info ][gc,phases   ] GC(6)   Pre Evacuate Collection Set: 0.14ms
[2025-04-16T10:00:20.979+0000][12912][info ][gc,phases   ] GC(6)   Merge Heap Roots: 0.05ms
[2025-04-16T10:00:20.979+0000][12912][info ][gc,phases   ] GC(6)   Evacuate Collection Set: 5.03ms
[2025-04-16T10:00:20.979+0000][12912][info ][gc,phases   ] GC(6)   Post Evacuate Collection Set: 0.58ms
[2025-04-16T10:00:20.979+0000][12912][info ][gc,phases   ] GC(6)   Other: 0.09ms
[2025-04-16T10:00:20.979+0000][12912][trace][gc,age      ] GC(6) Age table:
[2025-04-16T10:00:20.979+0000][12912][trace][gc,age      ] GC(6) - age   1:    4246336 bytes,    4246336 total
[2025-04-16T10:00:20.979+0000][12912][trace][gc,age      ] GC(6) - age   2:    2597744 bytes,    6844080 total
[2025-04-16T10:00:20.979+0000][12912][trace][gc,age      ] GC(6) - age   3:    3769400 bytes,   10613480 total
[2025-04-16T10:00:20.979+0000][12912][trace][gc,age      ] GC(6) - age   4:    2262464 bytes,   12875944 total
[2025-04-16T10:00:20.979+0000][12912][trace][gc,age      ] GC(6) - age   5:     416528 bytes,   13292472 total
[2025-04-16T10:00:20.979+0000][12912][info ][gc,heap     ] GC(6) Eden regions: 53->0(61)
[2025-04-16T10:00:20.979+0000][12912][info ][gc,heap     ] GC(6) Survivor regions: 3->4(7)
[2025-04-16T10:00:20.979+0000][12912][info ][gc,heap     ] GC(6) Old regions: 4->4
[2025-04-16T10:00:20.979+0000][12912][info ][gc,heap     ] GC(6) Humongous regions: 0->0
[2025-04-16T10:00:20.980+0000][12912][info ][gc,metaspace] GC(6) Metaspace: 30465K(31424K)->30465K(31424K) NonClass: 26993K(27520K)->26993K(27520K) Class: 3472K(3904K)->3472K(3904K)
[2025-04-16T10:00:20.980+0000][12912][info ][gc          ] GC(6) Pause Young (Normal) (G1 Evacuation Pause) 237M->27M(3776M) 6.320ms
[2025-04-16T10:00:20.980+0000][12912][info ][gc,cpu      ] GC(6) User=0.05s Sys=0.11s Real=0.01s
[2025-04-16T10:00:20.980+0000][12912][info ][safepoint   ] Safepoint "G1CollectForAllocation", Time since last: 311055900 ns, Reaching safepoint: 4100 ns, At safepoint: 6431500 ns, Total: 6435600 ns
[2025-04-16T10:00:21.541+0000][12912][info ][gc,start    ] GC(7) Pause Young (Normal) (G1 Evacuation Pause)
[2025-04-16T10:00:21.541+0000][12912][info ][gc,task     ] GC(7) Using 10 workers of 10 for evacuation
[2025-04-16T10:00:21.541+0000][12912][debug][gc,age      ] GC(7) Desired survivor size 18874368 bytes, new threshold 15 (max threshold 15)
[2025-04-16T10:00:21.548+0000][12912][info ][gc,phases   ] GC(7)   Pre Evacuate Collection Set: 0.15ms
[2025-04-16T10:00:21.548+0000][12912][info ][gc,phases   ] GC(7)   Merge Heap Roots: 0.05ms
[2025-04-16T10:00:21.548+0000][12912][info ][gc,phases   ] GC(7)   Evacuate Collection Set: 5.19ms
[2025-04-16T10:00:21.548+0000][12912][info ][gc,phases   ] GC(7)   Post Evacuate Collection Set: 0.62ms
[2025-04-16T10:00:21.548+0000][12912][info ][gc,phases   ] GC(7)   Other: 0.10ms
[2025-04-16T10:00:21.548+0000][12912][trace][gc,age      ] GC(7) Age table:
[2025-04-16T10:00:21.548+0000][12912][trace][gc,age      ] GC(7) - age   1:    2213344 bytes,    2213344 total
[2025-04-16T10:00:21.548+0000][12912][trace][gc,age      ] GC(7) - age   2:    2012672 bytes,    4226016 total
[2025-04-16T10:00:21.548+0000][12912][trace][gc,age      ] GC(7) - age   3:    2595168 bytes,    6821184 total
[2025-04-16T10:00:21.548+0000][12912][trace][gc,age      ] GC(7) - age   4:    3765848 bytes,   10587032 total
[2025-04-16T10:00:21.548+0000][12912][trace][gc,age      ] GC(7) - age   5:    2261280 bytes,   12848312 total
[2025-04-16T10:00:21.548+0000][12912][trace][gc,age      ] GC(7) - age   6:     416528 bytes,   13264840 total
[2025-04-16T10:00:21.548+0000][12912][info ][gc,heap     ] GC(7) Eden regions: 61->0(73)
[2025-04-16T10:00:21.548+0000][12912][info ][gc,heap     ] GC(7) Survivor regions: 4->4(9)
[2025-04-16T10:00:21.548+0000][12912][info ][gc,heap     ] GC(7) Old regions: 4->4
[2025-04-16T10:00:21.548+0000][12912][info ][gc,heap     ] GC(7) Humongous regions: 0->0
[2025-04-16T10:00:21.548+0000][12912][info ][gc,metaspace] GC(7) Metaspace: 30831K(31872K)->30831K(31872K) NonClass: 27295K(27904K)->27295K(27904K) Class: 3535K(3968K)->3535K(3968K)
[2025-04-16T10:00:21.548+0000][12912][info ][gc          ] GC(7) Pause Young (Normal) (G1 Evacuation Pause) 271M->27M(3776M) 6.445ms
[2025-04-16T10:00:21.548+0000][12912][info ][gc,cpu      ] GC(7) User=0.00s Sys=0.00s Real=0.01s
[2025-04-16T10:00:21.548+0000][12912][info ][safepoint   ] Safepoint "G1CollectForAllocation", Time since last: 561615700 ns, Reaching safepoint: 5900 ns, At safepoint: 6505200 ns, Total: 6511100 ns
[2025-04-16T10:00:22.194+0000][12912][info ][gc,start    ] GC(8) Pause Young (Concurrent Start) (Metadata GC Threshold)
[2025-04-16T10:00:22.194+0000][12912][info ][gc,task     ] GC(8) Using 10 workers of 10 for evacuation
[2025-04-16T10:00:22.194+0000][12912][debug][gc,age      ] GC(8) Desired survivor size 20971520 bytes, new threshold 15 (max threshold 15)
[2025-04-16T10:00:22.201+0000][12912][info ][gc,phases   ] GC(8)   Pre Evacuate Collection Set: 0.24ms
[2025-04-16T10:00:22.201+0000][12912][info ][gc,phases   ] GC(8)   Merge Heap Roots: 0.09ms
[2025-04-16T10:00:22.201+0000][12912][info ][gc,phases   ] GC(8)   Evacuate Collection Set: 5.18ms
[2025-04-16T10:00:22.201+0000][12912][info ][gc,phases   ] GC(8)   Post Evacuate Collection Set: 0.82ms
[2025-04-16T10:00:22.201+0000][12912][info ][gc,phases   ] GC(8)   Other: 0.16ms
[2025-04-16T10:00:22.201+0000][12912][trace][gc,age      ] GC(8) Age table:
[2025-04-16T10:00:22.201+0000][12912][trace][gc,age      ] GC(8) - age   1:    3226752 bytes,    3226752 total
[2025-04-16T10:00:22.201+0000][12912][trace][gc,age      ] GC(8) - age   2:    1172256 bytes,    4399008 total
[2025-04-16T10:00:22.201+0000][12912][trace][gc,age      ] GC(8) - age   3:    2012640 bytes,    6411648 total
[2025-04-16T10:00:22.201+0000][12912][trace][gc,age      ] GC(8) - age   4:    2595168 bytes,    9006816 total
[2025-04-16T10:00:22.201+0000][12912][trace][gc,age      ] GC(8) - age   5:    3765704 bytes,   12772520 total
[2025-04-16T10:00:22.201+0000][12912][trace][gc,age      ] GC(8) - age   6:    2261136 bytes,   15033656 total
[2025-04-16T10:00:22.201+0000][12912][trace][gc,age      ] GC(8) - age   7:     416528 bytes,   15450184 total
[2025-04-16T10:00:22.201+0000][12912][info ][gc,heap     ] GC(8) Eden regions: 17->0(104)
[2025-04-16T10:00:22.201+0000][12912][info ][gc,heap     ] GC(8) Survivor regions: 4->5(10)
[2025-04-16T10:00:22.201+0000][12912][info ][gc,heap     ] GC(8) Old regions: 4->4
[2025-04-16T10:00:22.201+0000][12912][info ][gc,heap     ] GC(8) Humongous regions: 0->0
[2025-04-16T10:00:22.201+0000][12912][info ][gc,metaspace] GC(8) Metaspace: 35057K(36096K)->35057K(36096K) NonClass: 31094K(31680K)->31094K(31680K) Class: 3963K(4416K)->3963K(4416K)
[2025-04-16T10:00:22.201+0000][12912][info ][gc          ] GC(8) Pause Young (Concurrent Start) (Metadata GC Threshold) 93M->30M(3776M) 7.057ms
[2025-04-16T10:00:22.201+0000][12912][info ][gc,cpu      ] GC(8) User=0.03s Sys=0.02s Real=0.01s
[2025-04-16T10:00:22.201+0000][12912][info ][gc          ] GC(9) Concurrent Mark Cycle
[2025-04-16T10:00:22.201+0000][12912][info ][safepoint   ] Safepoint "CollectForMetadataAllocation", Time since last: 646041200 ns, Reaching safepoint: 9400 ns, At safepoint: 7199000 ns, Total: 7208400 ns
[2025-04-16T10:00:22.201+0000][12912][info ][gc,marking  ] GC(9) Concurrent Scan Root Regions
[2025-04-16T10:00:22.205+0000][12912][info ][gc,marking  ] GC(9) Concurrent Scan Root Regions 3.567ms
[2025-04-16T10:00:22.205+0000][12912][info ][gc,marking  ] GC(9) Concurrent Mark
[2025-04-16T10:00:22.205+0000][12912][info ][gc,marking  ] GC(9) Concurrent Mark From Roots
[2025-04-16T10:00:22.205+0000][12912][info ][gc,task     ] GC(9) Using 3 workers of 3 for marking
[2025-04-16T10:00:22.216+0000][12912][info ][gc,marking  ] GC(9) Concurrent Mark From Roots 11.555ms
[2025-04-16T10:00:22.216+0000][12912][info ][gc,marking  ] GC(9) Concurrent Preclean
[2025-04-16T10:00:22.216+0000][12912][info ][gc,marking  ] GC(9) Concurrent Preclean 0.125ms
[2025-04-16T10:00:22.216+0000][12912][info ][gc,start    ] GC(9) Pause Remark
[2025-04-16T10:00:22.221+0000][12912][info ][gc          ] GC(9) Pause Remark 33M->33M(3776M) 4.873ms
[2025-04-16T10:00:22.221+0000][12912][info ][gc,cpu      ] GC(9) User=0.00s Sys=0.00s Real=0.00s
[2025-04-16T10:00:22.221+0000][12912][info ][safepoint   ] Safepoint "G1PauseRemark", Time since last: 15496000 ns, Reaching safepoint: 29900 ns, At safepoint: 5023200 ns, Total: 5053100 ns
[2025-04-16T10:00:22.221+0000][12912][info ][gc,marking  ] GC(9) Concurrent Mark 16.900ms
[2025-04-16T10:00:22.221+0000][12912][info ][gc,marking  ] GC(9) Concurrent Rebuild Remembered Sets and Scrub Regions
[2025-04-16T10:00:22.225+0000][12912][info ][gc,marking  ] GC(9) Concurrent Rebuild Remembered Sets and Scrub Regions 2.966ms
[2025-04-16T10:00:22.225+0000][12912][info ][gc,start    ] GC(9) Pause Cleanup
[2025-04-16T10:00:22.225+0000][12912][info ][gc          ] GC(9) Pause Cleanup 33M->33M(3776M) 0.142ms
[2025-04-16T10:00:22.225+0000][12912][info ][gc,cpu      ] GC(9) User=0.00s Sys=0.00s Real=0.00s
[2025-04-16T10:00:22.225+0000][12912][info ][safepoint   ] Safepoint "G1PauseCleanup", Time since last: 3169300 ns, Reaching safepoint: 8000 ns, At safepoint: 211700 ns, Total: 219700 ns
[2025-04-16T10:00:22.225+0000][12912][info ][gc,marking  ] GC(9) Concurrent Clear Claimed Marks
[2025-04-16T10:00:22.225+0000][12912][info ][gc,marking  ] GC(9) Concurrent Clear Claimed Marks 0.112ms
[2025-04-16T10:00:22.225+0000][12912][info ][gc,marking  ] GC(9) Concurrent Cleanup for Next Mark
[2025-04-16T10:00:22.236+0000][12912][info ][gc,marking  ] GC(9) Concurrent Cleanup for Next Mark 10.610ms
[2025-04-16T10:00:22.236+0000][12912][info ][gc          ] GC(9) Concurrent Mark Cycle 34.989ms
[2025-04-16T10:00:23.616+0000][12912][info ][gc,start    ] GC(10) Pause Young (Normal) (G1 Evacuation Pause)
[2025-04-16T10:00:23.616+0000][12912][info ][gc,task     ] GC(10) Using 10 workers of 10 for evacuation
[2025-04-16T10:00:23.616+0000][12912][debug][gc,age      ] GC(10) Desired survivor size 29360128 bytes, new threshold 15 (max threshold 15)
[2025-04-16T10:00:23.628+0000][12912][info ][gc,phases   ] GC(10)   Pre Evacuate Collection Set: 0.21ms
[2025-04-16T10:00:23.628+0000][12912][info ][gc,phases   ] GC(10)   Merge Heap Roots: 0.09ms
[2025-04-16T10:00:23.628+0000][12912][info ][gc,phases   ] GC(10)   Evacuate Collection Set: 10.53ms
[2025-04-16T10:00:23.628+0000][12912][info ][gc,phases   ] GC(10)   Post Evacuate Collection Set: 1.11ms
[2025-04-16T10:00:23.628+0000][12912][info ][gc,phases   ] GC(10)   Other: 0.15ms
[2025-04-16T10:00:23.628+0000][12912][trace][gc,age      ] GC(10) Age table:
[2025-04-16T10:00:23.628+0000][12912][trace][gc,age      ] GC(10) - age   1:    7471008 bytes,    7471008 total
[2025-04-16T10:00:23.628+0000][12912][trace][gc,age      ] GC(10) - age   2:    3192784 bytes,   10663792 total
[2025-04-16T10:00:23.628+0000][12912][trace][gc,age      ] GC(10) - age   3:    1172040 bytes,   11835832 total
[2025-04-16T10:00:23.628+0000][12912][trace][gc,age      ] GC(10) - age   4:    2011208 bytes,   13847040 total
[2025-04-16T10:00:23.628+0000][12912][trace][gc,age      ] GC(10) - age   5:    2592864 bytes,   16439904 total
[2025-04-16T10:00:23.628+0000][12912][trace][gc,age      ] GC(10) - age   6:    3762432 bytes,   20202336 total
[2025-04-16T10:00:23.628+0000][12912][trace][gc,age      ] GC(10) - age   7:    2259504 bytes,   22461840 total
[2025-04-16T10:00:23.628+0000][12912][trace][gc,age      ] GC(10) - age   8:     410592 bytes,   22872432 total
[2025-04-16T10:00:23.628+0000][12912][info ][gc,heap     ] GC(10) Eden regions: 104->0(96)
[2025-04-16T10:00:23.628+0000][12912][info ][gc,heap     ] GC(10) Survivor regions: 5->6(14)
[2025-04-16T10:00:23.628+0000][12912][info ][gc,heap     ] GC(10) Old regions: 4->4
[2025-04-16T10:00:23.628+0000][12912][info ][gc,heap     ] GC(10) Humongous regions: 0->0
[2025-04-16T10:00:23.628+0000][12912][info ][gc,metaspace] GC(10) Metaspace: 38480K(39552K)->38480K(39552K) NonClass: 34035K(34688K)->34035K(34688K) Class: 4444K(4864K)->4444K(4864K)
[2025-04-16T10:00:23.628+0000][12912][info ][gc          ] GC(10) Pause Young (Normal) (G1 Evacuation Pause) 446M->37M(3776M) 12.618ms
[2025-04-16T10:00:23.628+0000][12912][info ][gc,cpu      ] GC(10) User=0.14s Sys=0.00s Real=0.01s
[2025-04-16T10:00:23.628+0000][12912][info ][safepoint   ] Safepoint "G1CollectForAllocation", Time since last: 1390729800 ns, Reaching safepoint: 8200 ns, At safepoint: 12704200 ns, Total: 12712400 ns
[2025-04-16T10:00:24.563+0000][12912][info ][gc,start    ] GC(11) Pause Young (Normal) (G1 Evacuation Pause)
[2025-04-16T10:00:24.563+0000][12912][info ][gc,task     ] GC(11) Using 10 workers of 10 for evacuation
[2025-04-16T10:00:24.563+0000][12912][debug][gc,age      ] GC(11) Desired survivor size 27262976 bytes, new threshold 15 (max threshold 15)
[2025-04-16T10:00:24.572+0000][12912][info ][gc,phases   ] GC(11)   Pre Evacuate Collection Set: 0.17ms
[2025-04-16T10:00:24.572+0000][12912][info ][gc,phases   ] GC(11)   Merge Heap Roots: 0.10ms
[2025-04-16T10:00:24.572+0000][12912][info ][gc,phases   ] GC(11)   Evacuate Collection Set: 7.46ms
[2025-04-16T10:00:24.572+0000][12912][info ][gc,phases   ] GC(11)   Post Evacuate Collection Set: 1.28ms
[2025-04-16T10:00:24.572+0000][12912][info ][gc,phases   ] GC(11)   Other: 0.13ms
[2025-04-16T10:00:24.572+0000][12912][trace][gc,age      ] GC(11) Age table:
[2025-04-16T10:00:24.572+0000][12912][trace][gc,age      ] GC(11) - age   1:    4492272 bytes,    4492272 total
[2025-04-16T10:00:24.572+0000][12912][trace][gc,age      ] GC(11) - age   2:    6210912 bytes,   10703184 total
[2025-04-16T10:00:24.572+0000][12912][trace][gc,age      ] GC(11) - age   3:    3192720 bytes,   13895904 total
[2025-04-16T10:00:24.572+0000][12912][trace][gc,age      ] GC(11) - age   4:    1169912 bytes,   15065816 total
[2025-04-16T10:00:24.572+0000][12912][trace][gc,age      ] GC(11) - age   5:    2011112 bytes,   17076928 total
[2025-04-16T10:00:24.572+0000][12912][trace][gc,age      ] GC(11) - age   6:    2592736 bytes,   19669664 total
[2025-04-16T10:00:24.572+0000][12912][trace][gc,age      ] GC(11) - age   7:    3760768 bytes,   23430432 total
[2025-04-16T10:00:24.572+0000][12912][trace][gc,age      ] GC(11) - age   8:    2258288 bytes,   25688720 total
[2025-04-16T10:00:24.572+0000][12912][trace][gc,age      ] GC(11) - age   9:     391984 bytes,   26080704 total
[2025-04-16T10:00:24.572+0000][12912][info ][gc,heap     ] GC(11) Eden regions: 96->0(141)
[2025-04-16T10:00:24.572+0000][12912][info ][gc,heap     ] GC(11) Survivor regions: 6->7(13)
[2025-04-16T10:00:24.572+0000][12912][info ][gc,heap     ] GC(11) Old regions: 4->4
[2025-04-16T10:00:24.572+0000][12912][info ][gc,heap     ] GC(11) Humongous regions: 0->0
[2025-04-16T10:00:24.572+0000][12912][info ][gc,metaspace] GC(11) Metaspace: 39256K(40448K)->39256K(40448K) NonClass: 34705K(35456K)->34705K(35456K) Class: 4550K(4992K)->4550K(4992K)
[2025-04-16T10:00:24.573+0000][12912][info ][gc          ] GC(11) Pause Young (Normal) (G1 Evacuation Pause) 421M->41M(3776M) 9.603ms
[2025-04-16T10:00:24.573+0000][12912][info ][gc,cpu      ] GC(11) User=0.08s Sys=0.09s Real=0.01s
[2025-04-16T10:00:24.573+0000][12912][info ][safepoint   ] Safepoint "G1CollectForAllocation", Time since last: 934781400 ns, Reaching safepoint: 5200 ns, At safepoint: 9693500 ns, Total: 9698700 ns
[2025-04-16T10:00:27.834+0000][12912][info ][gc,start    ] GC(12) Pause Young (Normal) (G1 Evacuation Pause)
[2025-04-16T10:00:27.834+0000][12912][info ][gc,task     ] GC(12) Using 10 workers of 10 for evacuation
[2025-04-16T10:00:27.834+0000][12912][debug][gc,age      ] GC(12) Desired survivor size 39845888 bytes, new threshold 15 (max threshold 15)
[2025-04-16T10:00:27.852+0000][12912][info ][gc,phases   ] GC(12)   Pre Evacuate Collection Set: 0.23ms
[2025-04-16T10:00:27.852+0000][12912][info ][gc,phases   ] GC(12)   Merge Heap Roots: 0.06ms
[2025-04-16T10:00:27.852+0000][12912][info ][gc,phases   ] GC(12)   Evacuate Collection Set: 14.67ms
[2025-04-16T10:00:27.852+0000][12912][info ][gc,phases   ] GC(12)   Post Evacuate Collection Set: 1.64ms
[2025-04-16T10:00:27.852+0000][12912][info ][gc,phases   ] GC(12)   Other: 0.12ms
[2025-04-16T10:00:27.852+0000][12912][trace][gc,age      ] GC(12) Age table:
[2025-04-16T10:00:27.852+0000][12912][trace][gc,age      ] GC(12) - age   1:    8258360 bytes,    8258360 total
[2025-04-16T10:00:27.852+0000][12912][trace][gc,age      ] GC(12) - age   2:    4448240 bytes,   12706600 total
[2025-04-16T10:00:27.852+0000][12912][trace][gc,age      ] GC(12) - age   3:    6162800 bytes,   18869400 total
[2025-04-16T10:00:27.852+0000][12912][trace][gc,age      ] GC(12) - age   4:    3186656 bytes,   22056056 total
[2025-04-16T10:00:27.852+0000][12912][trace][gc,age      ] GC(12) - age   5:    1154624 bytes,   23210680 total
[2025-04-16T10:00:27.852+0000][12912][trace][gc,age      ] GC(12) - age   6:    2002048 bytes,   25212728 total
[2025-04-16T10:00:27.852+0000][12912][trace][gc,age      ] GC(12) - age   7:    2585320 bytes,   27798048 total
[2025-04-16T10:00:27.852+0000][12912][trace][gc,age      ] GC(12) - age   8:    3749544 bytes,   31547592 total
[2025-04-16T10:00:27.852+0000][12912][trace][gc,age      ] GC(12) - age   9:    2069776 bytes,   33617368 total
[2025-04-16T10:00:27.852+0000][12912][trace][gc,age      ] GC(12) - age  10:     391488 bytes,   34008856 total
[2025-04-16T10:00:27.852+0000][12912][info ][gc,heap     ] GC(12) Eden regions: 141->0(141)
[2025-04-16T10:00:27.852+0000][12912][info ][gc,heap     ] GC(12) Survivor regions: 7->10(19)
[2025-04-16T10:00:27.852+0000][12912][info ][gc,heap     ] GC(12) Old regions: 4->4
[2025-04-16T10:00:27.852+0000][12912][info ][gc,heap     ] GC(12) Humongous regions: 0->0
[2025-04-16T10:00:27.852+0000][12912][info ][gc,metaspace] GC(12) Metaspace: 51290K(52736K)->51290K(52736K) NonClass: 45143K(46016K)->45143K(46016K) Class: 6146K(6720K)->6146K(6720K)
[2025-04-16T10:00:27.852+0000][12912][info ][gc          ] GC(12) Pause Young (Normal) (G1 Evacuation Pause) 605M->50M(3776M) 17.288ms
[2025-04-16T10:00:27.852+0000][12912][info ][gc,cpu      ] GC(12) User=0.03s Sys=0.02s Real=0.02s
[2025-04-16T10:00:27.852+0000][12912][info ][safepoint   ] Safepoint "G1CollectForAllocation", Time since last: 3261864700 ns, Reaching safepoint: 4800 ns, At safepoint: 17356200 ns, Total: 17361000 ns
[2025-04-16T10:00:28.445+0000][12912][info ][gc,start    ] GC(13) Pause Young (Concurrent Start) (Metadata GC Threshold)
[2025-04-16T10:00:28.446+0000][12912][info ][gc,task     ] GC(13) Using 10 workers of 10 for evacuation
[2025-04-16T10:00:28.446+0000][12912][debug][gc,age      ] GC(13) Desired survivor size 39845888 bytes, new threshold 15 (max threshold 15)
[2025-04-16T10:00:28.458+0000][12912][info ][gc,phases   ] GC(13)   Pre Evacuate Collection Set: 0.18ms
[2025-04-16T10:00:28.458+0000][12912][info ][gc,phases   ] GC(13)   Merge Heap Roots: 0.06ms
[2025-04-16T10:00:28.458+0000][12912][info ][gc,phases   ] GC(13)   Evacuate Collection Set: 10.50ms
[2025-04-16T10:00:28.458+0000][12912][info ][gc,phases   ] GC(13)   Post Evacuate Collection Set: 1.36ms
[2025-04-16T10:00:28.458+0000][12912][info ][gc,phases   ] GC(13)   Other: 0.11ms
[2025-04-16T10:00:28.458+0000][12912][trace][gc,age      ] GC(13) Age table:
[2025-04-16T10:00:28.458+0000][12912][trace][gc,age      ] GC(13) - age   1:    1709848 bytes,    1709848 total
[2025-04-16T10:00:28.458+0000][12912][trace][gc,age      ] GC(13) - age   2:    8065768 bytes,    9775616 total
[2025-04-16T10:00:28.458+0000][12912][trace][gc,age      ] GC(13) - age   3:    4446952 bytes,   14222568 total
[2025-04-16T10:00:28.458+0000][12912][trace][gc,age      ] GC(13) - age   4:    6160936 bytes,   20383504 total
[2025-04-16T10:00:28.458+0000][12912][trace][gc,age      ] GC(13) - age   5:    3186656 bytes,   23570160 total
[2025-04-16T10:00:28.458+0000][12912][trace][gc,age      ] GC(13) - age   6:    1154136 bytes,   24724296 total
[2025-04-16T10:00:28.458+0000][12912][trace][gc,age      ] GC(13) - age   7:    2002048 bytes,   26726344 total
[2025-04-16T10:00:28.458+0000][12912][trace][gc,age      ] GC(13) - age   8:    2584408 bytes,   29310752 total
[2025-04-16T10:00:28.458+0000][12912][trace][gc,age      ] GC(13) - age   9:    3747568 bytes,   33058320 total
[2025-04-16T10:00:28.458+0000][12912][trace][gc,age      ] GC(13) - age  10:    2069680 bytes,   35128000 total
[2025-04-16T10:00:28.458+0000][12912][trace][gc,age      ] GC(13) - age  11:     391424 bytes,   35519424 total
[2025-04-16T10:00:28.458+0000][12912][info ][gc,heap     ] GC(13) Eden regions: 20->0(202)
[2025-04-16T10:00:28.458+0000][12912][info ][gc,heap     ] GC(13) Survivor regions: 10->10(19)
[2025-04-16T10:00:28.458+0000][12912][info ][gc,heap     ] GC(13) Old regions: 4->4
[2025-04-16T10:00:28.458+0000][12912][info ][gc,heap     ] GC(13) Humongous regions: 0->0
[2025-04-16T10:00:28.458+0000][12912][info ][gc,metaspace] GC(13) Metaspace: 58956K(60480K)->58956K(60480K) NonClass: 51619K(52544K)->51619K(52544K) Class: 7337K(7936K)->7337K(7936K)
[2025-04-16T10:00:28.458+0000][12912][info ][gc          ] GC(13) Pause Young (Concurrent Start) (Metadata GC Threshold) 128M->52M(3776M) 12.660ms
[2025-04-16T10:00:28.458+0000][12912][info ][gc,cpu      ] GC(13) User=0.00s Sys=0.00s Real=0.01s
[2025-04-16T10:00:28.458+0000][12912][info ][gc          ] GC(14) Concurrent Mark Cycle
[2025-04-16T10:00:28.458+0000][12912][info ][gc,marking  ] GC(14) Concurrent Scan Root Regions
[2025-04-16T10:00:28.458+0000][12912][info ][safepoint   ] Safepoint "CollectForMetadataAllocation", Time since last: 593379400 ns, Reaching safepoint: 5600 ns, At safepoint: 12796500 ns, Total: 12802100 ns
[2025-04-16T10:00:28.463+0000][12912][info ][gc,marking  ] GC(14) Concurrent Scan Root Regions 5.223ms
[2025-04-16T10:00:28.463+0000][12912][info ][gc,marking  ] GC(14) Concurrent Mark
[2025-04-16T10:00:28.463+0000][12912][info ][gc,marking  ] GC(14) Concurrent Mark From Roots
[2025-04-16T10:00:28.463+0000][12912][info ][gc,task     ] GC(14) Using 3 workers of 3 for marking
[2025-04-16T10:00:28.472+0000][12912][info ][gc,marking  ] GC(14) Concurrent Mark From Roots 8.346ms
[2025-04-16T10:00:28.472+0000][12912][info ][gc,marking  ] GC(14) Concurrent Preclean
[2025-04-16T10:00:28.472+0000][12912][info ][gc,marking  ] GC(14) Concurrent Preclean 0.131ms
[2025-04-16T10:00:28.472+0000][12912][info ][gc,start    ] GC(14) Pause Remark
[2025-04-16T10:00:28.476+0000][12912][info ][gc          ] GC(14) Pause Remark 56M->56M(3776M) 3.948ms
[2025-04-16T10:00:28.476+0000][12912][info ][gc,cpu      ] GC(14) User=0.02s Sys=0.00s Real=0.00s
[2025-04-16T10:00:28.476+0000][12912][info ][safepoint   ] Safepoint "G1PauseRemark", Time since last: 13926600 ns, Reaching safepoint: 128000 ns, At safepoint: 4062700 ns, Total: 4190700 ns
[2025-04-16T10:00:28.476+0000][12912][info ][gc,marking  ] GC(14) Concurrent Mark 12.860ms
[2025-04-16T10:00:28.477+0000][12912][info ][gc,marking  ] GC(14) Concurrent Rebuild Remembered Sets and Scrub Regions
[2025-04-16T10:00:28.479+0000][12912][info ][gc,marking  ] GC(14) Concurrent Rebuild Remembered Sets and Scrub Regions 2.839ms
[2025-04-16T10:00:28.479+0000][12912][info ][gc,start    ] GC(14) Pause Cleanup
[2025-04-16T10:00:28.479+0000][12912][info ][gc          ] GC(14) Pause Cleanup 56M->56M(3776M) 0.074ms
[2025-04-16T10:00:28.480+0000][12912][info ][gc,cpu      ] GC(14) User=0.00s Sys=0.00s Real=0.00s
[2025-04-16T10:00:28.480+0000][12912][info ][safepoint   ] Safepoint "G1PauseCleanup", Time since last: 3026100 ns, Reaching safepoint: 15600 ns, At safepoint: 118200 ns, Total: 133800 ns
[2025-04-16T10:00:28.480+0000][12912][info ][gc,marking  ] GC(14) Concurrent Clear Claimed Marks
[2025-04-16T10:00:28.480+0000][12912][info ][gc,marking  ] GC(14) Concurrent Clear Claimed Marks 0.096ms
[2025-04-16T10:00:28.480+0000][12912][info ][gc,marking  ] GC(14) Concurrent Cleanup for Next Mark
[2025-04-16T10:00:28.489+0000][12912][info ][gc,marking  ] GC(14) Concurrent Cleanup for Next Mark 9.829ms
[2025-04-16T10:00:28.490+0000][12912][info ][gc          ] GC(14) Concurrent Mark Cycle 31.539ms
[2025-04-16T10:00:34.053+0000][12912][info ][gc,start    ] GC(15) Pause Young (Normal) (G1 Evacuation Pause)
[2025-04-16T10:00:34.053+0000][12912][info ][gc,task     ] GC(15) Using 10 workers of 10 for evacuation
[2025-04-16T10:00:34.053+0000][12912][debug][gc,age      ] GC(15) Desired survivor size 56623104 bytes, new threshold 15 (max threshold 15)
[2025-04-16T10:00:34.077+0000][12912][info ][gc,phases   ] GC(15)   Pre Evacuate Collection Set: 0.84ms
[2025-04-16T10:00:34.077+0000][12912][info ][gc,phases   ] GC(15)   Merge Heap Roots: 0.11ms
[2025-04-16T10:00:34.077+0000][12912][info ][gc,phases   ] GC(15)   Evacuate Collection Set: 20.44ms
[2025-04-16T10:00:34.077+0000][12912][info ][gc,phases   ] GC(15)   Post Evacuate Collection Set: 2.31ms
[2025-04-16T10:00:34.077+0000][12912][info ][gc,phases   ] GC(15)   Other: 0.12ms
[2025-04-16T10:00:34.077+0000][12912][trace][gc,age      ] GC(15) Age table:
[2025-04-16T10:00:34.077+0000][12912][trace][gc,age      ] GC(15) - age   1:   16783920 bytes,   16783920 total
[2025-04-16T10:00:34.077+0000][12912][trace][gc,age      ] GC(15) - age   2:    1548584 bytes,   18332504 total
[2025-04-16T10:00:34.077+0000][12912][trace][gc,age      ] GC(15) - age   3:    7766712 bytes,   26099216 total
[2025-04-16T10:00:34.077+0000][12912][trace][gc,age      ] GC(15) - age   4:    4402992 bytes,   30502208 total
[2025-04-16T10:00:34.077+0000][12912][trace][gc,age      ] GC(15) - age   5:    6141344 bytes,   36643552 total
[2025-04-16T10:00:34.077+0000][12912][trace][gc,age      ] GC(15) - age   6:    3176832 bytes,   39820384 total
[2025-04-16T10:00:34.077+0000][12912][trace][gc,age      ] GC(15) - age   7:    1141824 bytes,   40962208 total
[2025-04-16T10:00:34.077+0000][12912][trace][gc,age      ] GC(15) - age   8:    1997160 bytes,   42959368 total
[2025-04-16T10:00:34.077+0000][12912][trace][gc,age      ] GC(15) - age   9:    2575792 bytes,   45535160 total
[2025-04-16T10:00:34.077+0000][12912][trace][gc,age      ] GC(15) - age  10:    3723040 bytes,   49258200 total
[2025-04-16T10:00:34.077+0000][12912][trace][gc,age      ] GC(15) - age  11:    2061304 bytes,   51319504 total
[2025-04-16T10:00:34.077+0000][12912][trace][gc,age      ] GC(15) - age  12:     380200 bytes,   51699704 total
[2025-04-16T10:00:34.077+0000][12912][info ][gc,heap     ] GC(15) Eden regions: 202->0(192)
[2025-04-16T10:00:34.077+0000][12912][info ][gc,heap     ] GC(15) Survivor regions: 10->14(27)
[2025-04-16T10:00:34.077+0000][12912][info ][gc,heap     ] GC(15) Old regions: 4->4
[2025-04-16T10:00:34.077+0000][12912][info ][gc,heap     ] GC(15) Humongous regions: 0->0
[2025-04-16T10:00:34.077+0000][12912][info ][gc,metaspace] GC(15) Metaspace: 89770K(91904K)->89770K(91904K) NonClass: 77652K(78912K)->77652K(78912K) Class: 12117K(12992K)->12117K(12992K)
[2025-04-16T10:00:34.077+0000][12912][info ][gc          ] GC(15) Pause Young (Normal) (G1 Evacuation Pause) 860M->66M(3776M) 24.222ms
[2025-04-16T10:00:34.077+0000][12912][info ][gc,cpu      ] GC(15) User=0.14s Sys=0.05s Real=0.02s
[2025-04-16T10:00:34.077+0000][12912][info ][safepoint   ] Safepoint "G1CollectForAllocation", Time since last: 5573217100 ns, Reaching safepoint: 47300 ns, At safepoint: 24283900 ns, Total: 24331200 ns
[2025-04-16T10:00:35.519+0000][12912][info ][gc,start    ] GC(16) Pause Young (Concurrent Start) (Metadata GC Threshold)
[2025-04-16T10:00:35.519+0000][12912][info ][gc,task     ] GC(16) Using 10 workers of 10 for evacuation
[2025-04-16T10:00:35.519+0000][12912][debug][gc,age      ] GC(16) Desired survivor size 54525952 bytes, new threshold 15 (max threshold 15)
[2025-04-16T10:00:35.541+0000][12912][info ][gc,phases   ] GC(16)   Pre Evacuate Collection Set: 0.28ms
[2025-04-16T10:00:35.541+0000][12912][info ][gc,phases   ] GC(16)   Merge Heap Roots: 0.10ms
[2025-04-16T10:00:35.541+0000][12912][info ][gc,phases   ] GC(16)   Evacuate Collection Set: 20.14ms
[2025-04-16T10:00:35.541+0000][12912][info ][gc,phases   ] GC(16)   Post Evacuate Collection Set: 1.76ms
[2025-04-16T10:00:35.541+0000][12912][info ][gc,phases   ] GC(16)   Other: 0.13ms
[2025-04-16T10:00:35.541+0000][12912][trace][gc,age      ] GC(16) Age table:
[2025-04-16T10:00:35.541+0000][12912][trace][gc,age      ] GC(16) - age   1:    4819368 bytes,    4819368 total
[2025-04-16T10:00:35.541+0000][12912][trace][gc,age      ] GC(16) - age   2:   16176888 bytes,   20996256 total
[2025-04-16T10:00:35.541+0000][12912][trace][gc,age      ] GC(16) - age   3:    1547200 bytes,   22543456 total
[2025-04-16T10:00:35.541+0000][12912][trace][gc,age      ] GC(16) - age   4:    7703160 bytes,   30246616 total
[2025-04-16T10:00:35.541+0000][12912][trace][gc,age      ] GC(16) - age   5:    4398512 bytes,   34645128 total
[2025-04-16T10:00:35.541+0000][12912][trace][gc,age      ] GC(16) - age   6:    6130912 bytes,   40776040 total
[2025-04-16T10:00:35.541+0000][12912][trace][gc,age      ] GC(16) - age   7:    3176672 bytes,   43952712 total
[2025-04-16T10:00:35.541+0000][12912][trace][gc,age      ] GC(16) - age   8:    1140576 bytes,   45093288 total
[2025-04-16T10:00:35.542+0000][12912][trace][gc,age      ] GC(16) - age   9:    1996872 bytes,   47090160 total
[2025-04-16T10:00:35.542+0000][12912][trace][gc,age      ] GC(16) - age  10:    2574456 bytes,   49664616 total
[2025-04-16T10:00:35.542+0000][12912][trace][gc,age      ] GC(16) - age  11:    3716896 bytes,   53381512 total
[2025-04-16T10:00:35.542+0000][12912][trace][gc,age      ] GC(16) - age  12:    2059560 bytes,   55441072 total
[2025-04-16T10:00:35.542+0000][12912][trace][gc,age      ] GC(16) - age  13:     377768 bytes,   55818840 total
[2025-04-16T10:00:35.542+0000][12912][info ][gc,heap     ] GC(16) Eden regions: 42->0(258)
[2025-04-16T10:00:35.542+0000][12912][info ][gc,heap     ] GC(16) Survivor regions: 14->15(26)
[2025-04-16T10:00:35.542+0000][12912][info ][gc,heap     ] GC(16) Old regions: 4->4
[2025-04-16T10:00:35.542+0000][12912][info ][gc,heap     ] GC(16) Humongous regions: 0->0
[2025-04-16T10:00:35.542+0000][12912][info ][gc,metaspace] GC(16) Metaspace: 98945K(101056K)->98945K(101056K) NonClass: 85425K(86656K)->85425K(86656K) Class: 13519K(14400K)->13519K(14400K)
[2025-04-16T10:00:35.542+0000][12912][info ][gc          ] GC(16) Pause Young (Concurrent Start) (Metadata GC Threshold) 234M->73M(3776M) 22.848ms
[2025-04-16T10:00:35.542+0000][12912][info ][gc,cpu      ] GC(16) User=0.30s Sys=0.03s Real=0.02s
[2025-04-16T10:00:35.542+0000][12912][info ][gc          ] GC(17) Concurrent Mark Cycle
[2025-04-16T10:00:35.542+0000][12912][info ][safepoint   ] Safepoint "CollectForMetadataAllocation", Time since last: 1441518300 ns, Reaching safepoint: 4400 ns, At safepoint: 22952100 ns, Total: 22956500 ns
[2025-04-16T10:00:35.542+0000][12912][info ][gc,marking  ] GC(17) Concurrent Scan Root Regions
[2025-04-16T10:00:35.550+0000][12912][info ][gc,marking  ] GC(17) Concurrent Scan Root Regions 8.526ms
[2025-04-16T10:00:35.550+0000][12912][info ][gc,marking  ] GC(17) Concurrent Mark
[2025-04-16T10:00:35.550+0000][12912][info ][gc,marking  ] GC(17) Concurrent Mark From Roots
[2025-04-16T10:00:35.550+0000][12912][info ][gc,task     ] GC(17) Using 3 workers of 3 for marking
[2025-04-16T10:00:35.559+0000][12912][info ][gc,marking  ] GC(17) Concurrent Mark From Roots 8.935ms
[2025-04-16T10:00:35.559+0000][12912][info ][gc,marking  ] GC(17) Concurrent Preclean
[2025-04-16T10:00:35.559+0000][12912][info ][gc,marking  ] GC(17) Concurrent Preclean 0.063ms
[2025-04-16T10:00:35.559+0000][12912][info ][gc,start    ] GC(17) Pause Remark
[2025-04-16T10:00:35.563+0000][12912][info ][gc          ] GC(17) Pause Remark 79M->79M(3776M) 4.038ms
[2025-04-16T10:00:35.563+0000][12912][info ][gc,cpu      ] GC(17) User=0.00s Sys=0.00s Real=0.00s
[2025-04-16T10:00:35.563+0000][12912][info ][safepoint   ] Safepoint "G1PauseRemark", Time since last: 17688200 ns, Reaching safepoint: 6000 ns, At safepoint: 4146700 ns, Total: 4152700 ns
[2025-04-16T10:00:35.563+0000][12912][info ][gc,marking  ] GC(17) Concurrent Mark 13.293ms
[2025-04-16T10:00:35.563+0000][12912][info ][gc,marking  ] GC(17) Concurrent Rebuild Remembered Sets and Scrub Regions
[2025-04-16T10:00:35.565+0000][12912][info ][gc,marking  ] GC(17) Concurrent Rebuild Remembered Sets and Scrub Regions 2.379ms
[2025-04-16T10:00:35.565+0000][12912][info ][gc,start    ] GC(17) Pause Cleanup
[2025-04-16T10:00:35.565+0000][12912][info ][gc          ] GC(17) Pause Cleanup 79M->79M(3776M) 0.057ms
[2025-04-16T10:00:35.565+0000][12912][info ][gc,cpu      ] GC(17) User=0.00s Sys=0.00s Real=0.00s
[2025-04-16T10:00:35.565+0000][12912][info ][safepoint   ] Safepoint "G1PauseCleanup", Time since last: 2551400 ns, Reaching safepoint: 4100 ns, At safepoint: 92900 ns, Total: 97000 ns
[2025-04-16T10:00:35.565+0000][12912][info ][gc,marking  ] GC(17) Concurrent Clear Claimed Marks
[2025-04-16T10:00:35.565+0000][12912][info ][gc,marking  ] GC(17) Concurrent Clear Claimed Marks 0.082ms
[2025-04-16T10:00:35.565+0000][12912][info ][gc,marking  ] GC(17) Concurrent Cleanup for Next Mark
[2025-04-16T10:00:35.576+0000][12912][info ][gc,marking  ] GC(17) Concurrent Cleanup for Next Mark 9.244ms
[2025-04-16T10:00:35.576+0000][12912][info ][gc          ] GC(17) Concurrent Mark Cycle 34.058ms
[2025-04-16T10:02:53.419+0000][12912][info ][gc,heap,exit] Heap
[2025-04-16T10:02:53.420+0000][12912][info ][gc,heap,exit]  garbage-first heap   total reserved 3866624K, committed 3866624K, used 1049972K [0x0000000714000000, 0x0000000800000000)
[2025-04-16T10:02:53.420+0000][12912][info ][gc,heap,exit]   region size 4096K, 251 young (1028096K), 15 survivors (61440K)
[2025-04-16T10:02:53.420+0000][12912][info ][gc,heap,exit]  Metaspace       used 142613K, committed 146752K, reserved 1179648K
[2025-04-16T10:02:53.420+0000][12912][info ][gc,heap,exit]   class space    used 20455K, committed 22336K, reserved 1048576K
