[2025-04-16T12:11:51.553+0000][36104][info][gc,init] CardTable entry size: 512
[2025-04-16T12:11:51.554+0000][36104][info][gc     ] Using G1
[2025-04-16T12:11:54.182+0000][36104][info][gc,init] Version: 23+37-2369 (release)
[2025-04-16T12:11:54.184+0000][36104][info][gc,init] CPUs: 12 total, 12 available
[2025-04-16T12:11:54.184+0000][36104][info][gc,init] Memory: 7549M
[2025-04-16T12:11:54.184+0000][36104][info][gc,init] Large Page Support: Disabled
[2025-04-16T12:11:54.184+0000][36104][info][gc,init] NUMA Support: Disabled
[2025-04-16T12:11:54.184+0000][36104][info][gc,init] Compressed Oops: Enabled (Zero based)
[2025-04-16T12:11:54.184+0000][36104][info][gc,init] Heap Region Size: 4M
[2025-04-16T12:11:54.184+0000][36104][info][gc,init] Heap Min Capacity: 3776M
[2025-04-16T12:11:54.184+0000][36104][info][gc,init] Heap Initial Capacity: 3776M
[2025-04-16T12:11:54.184+0000][36104][info][gc,init] Heap Max Capacity: 3776M
[2025-04-16T12:11:54.184+0000][36104][info][gc,init] Pre-touch: Enabled
[2025-04-16T12:11:54.184+0000][36104][info][gc,init] Parallel Workers: 10
[2025-04-16T12:11:54.184+0000][36104][info][gc,init] Concurrent Workers: 3
[2025-04-16T12:11:54.184+0000][36104][info][gc,init] Concurrent Refinement Workers: 10
[2025-04-16T12:11:54.184+0000][36104][info][gc,init] Periodic GC: Disabled
[2025-04-16T12:11:54.210+0000][36104][info][gc,metaspace] CDS archive(s) mapped at: [0x000001e00f000000-0x000001e00fd70000-0x000001e00fd70000), size 14090240, SharedBaseAddress: 0x000001e00f000000, ArchiveRelocationMode: 1.
[2025-04-16T12:11:54.210+0000][36104][info][gc,metaspace] Compressed class space mapped at: 0x000001e010000000-0x000001e050000000, reserved size: 1073741824
[2025-04-16T12:11:54.210+0000][36104][info][gc,metaspace] Narrow klass base: 0x000001e00f000000, Narrow klass shift: 0, Narrow klass range: 0x41000000
[2025-04-16T12:11:57.674+0000][36104][info][gc,start    ] GC(0) Pause Young (Normal) (G1 Evacuation Pause)
[2025-04-16T12:11:57.675+0000][36104][info][gc,task     ] GC(0) Using 10 workers of 10 for evacuation
[2025-04-16T12:11:57.675+0000][36104][debug][gc,age      ] GC(0) Desired survivor size 12582912 bytes, new threshold 15 (max threshold 15)
[2025-04-16T12:11:57.685+0000][36104][info ][gc,phases   ] GC(0)   Pre Evacuate Collection Set: 0.42ms
[2025-04-16T12:11:57.685+0000][36104][info ][gc,phases   ] GC(0)   Merge Heap Roots: 0.82ms
[2025-04-16T12:11:57.685+0000][36104][info ][gc,phases   ] GC(0)   Evacuate Collection Set: 8.43ms
[2025-04-16T12:11:57.685+0000][36104][info ][gc,phases   ] GC(0)   Post Evacuate Collection Set: 1.05ms
[2025-04-16T12:11:57.685+0000][36104][info ][gc,phases   ] GC(0)   Other: 0.59ms
[2025-04-16T12:11:57.685+0000][36104][trace][gc,age      ] GC(0) Age table:
[2025-04-16T12:11:57.685+0000][36104][trace][gc,age      ] GC(0) - age   1:   14193936 bytes,   14193936 total
[2025-04-16T12:11:57.685+0000][36104][info ][gc,heap     ] GC(0) Eden regions: 47->0(43)
[2025-04-16T12:11:57.685+0000][36104][info ][gc,heap     ] GC(0) Survivor regions: 0->4(6)
[2025-04-16T12:11:57.685+0000][36104][info ][gc,heap     ] GC(0) Old regions: 0->0
[2025-04-16T12:11:57.685+0000][36104][info ][gc,heap     ] GC(0) Humongous regions: 0->0
[2025-04-16T12:11:57.685+0000][36104][info ][gc,metaspace] GC(0) Metaspace: 18706K(19456K)->18706K(19456K) NonClass: 16588K(17024K)->16588K(17024K) Class: 2118K(2432K)->2118K(2432K)
[2025-04-16T12:11:57.685+0000][36104][info ][gc          ] GC(0) Pause Young (Normal) (G1 Evacuation Pause) 188M->14M(3776M) 11.907ms
[2025-04-16T12:11:57.685+0000][36104][info ][gc,cpu      ] GC(0) User=0.00s Sys=0.00s Real=0.01s
[2025-04-16T12:11:57.685+0000][36104][info ][safepoint   ] Safepoint "G1CollectForAllocation", Time since last: 3458958000 ns, Reaching safepoint: 12500 ns, At safepoint: 11964300 ns, Total: 11976800 ns
[2025-04-16T12:11:58.496+0000][36104][info ][gc,start    ] GC(1) Pause Young (Concurrent Start) (Metadata GC Threshold)
[2025-04-16T12:11:58.496+0000][36104][info ][gc,task     ] GC(1) Using 10 workers of 10 for evacuation
[2025-04-16T12:11:58.496+0000][36104][debug][gc,age      ] GC(1) Desired survivor size 12582912 bytes, new threshold 1 (max threshold 15)
[2025-04-16T12:11:58.507+0000][36104][info ][gc,phases   ] GC(1)   Pre Evacuate Collection Set: 0.52ms
[2025-04-16T12:11:58.507+0000][36104][info ][gc,phases   ] GC(1)   Merge Heap Roots: 0.06ms
[2025-04-16T12:11:58.507+0000][36104][info ][gc,phases   ] GC(1)   Evacuate Collection Set: 8.79ms
[2025-04-16T12:11:58.507+0000][36104][info ][gc,phases   ] GC(1)   Post Evacuate Collection Set: 1.18ms
[2025-04-16T12:11:58.507+0000][36104][info ][gc,phases   ] GC(1)   Other: 0.17ms
[2025-04-16T12:11:58.507+0000][36104][trace][gc,age      ] GC(1) Age table:
[2025-04-16T12:11:58.507+0000][36104][trace][gc,age      ] GC(1) - age   1:    1235608 bytes,    1235608 total
[2025-04-16T12:11:58.507+0000][36104][info ][gc,heap     ] GC(1) Eden regions: 17->0(46)
[2025-04-16T12:11:58.507+0000][36104][info ][gc,heap     ] GC(1) Survivor regions: 4->1(6)
[2025-04-16T12:11:58.507+0000][36104][info ][gc,heap     ] GC(1) Old regions: 0->4
[2025-04-16T12:11:58.507+0000][36104][info ][gc,heap     ] GC(1) Humongous regions: 0->0
[2025-04-16T12:11:58.507+0000][36104][info ][gc,metaspace] GC(1) Metaspace: 20776K(21504K)->20776K(21504K) NonClass: 18444K(18880K)->18444K(18880K) Class: 2332K(2624K)->2332K(2624K)
[2025-04-16T12:11:58.507+0000][36104][info ][gc          ] GC(1) Pause Young (Concurrent Start) (Metadata GC Threshold) 82M->16M(3776M) 10.985ms
[2025-04-16T12:11:58.507+0000][36104][info ][gc          ] GC(2) Concurrent Mark Cycle
[2025-04-16T12:11:58.507+0000][36104][info ][gc,cpu      ] GC(1) User=0.05s Sys=0.11s Real=0.01s
[2025-04-16T12:11:58.507+0000][36104][info ][gc,marking  ] GC(2) Concurrent Scan Root Regions
[2025-04-16T12:11:58.507+0000][36104][info ][safepoint   ] Safepoint "CollectForMetadataAllocation", Time since last: 810124200 ns, Reaching safepoint: 19900 ns, At safepoint: 11167300 ns, Total: 11187200 ns
[2025-04-16T12:11:58.511+0000][36104][info ][gc,marking  ] GC(2) Concurrent Scan Root Regions 3.820ms
[2025-04-16T12:11:58.511+0000][36104][info ][gc,marking  ] GC(2) Concurrent Mark
[2025-04-16T12:11:58.511+0000][36104][info ][gc,marking  ] GC(2) Concurrent Mark From Roots
[2025-04-16T12:11:58.511+0000][36104][info ][gc,task     ] GC(2) Using 3 workers of 3 for marking
[2025-04-16T12:11:58.512+0000][36104][info ][gc,marking  ] GC(2) Concurrent Mark From Roots 0.240ms
[2025-04-16T12:11:58.512+0000][36104][info ][gc,marking  ] GC(2) Concurrent Preclean
[2025-04-16T12:11:58.512+0000][36104][info ][gc,marking  ] GC(2) Concurrent Preclean 0.014ms
[2025-04-16T12:11:58.512+0000][36104][info ][gc,start    ] GC(2) Pause Remark
[2025-04-16T12:11:58.514+0000][36104][info ][gc          ] GC(2) Pause Remark 20M->20M(3776M) 3.039ms
[2025-04-16T12:11:58.514+0000][36104][info ][gc,cpu      ] GC(2) User=0.03s Sys=0.00s Real=0.00s
[2025-04-16T12:11:58.514+0000][36104][info ][safepoint   ] Safepoint "G1PauseRemark", Time since last: 4183800 ns, Reaching safepoint: 15900 ns, At safepoint: 3149500 ns, Total: 3165400 ns
[2025-04-16T12:11:58.514+0000][36104][info ][gc,marking  ] GC(2) Concurrent Mark 3.537ms
[2025-04-16T12:11:58.514+0000][36104][info ][gc,marking  ] GC(2) Concurrent Rebuild Remembered Sets and Scrub Regions
[2025-04-16T12:11:58.517+0000][36104][info ][gc,marking  ] GC(2) Concurrent Rebuild Remembered Sets and Scrub Regions 2.455ms
[2025-04-16T12:11:58.517+0000][36104][info ][gc,start    ] GC(2) Pause Cleanup
[2025-04-16T12:11:58.517+0000][36104][info ][gc          ] GC(2) Pause Cleanup 20M->20M(3776M) 0.092ms
[2025-04-16T12:11:58.517+0000][36104][info ][gc,cpu      ] GC(2) User=0.00s Sys=0.00s Real=0.00s
[2025-04-16T12:11:58.517+0000][36104][info ][safepoint   ] Safepoint "G1PauseCleanup", Time since last: 2615800 ns, Reaching safepoint: 5900 ns, At safepoint: 136700 ns, Total: 142600 ns
[2025-04-16T12:11:58.517+0000][36104][info ][gc,marking  ] GC(2) Concurrent Clear Claimed Marks
[2025-04-16T12:11:58.517+0000][36104][info ][gc,marking  ] GC(2) Concurrent Clear Claimed Marks 0.079ms
[2025-04-16T12:11:58.517+0000][36104][info ][gc,marking  ] GC(2) Concurrent Cleanup for Next Mark
[2025-04-16T12:11:58.528+0000][36104][info ][gc,marking  ] GC(2) Concurrent Cleanup for Next Mark 9.917ms
[2025-04-16T12:11:58.528+0000][36104][info ][gc          ] GC(2) Concurrent Mark Cycle 20.462ms
[2025-04-16T12:11:59.192+0000][36104][info ][gc,start    ] GC(3) Pause Young (Normal) (G1 Evacuation Pause)
[2025-04-16T12:11:59.192+0000][36104][info ][gc,task     ] GC(3) Using 10 workers of 10 for evacuation
[2025-04-16T12:11:59.192+0000][36104][debug][gc,age      ] GC(3) Desired survivor size 12582912 bytes, new threshold 15 (max threshold 15)
[2025-04-16T12:11:59.194+0000][36104][info ][gc,phases   ] GC(3)   Pre Evacuate Collection Set: 0.17ms
[2025-04-16T12:11:59.194+0000][36104][info ][gc,phases   ] GC(3)   Merge Heap Roots: 0.08ms
[2025-04-16T12:11:59.194+0000][36104][info ][gc,phases   ] GC(3)   Evacuate Collection Set: 1.79ms
[2025-04-16T12:11:59.194+0000][36104][info ][gc,phases   ] GC(3)   Post Evacuate Collection Set: 0.49ms
[2025-04-16T12:11:59.194+0000][36104][info ][gc,phases   ] GC(3)   Other: 0.10ms
[2025-04-16T12:11:59.194+0000][36104][trace][gc,age      ] GC(3) Age table:
[2025-04-16T12:11:59.194+0000][36104][trace][gc,age      ] GC(3) - age   1:    3084752 bytes,    3084752 total
[2025-04-16T12:11:59.194+0000][36104][trace][gc,age      ] GC(3) - age   2:     417896 bytes,    3502648 total
[2025-04-16T12:11:59.194+0000][36104][info ][gc,heap     ] GC(3) Eden regions: 46->0(46)
[2025-04-16T12:11:59.194+0000][36104][info ][gc,heap     ] GC(3) Survivor regions: 1->1(6)
[2025-04-16T12:11:59.194+0000][36104][info ][gc,heap     ] GC(3) Old regions: 4->4
[2025-04-16T12:11:59.194+0000][36104][info ][gc,heap     ] GC(3) Humongous regions: 0->0
[2025-04-16T12:11:59.194+0000][36104][info ][gc,metaspace] GC(3) Metaspace: 24621K(25536K)->24621K(25536K) NonClass: 21878K(22400K)->21878K(22400K) Class: 2742K(3136K)->2742K(3136K)
[2025-04-16T12:11:59.194+0000][36104][info ][gc          ] GC(3) Pause Young (Normal) (G1 Evacuation Pause) 200M->17M(3776M) 2.941ms
[2025-04-16T12:11:59.194+0000][36104][info ][gc,cpu      ] GC(3) User=0.00s Sys=0.00s Real=0.00s
[2025-04-16T12:11:59.195+0000][36104][info ][safepoint   ] Safepoint "G1CollectForAllocation", Time since last: 673919900 ns, Reaching safepoint: 4800 ns, At safepoint: 2997800 ns, Total: 3002600 ns
[2025-04-16T12:12:00.055+0000][36104][info ][gc,start    ] GC(4) Pause Young (Normal) (G1 Evacuation Pause)
[2025-04-16T12:12:00.055+0000][36104][info ][gc,task     ] GC(4) Using 10 workers of 10 for evacuation
[2025-04-16T12:12:00.055+0000][36104][debug][gc,age      ] GC(4) Desired survivor size 12582912 bytes, new threshold 15 (max threshold 15)
[2025-04-16T12:12:00.058+0000][36104][info ][gc,phases   ] GC(4)   Pre Evacuate Collection Set: 0.17ms
[2025-04-16T12:12:00.058+0000][36104][info ][gc,phases   ] GC(4)   Merge Heap Roots: 0.08ms
[2025-04-16T12:12:00.058+0000][36104][info ][gc,phases   ] GC(4)   Evacuate Collection Set: 2.83ms
[2025-04-16T12:12:00.058+0000][36104][info ][gc,phases   ] GC(4)   Post Evacuate Collection Set: 0.67ms
[2025-04-16T12:12:00.058+0000][36104][info ][gc,phases   ] GC(4)   Other: 0.12ms
[2025-04-16T12:12:00.058+0000][36104][trace][gc,age      ] GC(4) Age table:
[2025-04-16T12:12:00.058+0000][36104][trace][gc,age      ] GC(4) - age   1:    6241312 bytes,    6241312 total
[2025-04-16T12:12:00.058+0000][36104][trace][gc,age      ] GC(4) - age   2:    3022656 bytes,    9263968 total
[2025-04-16T12:12:00.058+0000][36104][trace][gc,age      ] GC(4) - age   3:     416544 bytes,    9680512 total
[2025-04-16T12:12:00.058+0000][36104][info ][gc,heap     ] GC(4) Eden regions: 46->0(44)
[2025-04-16T12:12:00.058+0000][36104][info ][gc,heap     ] GC(4) Survivor regions: 1->3(6)
[2025-04-16T12:12:00.059+0000][36104][info ][gc,heap     ] GC(4) Old regions: 4->4
[2025-04-16T12:12:00.059+0000][36104][info ][gc,heap     ] GC(4) Humongous regions: 0->0
[2025-04-16T12:12:00.059+0000][36104][info ][gc,metaspace] GC(4) Metaspace: 29726K(30592K)->29726K(30592K) NonClass: 26331K(26816K)->26331K(26816K) Class: 3395K(3776K)->3395K(3776K)
[2025-04-16T12:12:00.059+0000][36104][info ][gc          ] GC(4) Pause Young (Normal) (G1 Evacuation Pause) 201M->23M(3776M) 4.605ms
[2025-04-16T12:12:00.059+0000][36104][info ][gc,cpu      ] GC(4) User=0.00s Sys=0.00s Real=0.00s
[2025-04-16T12:12:00.059+0000][36104][info ][safepoint   ] Safepoint "G1CollectForAllocation", Time since last: 860352500 ns, Reaching safepoint: 5000 ns, At safepoint: 4704100 ns, Total: 4709100 ns
[2025-04-16T12:12:00.335+0000][36104][info ][gc,start    ] GC(5) Pause Young (Normal) (G1 Evacuation Pause)
[2025-04-16T12:12:00.335+0000][36104][info ][gc,task     ] GC(5) Using 10 workers of 10 for evacuation
[2025-04-16T12:12:00.335+0000][36104][debug][gc,age      ] GC(5) Desired survivor size 12582912 bytes, new threshold 15 (max threshold 15)
[2025-04-16T12:12:00.338+0000][36104][info ][gc,phases   ] GC(5)   Pre Evacuate Collection Set: 0.21ms
[2025-04-16T12:12:00.338+0000][36104][info ][gc,phases   ] GC(5)   Merge Heap Roots: 0.07ms
[2025-04-16T12:12:00.338+0000][36104][info ][gc,phases   ] GC(5)   Evacuate Collection Set: 2.68ms
[2025-04-16T12:12:00.338+0000][36104][info ][gc,phases   ] GC(5)   Post Evacuate Collection Set: 0.52ms
[2025-04-16T12:12:00.338+0000][36104][info ][gc,phases   ] GC(5)   Other: 0.11ms
[2025-04-16T12:12:00.338+0000][36104][trace][gc,age      ] GC(5) Age table:
[2025-04-16T12:12:00.338+0000][36104][trace][gc,age      ] GC(5) - age   1:    1953192 bytes,    1953192 total
[2025-04-16T12:12:00.338+0000][36104][trace][gc,age      ] GC(5) - age   2:    4437096 bytes,    6390288 total
[2025-04-16T12:12:00.338+0000][36104][trace][gc,age      ] GC(5) - age   3:    3022560 bytes,    9412848 total
[2025-04-16T12:12:00.338+0000][36104][trace][gc,age      ] GC(5) - age   4:     416544 bytes,    9829392 total
[2025-04-16T12:12:00.338+0000][36104][info ][gc,heap     ] GC(5) Eden regions: 44->0(71)
[2025-04-16T12:12:00.338+0000][36104][info ][gc,heap     ] GC(5) Survivor regions: 3->3(6)
[2025-04-16T12:12:00.338+0000][36104][info ][gc,heap     ] GC(5) Old regions: 4->4
[2025-04-16T12:12:00.338+0000][36104][info ][gc,heap     ] GC(5) Humongous regions: 0->0
[2025-04-16T12:12:00.338+0000][36104][info ][gc,metaspace] GC(5) Metaspace: 30148K(31104K)->30148K(31104K) NonClass: 26713K(27264K)->26713K(27264K) Class: 3435K(3840K)->3435K(3840K)
[2025-04-16T12:12:00.339+0000][36104][info ][gc          ] GC(5) Pause Young (Normal) (G1 Evacuation Pause) 199M->24M(3776M) 3.921ms
[2025-04-16T12:12:00.339+0000][36104][info ][gc,cpu      ] GC(5) User=0.00s Sys=0.00s Real=0.00s
[2025-04-16T12:12:00.339+0000][36104][info ][safepoint   ] Safepoint "G1CollectForAllocation", Time since last: 275816900 ns, Reaching safepoint: 4400 ns, At safepoint: 3974900 ns, Total: 3979300 ns
[2025-04-16T12:12:00.742+0000][36104][info ][gc,start    ] GC(6) Pause Young (Normal) (G1 Evacuation Pause)
[2025-04-16T12:12:00.742+0000][36104][info ][gc,task     ] GC(6) Using 10 workers of 10 for evacuation
[2025-04-16T12:12:00.742+0000][36104][debug][gc,age      ] GC(6) Desired survivor size 20971520 bytes, new threshold 15 (max threshold 15)
[2025-04-16T12:12:00.748+0000][36104][info ][gc,phases   ] GC(6)   Pre Evacuate Collection Set: 0.22ms
[2025-04-16T12:12:00.748+0000][36104][info ][gc,phases   ] GC(6)   Merge Heap Roots: 0.08ms
[2025-04-16T12:12:00.748+0000][36104][info ][gc,phases   ] GC(6)   Evacuate Collection Set: 4.71ms
[2025-04-16T12:12:00.748+0000][36104][info ][gc,phases   ] GC(6)   Post Evacuate Collection Set: 0.56ms
[2025-04-16T12:12:00.748+0000][36104][info ][gc,phases   ] GC(6)   Other: 0.12ms
[2025-04-16T12:12:00.748+0000][36104][trace][gc,age      ] GC(6) Age table:
[2025-04-16T12:12:00.748+0000][36104][trace][gc,age      ] GC(6) - age   1:    2972032 bytes,    2972032 total
[2025-04-16T12:12:00.748+0000][36104][trace][gc,age      ] GC(6) - age   2:    1415016 bytes,    4387048 total
[2025-04-16T12:12:00.748+0000][36104][trace][gc,age      ] GC(6) - age   3:    4433864 bytes,    8820912 total
[2025-04-16T12:12:00.748+0000][36104][trace][gc,age      ] GC(6) - age   4:    3022120 bytes,   11843032 total
[2025-04-16T12:12:00.748+0000][36104][trace][gc,age      ] GC(6) - age   5:     416544 bytes,   12259576 total
[2025-04-16T12:12:00.748+0000][36104][info ][gc,heap     ] GC(6) Eden regions: 71->0(62)
[2025-04-16T12:12:00.748+0000][36104][info ][gc,heap     ] GC(6) Survivor regions: 3->4(10)
[2025-04-16T12:12:00.748+0000][36104][info ][gc,heap     ] GC(6) Old regions: 4->4
[2025-04-16T12:12:00.748+0000][36104][info ][gc,heap     ] GC(6) Humongous regions: 0->0
[2025-04-16T12:12:00.748+0000][36104][info ][gc,metaspace] GC(6) Metaspace: 30603K(31552K)->30603K(31552K) NonClass: 27102K(27648K)->27102K(27648K) Class: 3500K(3904K)->3500K(3904K)
[2025-04-16T12:12:00.748+0000][36104][info ][gc          ] GC(6) Pause Young (Normal) (G1 Evacuation Pause) 308M->26M(3776M) 5.986ms
[2025-04-16T12:12:00.748+0000][36104][info ][gc,cpu      ] GC(6) User=0.00s Sys=0.00s Real=0.01s
[2025-04-16T12:12:00.748+0000][36104][info ][safepoint   ] Safepoint "G1CollectForAllocation", Time since last: 403555100 ns, Reaching safepoint: 8000 ns, At safepoint: 6043100 ns, Total: 6051100 ns
[2025-04-16T12:12:01.257+0000][36104][info ][gc,start    ] GC(7) Pause Young (Concurrent Start) (Metadata GC Threshold)
[2025-04-16T12:12:01.257+0000][36104][info ][gc,task     ] GC(7) Using 10 workers of 10 for evacuation
[2025-04-16T12:12:01.257+0000][36104][debug][gc,age      ] GC(7) Desired survivor size 18874368 bytes, new threshold 15 (max threshold 15)
[2025-04-16T12:12:01.262+0000][36104][info ][gc,phases   ] GC(7)   Pre Evacuate Collection Set: 0.17ms
[2025-04-16T12:12:01.262+0000][36104][info ][gc,phases   ] GC(7)   Merge Heap Roots: 0.05ms
[2025-04-16T12:12:01.262+0000][36104][info ][gc,phases   ] GC(7)   Evacuate Collection Set: 4.66ms
[2025-04-16T12:12:01.262+0000][36104][info ][gc,phases   ] GC(7)   Post Evacuate Collection Set: 0.61ms
[2025-04-16T12:12:01.262+0000][36104][info ][gc,phases   ] GC(7)   Other: 0.11ms
[2025-04-16T12:12:01.262+0000][36104][trace][gc,age      ] GC(7) Age table:
[2025-04-16T12:12:01.262+0000][36104][trace][gc,age      ] GC(7) - age   1:    3471576 bytes,    3471576 total
[2025-04-16T12:12:01.262+0000][36104][trace][gc,age      ] GC(7) - age   2:    2636792 bytes,    6108368 total
[2025-04-16T12:12:01.262+0000][36104][trace][gc,age      ] GC(7) - age   3:    1414984 bytes,    7523352 total
[2025-04-16T12:12:01.262+0000][36104][trace][gc,age      ] GC(7) - age   4:    4430936 bytes,   11954288 total
[2025-04-16T12:12:01.262+0000][36104][trace][gc,age      ] GC(7) - age   5:    3020648 bytes,   14974936 total
[2025-04-16T12:12:01.262+0000][36104][trace][gc,age      ] GC(7) - age   6:     416544 bytes,   15391480 total
[2025-04-16T12:12:01.262+0000][36104][info ][gc,heap     ] GC(7) Eden regions: 37->0(86)
[2025-04-16T12:12:01.262+0000][36104][info ][gc,heap     ] GC(7) Survivor regions: 4->5(9)
[2025-04-16T12:12:01.262+0000][36104][info ][gc,heap     ] GC(7) Old regions: 4->4
[2025-04-16T12:12:01.262+0000][36104][info ][gc,heap     ] GC(7) Humongous regions: 0->0
[2025-04-16T12:12:01.262+0000][36104][info ][gc,metaspace] GC(7) Metaspace: 35094K(36096K)->35094K(36096K) NonClass: 31120K(31680K)->31120K(31680K) Class: 3974K(4416K)->3974K(4416K)
[2025-04-16T12:12:01.262+0000][36104][info ][gc          ] GC(7) Pause Young (Concurrent Start) (Metadata GC Threshold) 174M->30M(3776M) 5.917ms
[2025-04-16T12:12:01.262+0000][36104][info ][gc,cpu      ] GC(7) User=0.00s Sys=0.00s Real=0.01s
[2025-04-16T12:12:01.262+0000][36104][info ][gc          ] GC(8) Concurrent Mark Cycle
[2025-04-16T12:12:01.262+0000][36104][info ][safepoint   ] Safepoint "CollectForMetadataAllocation", Time since last: 507839300 ns, Reaching safepoint: 5000 ns, At safepoint: 6016100 ns, Total: 6021100 ns
[2025-04-16T12:12:01.262+0000][36104][info ][gc,marking  ] GC(8) Concurrent Scan Root Regions
[2025-04-16T12:12:01.266+0000][36104][info ][gc,marking  ] GC(8) Concurrent Scan Root Regions 2.899ms
[2025-04-16T12:12:01.266+0000][36104][info ][gc,marking  ] GC(8) Concurrent Mark
[2025-04-16T12:12:01.266+0000][36104][info ][gc,marking  ] GC(8) Concurrent Mark From Roots
[2025-04-16T12:12:01.266+0000][36104][info ][gc,task     ] GC(8) Using 3 workers of 3 for marking
[2025-04-16T12:12:01.273+0000][36104][info ][gc,marking  ] GC(8) Concurrent Mark From Roots 7.892ms
[2025-04-16T12:12:01.273+0000][36104][info ][gc,marking  ] GC(8) Concurrent Preclean
[2025-04-16T12:12:01.274+0000][36104][info ][gc,marking  ] GC(8) Concurrent Preclean 0.101ms
[2025-04-16T12:12:01.274+0000][36104][info ][gc,start    ] GC(8) Pause Remark
[2025-04-16T12:12:01.277+0000][36104][info ][gc          ] GC(8) Pause Remark 32M->32M(3776M) 3.717ms
[2025-04-16T12:12:01.277+0000][36104][info ][gc,cpu      ] GC(8) User=0.00s Sys=0.00s Real=0.00s
[2025-04-16T12:12:01.277+0000][36104][info ][safepoint   ] Safepoint "G1PauseRemark", Time since last: 11121200 ns, Reaching safepoint: 26300 ns, At safepoint: 3816700 ns, Total: 3843000 ns
[2025-04-16T12:12:01.277+0000][36104][info ][gc,marking  ] GC(8) Concurrent Mark 12.003ms
[2025-04-16T12:12:01.277+0000][36104][info ][gc,marking  ] GC(8) Concurrent Rebuild Remembered Sets and Scrub Regions
[2025-04-16T12:12:01.281+0000][36104][info ][gc,marking  ] GC(8) Concurrent Rebuild Remembered Sets and Scrub Regions 2.748ms
[2025-04-16T12:12:01.281+0000][36104][info ][gc,start    ] GC(8) Pause Cleanup
[2025-04-16T12:12:01.281+0000][36104][info ][gc          ] GC(8) Pause Cleanup 32M->32M(3776M) 0.069ms
[2025-04-16T12:12:01.281+0000][36104][info ][gc,cpu      ] GC(8) User=0.00s Sys=0.00s Real=0.00s
[2025-04-16T12:12:01.281+0000][36104][info ][safepoint   ] Safepoint "G1PauseCleanup", Time since last: 2914300 ns, Reaching safepoint: 47100 ns, At safepoint: 109100 ns, Total: 156200 ns
[2025-04-16T12:12:01.281+0000][36104][info ][gc,marking  ] GC(8) Concurrent Clear Claimed Marks
[2025-04-16T12:12:01.281+0000][36104][info ][gc,marking  ] GC(8) Concurrent Clear Claimed Marks 0.066ms
[2025-04-16T12:12:01.281+0000][36104][info ][gc,marking  ] GC(8) Concurrent Cleanup for Next Mark
[2025-04-16T12:12:01.290+0000][36104][info ][gc,marking  ] GC(8) Concurrent Cleanup for Next Mark 8.871ms
[2025-04-16T12:12:01.290+0000][36104][info ][gc          ] GC(8) Concurrent Mark Cycle 27.186ms
[2025-04-16T12:12:01.995+0000][36104][info ][gc,start    ] GC(9) Pause Young (Normal) (G1 Evacuation Pause)
[2025-04-16T12:12:01.995+0000][36104][info ][gc,task     ] GC(9) Using 10 workers of 10 for evacuation
[2025-04-16T12:12:01.995+0000][36104][debug][gc,age      ] GC(9) Desired survivor size 25165824 bytes, new threshold 15 (max threshold 15)
[2025-04-16T12:12:02.007+0000][36104][info ][gc,phases   ] GC(9)   Pre Evacuate Collection Set: 0.14ms
[2025-04-16T12:12:02.007+0000][36104][info ][gc,phases   ] GC(9)   Merge Heap Roots: 0.06ms
[2025-04-16T12:12:02.007+0000][36104][info ][gc,phases   ] GC(9)   Evacuate Collection Set: 10.95ms
[2025-04-16T12:12:02.007+0000][36104][info ][gc,phases   ] GC(9)   Post Evacuate Collection Set: 0.73ms
[2025-04-16T12:12:02.007+0000][36104][info ][gc,phases   ] GC(9)   Other: 0.11ms
[2025-04-16T12:12:02.007+0000][36104][trace][gc,age      ] GC(9) Age table:
[2025-04-16T12:12:02.007+0000][36104][trace][gc,age      ] GC(9) - age   1:    6134200 bytes,    6134200 total
[2025-04-16T12:12:02.007+0000][36104][trace][gc,age      ] GC(9) - age   2:    3447632 bytes,    9581832 total
[2025-04-16T12:12:02.007+0000][36104][trace][gc,age      ] GC(9) - age   3:    2636384 bytes,   12218216 total
[2025-04-16T12:12:02.007+0000][36104][trace][gc,age      ] GC(9) - age   4:    1413288 bytes,   13631504 total
[2025-04-16T12:12:02.007+0000][36104][trace][gc,age      ] GC(9) - age   5:    4426864 bytes,   18058368 total
[2025-04-16T12:12:02.007+0000][36104][trace][gc,age      ] GC(9) - age   6:    3019144 bytes,   21077512 total
[2025-04-16T12:12:02.007+0000][36104][trace][gc,age      ] GC(9) - age   7:     410608 bytes,   21488120 total
[2025-04-16T12:12:02.007+0000][36104][info ][gc,heap     ] GC(9) Eden regions: 86->0(90)
[2025-04-16T12:12:02.007+0000][36104][info ][gc,heap     ] GC(9) Survivor regions: 5->6(12)
[2025-04-16T12:12:02.007+0000][36104][info ][gc,heap     ] GC(9) Old regions: 4->4
[2025-04-16T12:12:02.007+0000][36104][info ][gc,heap     ] GC(9) Humongous regions: 0->0
[2025-04-16T12:12:02.007+0000][36104][info ][gc,metaspace] GC(9) Metaspace: 38388K(39488K)->38388K(39488K) NonClass: 33951K(34624K)->33951K(34624K) Class: 4436K(4864K)->4436K(4864K)
[2025-04-16T12:12:02.007+0000][36104][info ][gc          ] GC(9) Pause Young (Normal) (G1 Evacuation Pause) 374M->37M(3776M) 12.290ms
[2025-04-16T12:12:02.007+0000][36104][info ][gc,cpu      ] GC(9) User=0.08s Sys=0.09s Real=0.01s
[2025-04-16T12:12:02.007+0000][36104][info ][safepoint   ] Safepoint "G1CollectForAllocation", Time since last: 714448200 ns, Reaching safepoint: 6300 ns, At safepoint: 12347200 ns, Total: 12353500 ns
[2025-04-16T12:12:02.580+0000][36104][info ][gc,start    ] GC(10) Pause Young (Normal) (G1 Evacuation Pause)
[2025-04-16T12:12:02.580+0000][36104][info ][gc,task     ] GC(10) Using 10 workers of 10 for evacuation
[2025-04-16T12:12:02.580+0000][36104][debug][gc,age      ] GC(10) Desired survivor size 25165824 bytes, new threshold 15 (max threshold 15)
[2025-04-16T12:12:02.590+0000][36104][info ][gc,phases   ] GC(10)   Pre Evacuate Collection Set: 0.18ms
[2025-04-16T12:12:02.590+0000][36104][info ][gc,phases   ] GC(10)   Merge Heap Roots: 0.07ms
[2025-04-16T12:12:02.590+0000][36104][info ][gc,phases   ] GC(10)   Evacuate Collection Set: 8.68ms
[2025-04-16T12:12:02.590+0000][36104][info ][gc,phases   ] GC(10)   Post Evacuate Collection Set: 0.86ms
[2025-04-16T12:12:02.590+0000][36104][info ][gc,phases   ] GC(10)   Other: 0.10ms
[2025-04-16T12:12:02.590+0000][36104][trace][gc,age      ] GC(10) Age table:
[2025-04-16T12:12:02.590+0000][36104][trace][gc,age      ] GC(10) - age   1:    4542144 bytes,    4542144 total
[2025-04-16T12:12:02.590+0000][36104][trace][gc,age      ] GC(10) - age   2:    6095840 bytes,   10637984 total
[2025-04-16T12:12:02.590+0000][36104][trace][gc,age      ] GC(10) - age   3:    3447536 bytes,   14085520 total
[2025-04-16T12:12:02.590+0000][36104][trace][gc,age      ] GC(10) - age   4:    2633648 bytes,   16719168 total
[2025-04-16T12:12:02.590+0000][36104][trace][gc,age      ] GC(10) - age   5:    1413192 bytes,   18132360 total
[2025-04-16T12:12:02.590+0000][36104][trace][gc,age      ] GC(10) - age   6:    4425360 bytes,   22557720 total
[2025-04-16T12:12:02.590+0000][36104][trace][gc,age      ] GC(10) - age   7:    3017416 bytes,   25575136 total
[2025-04-16T12:12:02.590+0000][36104][trace][gc,age      ] GC(10) - age   8:     392000 bytes,   25967136 total
[2025-04-16T12:12:02.590+0000][36104][info ][gc,heap     ] GC(10) Eden regions: 90->0(108)
[2025-04-16T12:12:02.590+0000][36104][info ][gc,heap     ] GC(10) Survivor regions: 6->7(12)
[2025-04-16T12:12:02.590+0000][36104][info ][gc,heap     ] GC(10) Old regions: 4->4
[2025-04-16T12:12:02.590+0000][36104][info ][gc,heap     ] GC(10) Humongous regions: 0->0
[2025-04-16T12:12:02.590+0000][36104][info ][gc,metaspace] GC(10) Metaspace: 39193K(40384K)->39193K(40384K) NonClass: 34646K(35392K)->34646K(35392K) Class: 4546K(4992K)->4546K(4992K)
[2025-04-16T12:12:02.590+0000][36104][info ][gc          ] GC(10) Pause Young (Normal) (G1 Evacuation Pause) 397M->41M(3776M) 10.214ms
[2025-04-16T12:12:02.590+0000][36104][info ][gc,cpu      ] GC(10) User=0.00s Sys=0.00s Real=0.01s
[2025-04-16T12:12:02.590+0000][36104][info ][safepoint   ] Safepoint "G1CollectForAllocation", Time since last: 572345600 ns, Reaching safepoint: 5700 ns, At safepoint: 10272000 ns, Total: 10277700 ns
[2025-04-16T12:12:04.828+0000][36104][info ][gc,start    ] GC(11) Pause Young (Normal) (G1 Evacuation Pause)
[2025-04-16T12:12:04.828+0000][36104][info ][gc,task     ] GC(11) Using 10 workers of 10 for evacuation
[2025-04-16T12:12:04.828+0000][36104][debug][gc,age      ] GC(11) Desired survivor size 31457280 bytes, new threshold 15 (max threshold 15)
[2025-04-16T12:12:04.842+0000][36104][info ][gc,phases   ] GC(11)   Pre Evacuate Collection Set: 0.17ms
[2025-04-16T12:12:04.842+0000][36104][info ][gc,phases   ] GC(11)   Merge Heap Roots: 0.07ms
[2025-04-16T12:12:04.842+0000][36104][info ][gc,phases   ] GC(11)   Evacuate Collection Set: 12.50ms
[2025-04-16T12:12:04.842+0000][36104][info ][gc,phases   ] GC(11)   Post Evacuate Collection Set: 1.30ms
[2025-04-16T12:12:04.842+0000][36104][info ][gc,phases   ] GC(11)   Other: 0.13ms
[2025-04-16T12:12:04.842+0000][36104][trace][gc,age      ] GC(11) Age table:
[2025-04-16T12:12:04.842+0000][36104][trace][gc,age      ] GC(11) - age   1:    6939400 bytes,    6939400 total
[2025-04-16T12:12:04.842+0000][36104][trace][gc,age      ] GC(11) - age   2:    4509368 bytes,   11448768 total
[2025-04-16T12:12:04.842+0000][36104][trace][gc,age      ] GC(11) - age   3:    6051920 bytes,   17500688 total
[2025-04-16T12:12:04.842+0000][36104][trace][gc,age      ] GC(11) - age   4:    3431752 bytes,   20932440 total
[2025-04-16T12:12:04.842+0000][36104][trace][gc,age      ] GC(11) - age   5:    2621536 bytes,   23553976 total
[2025-04-16T12:12:04.842+0000][36104][trace][gc,age      ] GC(11) - age   6:    1405360 bytes,   24959336 total
[2025-04-16T12:12:04.842+0000][36104][trace][gc,age      ] GC(11) - age   7:    4412392 bytes,   29371728 total
[2025-04-16T12:12:04.842+0000][36104][trace][gc,age      ] GC(11) - age   8:    2833656 bytes,   32205384 total
[2025-04-16T12:12:04.842+0000][36104][trace][gc,age      ] GC(11) - age   9:     391488 bytes,   32596872 total
[2025-04-16T12:12:04.842+0000][36104][info ][gc,heap     ] GC(11) Eden regions: 108->0(123)
[2025-04-16T12:12:04.842+0000][36104][info ][gc,heap     ] GC(11) Survivor regions: 7->9(15)
[2025-04-16T12:12:04.842+0000][36104][info ][gc,heap     ] GC(11) Old regions: 4->4
[2025-04-16T12:12:04.842+0000][36104][info ][gc,heap     ] GC(11) Humongous regions: 0->0
[2025-04-16T12:12:04.842+0000][36104][info ][gc,metaspace] GC(11) Metaspace: 45736K(47168K)->45736K(47168K) NonClass: 40232K(41088K)->40232K(41088K) Class: 5503K(6080K)->5503K(6080K)
[2025-04-16T12:12:04.842+0000][36104][info ][gc          ] GC(11) Pause Young (Normal) (G1 Evacuation Pause) 473M->48M(3776M) 14.545ms
[2025-04-16T12:12:04.842+0000][36104][info ][gc,cpu      ] GC(11) User=0.00s Sys=0.00s Real=0.01s
[2025-04-16T12:12:04.842+0000][36104][info ][safepoint   ] Safepoint "G1CollectForAllocation", Time since last: 2237502100 ns, Reaching safepoint: 8300 ns, At safepoint: 14603100 ns, Total: 14611400 ns
[2025-04-16T12:12:06.072+0000][36104][info ][gc,start    ] GC(12) Pause Young (Concurrent Start) (Metadata GC Threshold)
[2025-04-16T12:12:06.072+0000][36104][info ][gc,task     ] GC(12) Using 10 workers of 10 for evacuation
[2025-04-16T12:12:06.072+0000][36104][debug][gc,age      ] GC(12) Desired survivor size 35651584 bytes, new threshold 15 (max threshold 15)
[2025-04-16T12:12:06.085+0000][36104][info ][gc,phases   ] GC(12)   Pre Evacuate Collection Set: 0.21ms
[2025-04-16T12:12:06.085+0000][36104][info ][gc,phases   ] GC(12)   Merge Heap Roots: 0.06ms
[2025-04-16T12:12:06.085+0000][36104][info ][gc,phases   ] GC(12)   Evacuate Collection Set: 11.22ms
[2025-04-16T12:12:06.085+0000][36104][info ][gc,phases   ] GC(12)   Post Evacuate Collection Set: 1.09ms
[2025-04-16T12:12:06.085+0000][36104][info ][gc,phases   ] GC(12)   Other: 0.12ms
[2025-04-16T12:12:06.085+0000][36104][trace][gc,age      ] GC(12) Age table:
[2025-04-16T12:12:06.085+0000][36104][trace][gc,age      ] GC(12) - age   1:    2856072 bytes,    2856072 total
[2025-04-16T12:12:06.085+0000][36104][trace][gc,age      ] GC(12) - age   2:    6829464 bytes,    9685536 total
[2025-04-16T12:12:06.085+0000][36104][trace][gc,age      ] GC(12) - age   3:    4503952 bytes,   14189488 total
[2025-04-16T12:12:06.085+0000][36104][trace][gc,age      ] GC(12) - age   4:    6049352 bytes,   20238840 total
[2025-04-16T12:12:06.085+0000][36104][trace][gc,age      ] GC(12) - age   5:    3431688 bytes,   23670528 total
[2025-04-16T12:12:06.085+0000][36104][trace][gc,age      ] GC(12) - age   6:    2621016 bytes,   26291544 total
[2025-04-16T12:12:06.085+0000][36104][trace][gc,age      ] GC(12) - age   7:    1404616 bytes,   27696160 total
[2025-04-16T12:12:06.085+0000][36104][trace][gc,age      ] GC(12) - age   8:    4410504 bytes,   32106664 total
[2025-04-16T12:12:06.085+0000][36104][trace][gc,age      ] GC(12) - age   9:    2833416 bytes,   34940080 total
[2025-04-16T12:12:06.085+0000][36104][trace][gc,age      ] GC(12) - age  10:     391280 bytes,   35331360 total
[2025-04-16T12:12:06.085+0000][36104][info ][gc,heap     ] GC(12) Eden regions: 42->0(174)
[2025-04-16T12:12:06.085+0000][36104][info ][gc,heap     ] GC(12) Survivor regions: 9->10(17)
[2025-04-16T12:12:06.085+0000][36104][info ][gc,heap     ] GC(12) Old regions: 4->4
[2025-04-16T12:12:06.085+0000][36104][info ][gc,heap     ] GC(12) Humongous regions: 0->0
[2025-04-16T12:12:06.085+0000][36104][info ][gc,metaspace] GC(12) Metaspace: 59038K(60608K)->59038K(60608K) NonClass: 51737K(52672K)->51737K(52672K) Class: 7300K(7936K)->7300K(7936K)
[2025-04-16T12:12:06.085+0000][36104][info ][gc          ] GC(12) Pause Young (Concurrent Start) (Metadata GC Threshold) 216M->52M(3776M) 13.104ms
[2025-04-16T12:12:06.085+0000][36104][info ][gc,cpu      ] GC(12) User=0.11s Sys=0.03s Real=0.01s
[2025-04-16T12:12:06.085+0000][36104][info ][gc          ] GC(13) Concurrent Mark Cycle
[2025-04-16T12:12:06.085+0000][36104][info ][gc,marking  ] GC(13) Concurrent Scan Root Regions
[2025-04-16T12:12:06.085+0000][36104][info ][safepoint   ] Safepoint "CollectForMetadataAllocation", Time since last: 1229553900 ns, Reaching safepoint: 4200 ns, At safepoint: 13207300 ns, Total: 13211500 ns
[2025-04-16T12:12:06.090+0000][36104][info ][gc,marking  ] GC(13) Concurrent Scan Root Regions 4.869ms
[2025-04-16T12:12:06.090+0000][36104][info ][gc,marking  ] GC(13) Concurrent Mark
[2025-04-16T12:12:06.090+0000][36104][info ][gc,marking  ] GC(13) Concurrent Mark From Roots
[2025-04-16T12:12:06.090+0000][36104][info ][gc,task     ] GC(13) Using 3 workers of 3 for marking
[2025-04-16T12:12:06.097+0000][36104][info ][gc,marking  ] GC(13) Concurrent Mark From Roots 7.540ms
[2025-04-16T12:12:06.097+0000][36104][info ][gc,marking  ] GC(13) Concurrent Preclean
[2025-04-16T12:12:06.097+0000][36104][info ][gc,marking  ] GC(13) Concurrent Preclean 0.108ms
[2025-04-16T12:12:06.098+0000][36104][info ][gc,start    ] GC(13) Pause Remark
[2025-04-16T12:12:06.102+0000][36104][info ][gc          ] GC(13) Pause Remark 56M->56M(3776M) 3.345ms
[2025-04-16T12:12:06.102+0000][36104][info ][gc,cpu      ] GC(13) User=0.00s Sys=0.00s Real=0.00s
[2025-04-16T12:12:06.102+0000][36104][info ][safepoint   ] Safepoint "G1PauseRemark", Time since last: 12730700 ns, Reaching safepoint: 310700 ns, At safepoint: 3446000 ns, Total: 3756700 ns
[2025-04-16T12:12:06.102+0000][36104][info ][gc,marking  ] GC(13) Concurrent Mark 11.593ms
[2025-04-16T12:12:06.102+0000][36104][info ][gc,marking  ] GC(13) Concurrent Rebuild Remembered Sets and Scrub Regions
[2025-04-16T12:12:06.104+0000][36104][info ][gc,marking  ] GC(13) Concurrent Rebuild Remembered Sets and Scrub Regions 2.461ms
[2025-04-16T12:12:06.104+0000][36104][info ][gc,start    ] GC(13) Pause Cleanup
[2025-04-16T12:12:06.104+0000][36104][info ][gc          ] GC(13) Pause Cleanup 56M->56M(3776M) 0.065ms
[2025-04-16T12:12:06.104+0000][36104][info ][gc,cpu      ] GC(13) User=0.00s Sys=0.00s Real=0.00s
[2025-04-16T12:12:06.104+0000][36104][info ][safepoint   ] Safepoint "G1PauseCleanup", Time since last: 2628400 ns, Reaching safepoint: 3000 ns, At safepoint: 105200 ns, Total: 108200 ns
[2025-04-16T12:12:06.104+0000][36104][info ][gc,marking  ] GC(13) Concurrent Clear Claimed Marks
[2025-04-16T12:12:06.105+0000][36104][info ][gc,marking  ] GC(13) Concurrent Clear Claimed Marks 0.073ms
[2025-04-16T12:12:06.105+0000][36104][info ][gc,marking  ] GC(13) Concurrent Cleanup for Next Mark
[2025-04-16T12:12:06.112+0000][36104][info ][gc,marking  ] GC(13) Concurrent Cleanup for Next Mark 8.399ms
[2025-04-16T12:12:06.112+0000][36104][info ][gc          ] GC(13) Concurrent Mark Cycle 27.952ms
[2025-04-16T12:12:10.180+0000][36104][info ][gc,start    ] GC(14) Pause Young (Normal) (G1 Evacuation Pause)
[2025-04-16T12:12:10.180+0000][36104][info ][gc,task     ] GC(14) Using 10 workers of 10 for evacuation
[2025-04-16T12:12:10.180+0000][36104][debug][gc,age      ] GC(14) Desired survivor size 48234496 bytes, new threshold 15 (max threshold 15)
[2025-04-16T12:12:10.200+0000][36104][info ][gc,phases   ] GC(14)   Pre Evacuate Collection Set: 0.13ms
[2025-04-16T12:12:10.200+0000][36104][info ][gc,phases   ] GC(14)   Merge Heap Roots: 0.08ms
[2025-04-16T12:12:10.200+0000][36104][info ][gc,phases   ] GC(14)   Evacuate Collection Set: 17.49ms
[2025-04-16T12:12:10.200+0000][36104][info ][gc,phases   ] GC(14)   Post Evacuate Collection Set: 1.99ms
[2025-04-16T12:12:10.200+0000][36104][info ][gc,phases   ] GC(14)   Other: 0.13ms
[2025-04-16T12:12:10.200+0000][36104][trace][gc,age      ] GC(14) Age table:
[2025-04-16T12:12:10.200+0000][36104][trace][gc,age      ] GC(14) - age   1:   11730856 bytes,   11730856 total
[2025-04-16T12:12:10.200+0000][36104][trace][gc,age      ] GC(14) - age   2:    2634448 bytes,   14365304 total
[2025-04-16T12:12:10.200+0000][36104][trace][gc,age      ] GC(14) - age   3:    6642112 bytes,   21007416 total
[2025-04-16T12:12:10.200+0000][36104][trace][gc,age      ] GC(14) - age   4:    4464040 bytes,   25471456 total
[2025-04-16T12:12:10.200+0000][36104][trace][gc,age      ] GC(14) - age   5:    6038376 bytes,   31509832 total
[2025-04-16T12:12:10.200+0000][36104][trace][gc,age      ] GC(14) - age   6:    3427112 bytes,   34936944 total
[2025-04-16T12:12:10.200+0000][36104][trace][gc,age      ] GC(14) - age   7:    2613000 bytes,   37549944 total
[2025-04-16T12:12:10.200+0000][36104][trace][gc,age      ] GC(14) - age   8:    1399360 bytes,   38949304 total
[2025-04-16T12:12:10.200+0000][36104][trace][gc,age      ] GC(14) - age   9:    4383720 bytes,   43333024 total
[2025-04-16T12:12:10.200+0000][36104][trace][gc,age      ] GC(14) - age  10:    2826736 bytes,   46159760 total
[2025-04-16T12:12:10.200+0000][36104][trace][gc,age      ] GC(14) - age  11:     385840 bytes,   46545600 total
[2025-04-16T12:12:10.200+0000][36104][info ][gc,heap     ] GC(14) Eden regions: 174->0(161)
[2025-04-16T12:12:10.200+0000][36104][info ][gc,heap     ] GC(14) Survivor regions: 10->13(23)
[2025-04-16T12:12:10.200+0000][36104][info ][gc,heap     ] GC(14) Old regions: 4->4
[2025-04-16T12:12:10.200+0000][36104][info ][gc,heap     ] GC(14) Humongous regions: 0->0
[2025-04-16T12:12:10.200+0000][36104][info ][gc,metaspace] GC(14) Metaspace: 77785K(79744K)->77785K(79744K) NonClass: 67311K(68480K)->67311K(68480K) Class: 10473K(11264K)->10473K(11264K)
[2025-04-16T12:12:10.200+0000][36104][info ][gc          ] GC(14) Pause Young (Normal) (G1 Evacuation Pause) 748M->63M(3776M) 20.160ms
[2025-04-16T12:12:10.200+0000][36104][info ][gc,cpu      ] GC(14) User=0.08s Sys=0.08s Real=0.02s
[2025-04-16T12:12:10.200+0000][36104][info ][safepoint   ] Safepoint "G1CollectForAllocation", Time since last: 4075787000 ns, Reaching safepoint: 5900 ns, At safepoint: 20218300 ns, Total: 20224200 ns
[2025-04-16T12:12:13.662+0000][36104][info ][gc,start    ] GC(15) Pause Young (Concurrent Start) (Metadata GC Threshold)
[2025-04-16T12:12:13.662+0000][36104][info ][gc,task     ] GC(15) Using 10 workers of 10 for evacuation
[2025-04-16T12:12:13.662+0000][36104][debug][gc,age      ] GC(15) Desired survivor size 46137344 bytes, new threshold 10 (max threshold 15)
[2025-04-16T12:12:13.685+0000][36104][info ][gc,phases   ] GC(15)   Pre Evacuate Collection Set: 0.23ms
[2025-04-16T12:12:13.685+0000][36104][info ][gc,phases   ] GC(15)   Merge Heap Roots: 0.09ms
[2025-04-16T12:12:13.685+0000][36104][info ][gc,phases   ] GC(15)   Evacuate Collection Set: 20.16ms
[2025-04-16T12:12:13.685+0000][36104][info ][gc,phases   ] GC(15)   Post Evacuate Collection Set: 2.05ms
[2025-04-16T12:12:13.685+0000][36104][info ][gc,phases   ] GC(15)   Other: 0.14ms
[2025-04-16T12:12:13.685+0000][36104][trace][gc,age      ] GC(15) Age table:
[2025-04-16T12:12:13.685+0000][36104][trace][gc,age      ] GC(15) - age   1:   10059256 bytes,   10059256 total
[2025-04-16T12:12:13.685+0000][36104][trace][gc,age      ] GC(15) - age   2:   11205616 bytes,   21264872 total
[2025-04-16T12:12:13.685+0000][36104][trace][gc,age      ] GC(15) - age   3:    2610184 bytes,   23875056 total
[2025-04-16T12:12:13.685+0000][36104][trace][gc,age      ] GC(15) - age   4:    6521296 bytes,   30396352 total
[2025-04-16T12:12:13.685+0000][36104][trace][gc,age      ] GC(15) - age   5:    4455688 bytes,   34852040 total
[2025-04-16T12:12:13.685+0000][36104][trace][gc,age      ] GC(15) - age   6:    6020440 bytes,   40872480 total
[2025-04-16T12:12:13.685+0000][36104][trace][gc,age      ] GC(15) - age   7:    3416224 bytes,   44288704 total
[2025-04-16T12:12:13.685+0000][36104][trace][gc,age      ] GC(15) - age   8:    2609280 bytes,   46897984 total
[2025-04-16T12:12:13.685+0000][36104][trace][gc,age      ] GC(15) - age   9:    1396936 bytes,   48294920 total
[2025-04-16T12:12:13.685+0000][36104][trace][gc,age      ] GC(15) - age  10:    4376704 bytes,   52671624 total
[2025-04-16T12:12:13.685+0000][36104][info ][gc,heap     ] GC(15) Eden regions: 69->0(223)
[2025-04-16T12:12:13.685+0000][36104][info ][gc,heap     ] GC(15) Survivor regions: 13->14(22)
[2025-04-16T12:12:13.685+0000][36104][info ][gc,heap     ] GC(15) Old regions: 4->5
[2025-04-16T12:12:13.685+0000][36104][info ][gc,heap     ] GC(15) Humongous regions: 0->0
[2025-04-16T12:12:13.685+0000][36104][info ][gc,metaspace] GC(15) Metaspace: 99209K(101248K)->99209K(101248K) NonClass: 85649K(86848K)->85649K(86848K) Class: 13560K(14400K)->13560K(14400K)
[2025-04-16T12:12:13.685+0000][36104][info ][gc          ] GC(15) Pause Young (Concurrent Start) (Metadata GC Threshold) 339M->70M(3776M) 23.142ms
[2025-04-16T12:12:13.685+0000][36104][info ][gc,cpu      ] GC(15) User=0.16s Sys=0.02s Real=0.02s
[2025-04-16T12:12:13.685+0000][36104][info ][gc          ] GC(16) Concurrent Mark Cycle
[2025-04-16T12:12:13.685+0000][36104][info ][safepoint   ] Safepoint "CollectForMetadataAllocation", Time since last: 3461916400 ns, Reaching safepoint: 5100 ns, At safepoint: 23244500 ns, Total: 23249600 ns
[2025-04-16T12:12:13.685+0000][36104][info ][gc,marking  ] GC(16) Concurrent Scan Root Regions
[2025-04-16T12:12:13.695+0000][36104][info ][gc,marking  ] GC(16) Concurrent Scan Root Regions 9.837ms
[2025-04-16T12:12:13.695+0000][36104][info ][gc,marking  ] GC(16) Concurrent Mark
[2025-04-16T12:12:13.695+0000][36104][info ][gc,marking  ] GC(16) Concurrent Mark From Roots
[2025-04-16T12:12:13.695+0000][36104][info ][gc,task     ] GC(16) Using 3 workers of 3 for marking
[2025-04-16T12:12:13.702+0000][36104][info ][gc,marking  ] GC(16) Concurrent Mark From Roots 7.373ms
[2025-04-16T12:12:13.702+0000][36104][info ][gc,marking  ] GC(16) Concurrent Preclean
[2025-04-16T12:12:13.702+0000][36104][info ][gc,marking  ] GC(16) Concurrent Preclean 0.059ms
[2025-04-16T12:12:13.702+0000][36104][info ][gc,start    ] GC(16) Pause Remark
[2025-04-16T12:12:13.707+0000][36104][info ][gc          ] GC(16) Pause Remark 74M->74M(3776M) 4.031ms
[2025-04-16T12:12:13.707+0000][36104][info ][gc,cpu      ] GC(16) User=0.00s Sys=0.00s Real=0.01s
[2025-04-16T12:12:13.707+0000][36104][info ][safepoint   ] Safepoint "G1PauseRemark", Time since last: 17460800 ns, Reaching safepoint: 44600 ns, At safepoint: 4133000 ns, Total: 4177600 ns
[2025-04-16T12:12:13.707+0000][36104][info ][gc,marking  ] GC(16) Concurrent Mark 11.773ms
[2025-04-16T12:12:13.707+0000][36104][info ][gc,marking  ] GC(16) Concurrent Rebuild Remembered Sets and Scrub Regions
[2025-04-16T12:12:13.710+0000][36104][info ][gc,marking  ] GC(16) Concurrent Rebuild Remembered Sets and Scrub Regions 3.002ms
[2025-04-16T12:12:13.710+0000][36104][info ][gc,start    ] GC(16) Pause Cleanup
[2025-04-16T12:12:13.710+0000][36104][info ][gc          ] GC(16) Pause Cleanup 76M->76M(3776M) 0.076ms
[2025-04-16T12:12:13.710+0000][36104][info ][gc,cpu      ] GC(16) User=0.00s Sys=0.00s Real=0.00s
[2025-04-16T12:12:13.710+0000][36104][info ][safepoint   ] Safepoint "G1PauseCleanup", Time since last: 3178800 ns, Reaching safepoint: 27000 ns, At safepoint: 134700 ns, Total: 161700 ns
[2025-04-16T12:12:13.710+0000][36104][info ][gc,marking  ] GC(16) Concurrent Clear Claimed Marks
[2025-04-16T12:12:13.710+0000][36104][info ][gc,marking  ] GC(16) Concurrent Clear Claimed Marks 0.098ms
[2025-04-16T12:12:13.710+0000][36104][info ][gc,marking  ] GC(16) Concurrent Cleanup for Next Mark
[2025-04-16T12:12:13.718+0000][36104][info ][gc,marking  ] GC(16) Concurrent Cleanup for Next Mark 7.752ms
[2025-04-16T12:12:13.718+0000][36104][info ][gc          ] GC(16) Concurrent Mark Cycle 33.032ms
[2025-04-16T12:20:05.435+0000][36104][info ][gc,heap,exit] Heap
[2025-04-16T12:20:05.436+0000][36104][info ][gc,heap,exit]  garbage-first heap   total reserved 3866624K, committed 3866624K, used 785290K [0x0000000714000000, 0x0000000800000000)
[2025-04-16T12:20:05.436+0000][36104][info ][gc,heap,exit]   region size 4096K, 186 young (761856K), 14 survivors (57344K)
[2025-04-16T12:20:05.436+0000][36104][info ][gc,heap,exit]  Metaspace       used 143031K, committed 147200K, reserved 1179648K
[2025-04-16T12:20:05.436+0000][36104][info ][gc,heap,exit]   class space    used 20602K, committed 22464K, reserved 1048576K
