[2025-04-16T12:37:42.648+0000][35772][info][gc,init] CardTable entry size: 512
[2025-04-16T12:37:42.648+0000][35772][info][gc     ] Using G1
[2025-04-16T12:37:44.386+0000][35772][info][gc,init] Version: 23+37-2369 (release)
[2025-04-16T12:37:44.386+0000][35772][info][gc,init] CPUs: 12 total, 12 available
[2025-04-16T12:37:44.386+0000][35772][info][gc,init] Memory: 7549M
[2025-04-16T12:37:44.386+0000][35772][info][gc,init] Large Page Support: Disabled
[2025-04-16T12:37:44.386+0000][35772][info][gc,init] NUMA Support: Disabled
[2025-04-16T12:37:44.386+0000][35772][info][gc,init] Compressed Oops: Enabled (Zero based)
[2025-04-16T12:37:44.386+0000][35772][info][gc,init] Heap Region Size: 4M
[2025-04-16T12:37:44.387+0000][35772][info][gc,init] Heap Min Capacity: 3776M
[2025-04-16T12:37:44.387+0000][35772][info][gc,init] Heap Initial Capacity: 3776M
[2025-04-16T12:37:44.387+0000][35772][info][gc,init] Heap Max Capacity: 3776M
[2025-04-16T12:37:44.387+0000][35772][info][gc,init] Pre-touch: Enabled
[2025-04-16T12:37:44.387+0000][35772][info][gc,init] Parallel Workers: 10
[2025-04-16T12:37:44.387+0000][35772][info][gc,init] Concurrent Workers: 3
[2025-04-16T12:37:44.387+0000][35772][info][gc,init] Concurrent Refinement Workers: 10
[2025-04-16T12:37:44.387+0000][35772][info][gc,init] Periodic GC: Disabled
[2025-04-16T12:37:44.413+0000][35772][info][gc,metaspace] CDS archive(s) mapped at: [0x0000017280000000-0x0000017280d70000-0x0000017280d70000), size 14090240, SharedBaseAddress: 0x0000017280000000, ArchiveRelocationMode: 1.
[2025-04-16T12:37:44.413+0000][35772][info][gc,metaspace] Compressed class space mapped at: 0x0000017281000000-0x00000172c1000000, reserved size: 1073741824
[2025-04-16T12:37:44.413+0000][35772][info][gc,metaspace] Narrow klass base: 0x0000017280000000, Narrow klass shift: 0, Narrow klass range: 0x41000000
[2025-04-16T12:37:48.236+0000][35772][info][gc,start    ] GC(0) Pause Young (Normal) (G1 Evacuation Pause)
[2025-04-16T12:37:48.237+0000][35772][info][gc,task     ] GC(0) Using 10 workers of 10 for evacuation
[2025-04-16T12:37:48.237+0000][35772][debug][gc,age      ] GC(0) Desired survivor size 12582912 bytes, new threshold 15 (max threshold 15)
[2025-04-16T12:37:48.248+0000][35772][info ][gc,phases   ] GC(0)   Pre Evacuate Collection Set: 0.19ms
[2025-04-16T12:37:48.248+0000][35772][info ][gc,phases   ] GC(0)   Merge Heap Roots: 0.36ms
[2025-04-16T12:37:48.248+0000][35772][info ][gc,phases   ] GC(0)   Evacuate Collection Set: 9.03ms
[2025-04-16T12:37:48.248+0000][35772][info ][gc,phases   ] GC(0)   Post Evacuate Collection Set: 1.52ms
[2025-04-16T12:37:48.248+0000][35772][info ][gc,phases   ] GC(0)   Other: 0.62ms
[2025-04-16T12:37:48.249+0000][35772][trace][gc,age      ] GC(0) Age table:
[2025-04-16T12:37:48.249+0000][35772][trace][gc,age      ] GC(0) - age   1:   14162416 bytes,   14162416 total
[2025-04-16T12:37:48.249+0000][35772][info ][gc,heap     ] GC(0) Eden regions: 47->0(43)
[2025-04-16T12:37:48.249+0000][35772][info ][gc,heap     ] GC(0) Survivor regions: 0->4(6)
[2025-04-16T12:37:48.249+0000][35772][info ][gc,heap     ] GC(0) Old regions: 0->0
[2025-04-16T12:37:48.249+0000][35772][info ][gc,heap     ] GC(0) Humongous regions: 0->0
[2025-04-16T12:37:48.249+0000][35772][info ][gc,metaspace] GC(0) Metaspace: 18730K(19520K)->18730K(19520K) NonClass: 16611K(17088K)->16611K(17088K) Class: 2118K(2432K)->2118K(2432K)
[2025-04-16T12:37:48.249+0000][35772][info ][gc          ] GC(0) Pause Young (Normal) (G1 Evacuation Pause) 188M->14M(3776M) 13.202ms
[2025-04-16T12:37:48.249+0000][35772][info ][gc,cpu      ] GC(0) User=0.00s Sys=0.00s Real=0.01s
[2025-04-16T12:37:48.249+0000][35772][info ][safepoint   ] Safepoint "G1CollectForAllocation", Time since last: 3817458800 ns, Reaching safepoint: 15700 ns, At safepoint: 13300200 ns, Total: 13315900 ns
[2025-04-16T12:37:49.224+0000][35772][info ][gc,start    ] GC(1) Pause Young (Concurrent Start) (Metadata GC Threshold)
[2025-04-16T12:37:49.224+0000][35772][info ][gc,task     ] GC(1) Using 10 workers of 10 for evacuation
[2025-04-16T12:37:49.224+0000][35772][debug][gc,age      ] GC(1) Desired survivor size 12582912 bytes, new threshold 1 (max threshold 15)
[2025-04-16T12:37:49.236+0000][35772][info ][gc,phases   ] GC(1)   Pre Evacuate Collection Set: 0.34ms
[2025-04-16T12:37:49.236+0000][35772][info ][gc,phases   ] GC(1)   Merge Heap Roots: 0.08ms
[2025-04-16T12:37:49.236+0000][35772][info ][gc,phases   ] GC(1)   Evacuate Collection Set: 9.90ms
[2025-04-16T12:37:49.236+0000][35772][info ][gc,phases   ] GC(1)   Post Evacuate Collection Set: 1.26ms
[2025-04-16T12:37:49.236+0000][35772][info ][gc,phases   ] GC(1)   Other: 0.24ms
[2025-04-16T12:37:49.236+0000][35772][trace][gc,age      ] GC(1) Age table:
[2025-04-16T12:37:49.236+0000][35772][trace][gc,age      ] GC(1) - age   1:    1285040 bytes,    1285040 total
[2025-04-16T12:37:49.236+0000][35772][info ][gc,heap     ] GC(1) Eden regions: 17->0(46)
[2025-04-16T12:37:49.236+0000][35772][info ][gc,heap     ] GC(1) Survivor regions: 4->1(6)
[2025-04-16T12:37:49.236+0000][35772][info ][gc,heap     ] GC(1) Old regions: 0->4
[2025-04-16T12:37:49.236+0000][35772][info ][gc,heap     ] GC(1) Humongous regions: 0->0
[2025-04-16T12:37:49.236+0000][35772][info ][gc,metaspace] GC(1) Metaspace: 20748K(21504K)->20748K(21504K) NonClass: 18420K(18880K)->18420K(18880K) Class: 2327K(2624K)->2327K(2624K)
[2025-04-16T12:37:49.236+0000][35772][info ][gc          ] GC(1) Pause Young (Concurrent Start) (Metadata GC Threshold) 80M->16M(3776M) 12.088ms
[2025-04-16T12:37:49.236+0000][35772][info ][gc,cpu      ] GC(1) User=0.06s Sys=0.06s Real=0.01s
[2025-04-16T12:37:49.236+0000][35772][info ][gc          ] GC(2) Concurrent Mark Cycle
[2025-04-16T12:37:49.237+0000][35772][info ][safepoint   ] Safepoint "CollectForMetadataAllocation", Time since last: 975908700 ns, Reaching safepoint: 4200 ns, At safepoint: 12203700 ns, Total: 12207900 ns
[2025-04-16T12:37:49.237+0000][35772][info ][gc,marking  ] GC(2) Concurrent Scan Root Regions
[2025-04-16T12:37:49.240+0000][35772][info ][gc,marking  ] GC(2) Concurrent Scan Root Regions 3.508ms
[2025-04-16T12:37:49.240+0000][35772][info ][gc,marking  ] GC(2) Concurrent Mark
[2025-04-16T12:37:49.240+0000][35772][info ][gc,marking  ] GC(2) Concurrent Mark From Roots
[2025-04-16T12:37:49.240+0000][35772][info ][gc,task     ] GC(2) Using 3 workers of 3 for marking
[2025-04-16T12:37:49.240+0000][35772][info ][gc,marking  ] GC(2) Concurrent Mark From Roots 0.302ms
[2025-04-16T12:37:49.240+0000][35772][info ][gc,marking  ] GC(2) Concurrent Preclean
[2025-04-16T12:37:49.241+0000][35772][info ][gc,marking  ] GC(2) Concurrent Preclean 0.015ms
[2025-04-16T12:37:49.241+0000][35772][info ][gc,start    ] GC(2) Pause Remark
[2025-04-16T12:37:49.245+0000][35772][info ][gc          ] GC(2) Pause Remark 20M->20M(3776M) 4.016ms
[2025-04-16T12:37:49.245+0000][35772][info ][gc,cpu      ] GC(2) User=0.00s Sys=0.00s Real=0.00s
[2025-04-16T12:37:49.245+0000][35772][info ][safepoint   ] Safepoint "G1PauseRemark", Time since last: 4024100 ns, Reaching safepoint: 23800 ns, At safepoint: 4126300 ns, Total: 4150100 ns
[2025-04-16T12:37:49.245+0000][35772][info ][gc,marking  ] GC(2) Concurrent Mark 4.606ms
[2025-04-16T12:37:49.245+0000][35772][info ][gc,marking  ] GC(2) Concurrent Rebuild Remembered Sets and Scrub Regions
[2025-04-16T12:37:49.248+0000][35772][info ][gc,marking  ] GC(2) Concurrent Rebuild Remembered Sets and Scrub Regions 3.025ms
[2025-04-16T12:37:49.248+0000][35772][info ][gc,start    ] GC(2) Pause Cleanup
[2025-04-16T12:37:49.248+0000][35772][info ][gc          ] GC(2) Pause Cleanup 20M->20M(3776M) 0.077ms
[2025-04-16T12:37:49.248+0000][35772][info ][gc,cpu      ] GC(2) User=0.00s Sys=0.00s Real=0.00s
[2025-04-16T12:37:49.248+0000][35772][info ][safepoint   ] Safepoint "G1PauseCleanup", Time since last: 3178200 ns, Reaching safepoint: 16500 ns, At safepoint: 122000 ns, Total: 138500 ns
[2025-04-16T12:37:49.248+0000][35772][info ][gc,marking  ] GC(2) Concurrent Clear Claimed Marks
[2025-04-16T12:37:49.248+0000][35772][info ][gc,marking  ] GC(2) Concurrent Clear Claimed Marks 0.077ms
[2025-04-16T12:37:49.248+0000][35772][info ][gc,marking  ] GC(2) Concurrent Cleanup for Next Mark
[2025-04-16T12:37:49.258+0000][35772][info ][gc,marking  ] GC(2) Concurrent Cleanup for Next Mark 9.633ms
[2025-04-16T12:37:49.258+0000][35772][info ][gc          ] GC(2) Concurrent Mark Cycle 21.525ms
[2025-04-16T12:37:50.056+0000][35772][info ][gc,start    ] GC(3) Pause Young (Normal) (G1 Evacuation Pause)
[2025-04-16T12:37:50.056+0000][35772][info ][gc,task     ] GC(3) Using 10 workers of 10 for evacuation
[2025-04-16T12:37:50.056+0000][35772][debug][gc,age      ] GC(3) Desired survivor size 12582912 bytes, new threshold 15 (max threshold 15)
[2025-04-16T12:37:50.059+0000][35772][info ][gc,phases   ] GC(3)   Pre Evacuate Collection Set: 0.15ms
[2025-04-16T12:37:50.059+0000][35772][info ][gc,phases   ] GC(3)   Merge Heap Roots: 0.07ms
[2025-04-16T12:37:50.059+0000][35772][info ][gc,phases   ] GC(3)   Evacuate Collection Set: 1.22ms
[2025-04-16T12:37:50.059+0000][35772][info ][gc,phases   ] GC(3)   Post Evacuate Collection Set: 0.65ms
[2025-04-16T12:37:50.059+0000][35772][info ][gc,phases   ] GC(3)   Other: 0.09ms
[2025-04-16T12:37:50.059+0000][35772][trace][gc,age      ] GC(3) Age table:
[2025-04-16T12:37:50.060+0000][35772][trace][gc,age      ] GC(3) - age   1:    3093392 bytes,    3093392 total
[2025-04-16T12:37:50.060+0000][35772][trace][gc,age      ] GC(3) - age   2:     414536 bytes,    3507928 total
[2025-04-16T12:37:50.060+0000][35772][info ][gc,heap     ] GC(3) Eden regions: 46->0(46)
[2025-04-16T12:37:50.060+0000][35772][info ][gc,heap     ] GC(3) Survivor regions: 1->1(6)
[2025-04-16T12:37:50.060+0000][35772][info ][gc,heap     ] GC(3) Old regions: 4->4
[2025-04-16T12:37:50.060+0000][35772][info ][gc,heap     ] GC(3) Humongous regions: 0->0
[2025-04-16T12:37:50.060+0000][35772][info ][gc,metaspace] GC(3) Metaspace: 24613K(25472K)->24613K(25472K) NonClass: 21874K(22336K)->21874K(22336K) Class: 2738K(3136K)->2738K(3136K)
[2025-04-16T12:37:50.060+0000][35772][info ][gc          ] GC(3) Pause Young (Normal) (G1 Evacuation Pause) 200M->17M(3776M) 2.467ms
[2025-04-16T12:37:50.060+0000][35772][info ][gc,cpu      ] GC(3) User=0.00s Sys=0.00s Real=0.00s
[2025-04-16T12:37:50.060+0000][35772][info ][safepoint   ] Safepoint "G1CollectForAllocation", Time since last: 808187800 ns, Reaching safepoint: 5100 ns, At safepoint: 2531000 ns, Total: 2536100 ns
[2025-04-16T12:37:50.819+0000][35772][info ][gc,start    ] GC(4) Pause Young (Normal) (G1 Evacuation Pause)
[2025-04-16T12:37:50.819+0000][35772][info ][gc,task     ] GC(4) Using 10 workers of 10 for evacuation
[2025-04-16T12:37:50.819+0000][35772][debug][gc,age      ] GC(4) Desired survivor size 12582912 bytes, new threshold 15 (max threshold 15)
[2025-04-16T12:37:50.823+0000][35772][info ][gc,phases   ] GC(4)   Pre Evacuate Collection Set: 0.20ms
[2025-04-16T12:37:50.823+0000][35772][info ][gc,phases   ] GC(4)   Merge Heap Roots: 0.08ms
[2025-04-16T12:37:50.823+0000][35772][info ][gc,phases   ] GC(4)   Evacuate Collection Set: 2.83ms
[2025-04-16T12:37:50.823+0000][35772][info ][gc,phases   ] GC(4)   Post Evacuate Collection Set: 0.72ms
[2025-04-16T12:37:50.823+0000][35772][info ][gc,phases   ] GC(4)   Other: 0.11ms
[2025-04-16T12:37:50.823+0000][35772][trace][gc,age      ] GC(4) Age table:
[2025-04-16T12:37:50.823+0000][35772][trace][gc,age      ] GC(4) - age   1:    5958696 bytes,    5958696 total
[2025-04-16T12:37:50.823+0000][35772][trace][gc,age      ] GC(4) - age   2:    3020936 bytes,    8979632 total
[2025-04-16T12:37:50.823+0000][35772][trace][gc,age      ] GC(4) - age   3:     413184 bytes,    9392816 total
[2025-04-16T12:37:50.823+0000][35772][info ][gc,heap     ] GC(4) Eden regions: 46->0(44)
[2025-04-16T12:37:50.823+0000][35772][info ][gc,heap     ] GC(4) Survivor regions: 1->3(6)
[2025-04-16T12:37:50.823+0000][35772][info ][gc,heap     ] GC(4) Old regions: 4->4
[2025-04-16T12:37:50.823+0000][35772][info ][gc,heap     ] GC(4) Humongous regions: 0->0
[2025-04-16T12:37:50.823+0000][35772][info ][gc,metaspace] GC(4) Metaspace: 29760K(30656K)->29760K(30656K) NonClass: 26366K(26880K)->26366K(26880K) Class: 3393K(3776K)->3393K(3776K)
[2025-04-16T12:37:50.823+0000][35772][info ][gc          ] GC(4) Pause Young (Normal) (G1 Evacuation Pause) 201M->23M(3776M) 4.254ms
[2025-04-16T12:37:50.823+0000][35772][info ][gc,cpu      ] GC(4) User=0.00s Sys=0.00s Real=0.00s
[2025-04-16T12:37:50.823+0000][35772][info ][safepoint   ] Safepoint "G1CollectForAllocation", Time since last: 759659300 ns, Reaching safepoint: 4300 ns, At safepoint: 4310300 ns, Total: 4314600 ns
[2025-04-16T12:37:51.120+0000][35772][info ][gc,start    ] GC(5) Pause Young (Normal) (G1 Evacuation Pause)
[2025-04-16T12:37:51.120+0000][35772][info ][gc,task     ] GC(5) Using 10 workers of 10 for evacuation
[2025-04-16T12:37:51.120+0000][35772][debug][gc,age      ] GC(5) Desired survivor size 12582912 bytes, new threshold 15 (max threshold 15)
[2025-04-16T12:37:51.124+0000][35772][info ][gc,phases   ] GC(5)   Pre Evacuate Collection Set: 0.15ms
[2025-04-16T12:37:51.124+0000][35772][info ][gc,phases   ] GC(5)   Merge Heap Roots: 0.06ms
[2025-04-16T12:37:51.124+0000][35772][info ][gc,phases   ] GC(5)   Evacuate Collection Set: 2.91ms
[2025-04-16T12:37:51.124+0000][35772][info ][gc,phases   ] GC(5)   Post Evacuate Collection Set: 0.62ms
[2025-04-16T12:37:51.124+0000][35772][info ][gc,phases   ] GC(5)   Other: 0.09ms
[2025-04-16T12:37:51.124+0000][35772][trace][gc,age      ] GC(5) Age table:
[2025-04-16T12:37:51.124+0000][35772][trace][gc,age      ] GC(5) - age   1:    1711192 bytes,    1711192 total
[2025-04-16T12:37:51.124+0000][35772][trace][gc,age      ] GC(5) - age   2:    4444096 bytes,    6155288 total
[2025-04-16T12:37:51.124+0000][35772][trace][gc,age      ] GC(5) - age   3:    3020840 bytes,    9176128 total
[2025-04-16T12:37:51.124+0000][35772][trace][gc,age      ] GC(5) - age   4:     413184 bytes,    9589312 total
[2025-04-16T12:37:51.124+0000][35772][info ][gc,heap     ] GC(5) Eden regions: 44->0(71)
[2025-04-16T12:37:51.124+0000][35772][info ][gc,heap     ] GC(5) Survivor regions: 3->3(6)
[2025-04-16T12:37:51.124+0000][35772][info ][gc,heap     ] GC(5) Old regions: 4->4
[2025-04-16T12:37:51.124+0000][35772][info ][gc,heap     ] GC(5) Humongous regions: 0->0
[2025-04-16T12:37:51.124+0000][35772][info ][gc,metaspace] GC(5) Metaspace: 30179K(31168K)->30179K(31168K) NonClass: 26745K(27328K)->26745K(27328K) Class: 3434K(3840K)->3434K(3840K)
[2025-04-16T12:37:51.125+0000][35772][info ][gc          ] GC(5) Pause Young (Normal) (G1 Evacuation Pause) 199M->24M(3776M) 4.138ms
[2025-04-16T12:37:51.125+0000][35772][info ][gc,cpu      ] GC(5) User=0.14s Sys=0.00s Real=0.01s
[2025-04-16T12:37:51.125+0000][35772][info ][safepoint   ] Safepoint "G1CollectForAllocation", Time since last: 296992300 ns, Reaching safepoint: 6500 ns, At safepoint: 4200500 ns, Total: 4207000 ns
[2025-04-16T12:37:51.560+0000][35772][info ][gc,start    ] GC(6) Pause Young (Normal) (G1 Evacuation Pause)
[2025-04-16T12:37:51.560+0000][35772][info ][gc,task     ] GC(6) Using 10 workers of 10 for evacuation
[2025-04-16T12:37:51.560+0000][35772][debug][gc,age      ] GC(6) Desired survivor size 20971520 bytes, new threshold 15 (max threshold 15)
[2025-04-16T12:37:51.566+0000][35772][info ][gc,phases   ] GC(6)   Pre Evacuate Collection Set: 0.14ms
[2025-04-16T12:37:51.566+0000][35772][info ][gc,phases   ] GC(6)   Merge Heap Roots: 0.06ms
[2025-04-16T12:37:51.566+0000][35772][info ][gc,phases   ] GC(6)   Evacuate Collection Set: 5.31ms
[2025-04-16T12:37:51.566+0000][35772][info ][gc,phases   ] GC(6)   Post Evacuate Collection Set: 0.65ms
[2025-04-16T12:37:51.566+0000][35772][info ][gc,phases   ] GC(6)   Other: 0.16ms
[2025-04-16T12:37:51.566+0000][35772][trace][gc,age      ] GC(6) Age table:
[2025-04-16T12:37:51.566+0000][35772][trace][gc,age      ] GC(6) - age   1:    2866144 bytes,    2866144 total
[2025-04-16T12:37:51.566+0000][35772][trace][gc,age      ] GC(6) - age   2:    1414680 bytes,    4280824 total
[2025-04-16T12:37:51.566+0000][35772][trace][gc,age      ] GC(6) - age   3:    4440864 bytes,    8721688 total
[2025-04-16T12:37:51.566+0000][35772][trace][gc,age      ] GC(6) - age   4:    3020368 bytes,   11742056 total
[2025-04-16T12:37:51.566+0000][35772][trace][gc,age      ] GC(6) - age   5:     413184 bytes,   12155240 total
[2025-04-16T12:37:51.566+0000][35772][info ][gc,heap     ] GC(6) Eden regions: 71->0(62)
[2025-04-16T12:37:51.566+0000][35772][info ][gc,heap     ] GC(6) Survivor regions: 3->4(10)
[2025-04-16T12:37:51.566+0000][35772][info ][gc,heap     ] GC(6) Old regions: 4->4
[2025-04-16T12:37:51.566+0000][35772][info ][gc,heap     ] GC(6) Humongous regions: 0->0
[2025-04-16T12:37:51.566+0000][35772][info ][gc,metaspace] GC(6) Metaspace: 30632K(31680K)->30632K(31680K) NonClass: 27131K(27776K)->27131K(27776K) Class: 3501K(3904K)->3501K(3904K)
[2025-04-16T12:37:51.566+0000][35772][info ][gc          ] GC(6) Pause Young (Normal) (G1 Evacuation Pause) 308M->26M(3776M) 6.715ms
[2025-04-16T12:37:51.566+0000][35772][info ][gc,cpu      ] GC(6) User=0.12s Sys=0.05s Real=0.01s
[2025-04-16T12:37:51.566+0000][35772][info ][safepoint   ] Safepoint "G1CollectForAllocation", Time since last: 434885900 ns, Reaching safepoint: 8100 ns, At safepoint: 6776600 ns, Total: 6784700 ns
[2025-04-16T12:37:52.122+0000][35772][info ][gc,start    ] GC(7) Pause Young (Concurrent Start) (Metadata GC Threshold)
[2025-04-16T12:37:52.122+0000][35772][info ][gc,task     ] GC(7) Using 10 workers of 10 for evacuation
[2025-04-16T12:37:52.122+0000][35772][debug][gc,age      ] GC(7) Desired survivor size 18874368 bytes, new threshold 15 (max threshold 15)
[2025-04-16T12:37:52.128+0000][35772][info ][gc,phases   ] GC(7)   Pre Evacuate Collection Set: 0.20ms
[2025-04-16T12:37:52.128+0000][35772][info ][gc,phases   ] GC(7)   Merge Heap Roots: 0.06ms
[2025-04-16T12:37:52.128+0000][35772][info ][gc,phases   ] GC(7)   Evacuate Collection Set: 4.95ms
[2025-04-16T12:37:52.128+0000][35772][info ][gc,phases   ] GC(7)   Post Evacuate Collection Set: 0.56ms
[2025-04-16T12:37:52.128+0000][35772][info ][gc,phases   ] GC(7)   Other: 0.10ms
[2025-04-16T12:37:52.128+0000][35772][trace][gc,age      ] GC(7) Age table:
[2025-04-16T12:37:52.128+0000][35772][trace][gc,age      ] GC(7) - age   1:    3474248 bytes,    3474248 total
[2025-04-16T12:37:52.128+0000][35772][trace][gc,age      ] GC(7) - age   2:    2637192 bytes,    6111440 total
[2025-04-16T12:37:52.128+0000][35772][trace][gc,age      ] GC(7) - age   3:    1414648 bytes,    7526088 total
[2025-04-16T12:37:52.128+0000][35772][trace][gc,age      ] GC(7) - age   4:    4437936 bytes,   11964024 total
[2025-04-16T12:37:52.128+0000][35772][trace][gc,age      ] GC(7) - age   5:    3018896 bytes,   14982920 total
[2025-04-16T12:37:52.128+0000][35772][trace][gc,age      ] GC(7) - age   6:     413184 bytes,   15396104 total
[2025-04-16T12:37:52.128+0000][35772][info ][gc,heap     ] GC(7) Eden regions: 37->0(88)
[2025-04-16T12:37:52.128+0000][35772][info ][gc,heap     ] GC(7) Survivor regions: 4->4(9)
[2025-04-16T12:37:52.128+0000][35772][info ][gc,heap     ] GC(7) Old regions: 4->4
[2025-04-16T12:37:52.128+0000][35772][info ][gc,heap     ] GC(7) Humongous regions: 0->0
[2025-04-16T12:37:52.128+0000][35772][info ][gc,metaspace] GC(7) Metaspace: 35041K(36096K)->35041K(36096K) NonClass: 31080K(31680K)->31080K(31680K) Class: 3960K(4416K)->3960K(4416K)
[2025-04-16T12:37:52.128+0000][35772][info ][gc          ] GC(7) Pause Young (Concurrent Start) (Metadata GC Threshold) 174M->30M(3776M) 6.142ms
[2025-04-16T12:37:52.128+0000][35772][info ][gc,cpu      ] GC(7) User=0.11s Sys=0.06s Real=0.01s
[2025-04-16T12:37:52.128+0000][35772][info ][gc          ] GC(8) Concurrent Mark Cycle
[2025-04-16T12:37:52.129+0000][35772][info ][gc,marking  ] GC(8) Concurrent Scan Root Regions
[2025-04-16T12:37:52.129+0000][35772][info ][safepoint   ] Safepoint "CollectForMetadataAllocation", Time since last: 556559800 ns, Reaching safepoint: 3200 ns, At safepoint: 6246700 ns, Total: 6249900 ns
[2025-04-16T12:37:52.132+0000][35772][info ][gc,marking  ] GC(8) Concurrent Scan Root Regions 3.243ms
[2025-04-16T12:37:52.133+0000][35772][info ][gc,marking  ] GC(8) Concurrent Mark
[2025-04-16T12:37:52.133+0000][35772][info ][gc,marking  ] GC(8) Concurrent Mark From Roots
[2025-04-16T12:37:52.133+0000][35772][info ][gc,task     ] GC(8) Using 3 workers of 3 for marking
[2025-04-16T12:37:52.139+0000][35772][info ][gc,marking  ] GC(8) Concurrent Mark From Roots 6.465ms
[2025-04-16T12:37:52.139+0000][35772][info ][gc,marking  ] GC(8) Concurrent Preclean
[2025-04-16T12:37:52.139+0000][35772][info ][gc,marking  ] GC(8) Concurrent Preclean 0.112ms
[2025-04-16T12:37:52.139+0000][35772][info ][gc,start    ] GC(8) Pause Remark
[2025-04-16T12:37:52.142+0000][35772][info ][gc          ] GC(8) Pause Remark 32M->32M(3776M) 3.680ms
[2025-04-16T12:37:52.142+0000][35772][info ][gc,cpu      ] GC(8) User=0.06s Sys=0.11s Real=0.00s
[2025-04-16T12:37:52.142+0000][35772][info ][safepoint   ] Safepoint "G1PauseRemark", Time since last: 10087100 ns, Reaching safepoint: 15600 ns, At safepoint: 3796100 ns, Total: 3811700 ns
[2025-04-16T12:37:52.142+0000][35772][info ][gc,marking  ] GC(8) Concurrent Mark 10.541ms
[2025-04-16T12:37:52.142+0000][35772][info ][gc,marking  ] GC(8) Concurrent Rebuild Remembered Sets and Scrub Regions
[2025-04-16T12:37:52.145+0000][35772][info ][gc,marking  ] GC(8) Concurrent Rebuild Remembered Sets and Scrub Regions 2.820ms
[2025-04-16T12:37:52.145+0000][35772][info ][gc,start    ] GC(8) Pause Cleanup
[2025-04-16T12:37:52.146+0000][35772][info ][gc          ] GC(8) Pause Cleanup 32M->32M(3776M) 0.077ms
[2025-04-16T12:37:52.146+0000][35772][info ][gc,cpu      ] GC(8) User=0.00s Sys=0.00s Real=0.00s
[2025-04-16T12:37:52.146+0000][35772][info ][safepoint   ] Safepoint "G1PauseCleanup", Time since last: 3003200 ns, Reaching safepoint: 17100 ns, At safepoint: 130800 ns, Total: 147900 ns
[2025-04-16T12:37:52.146+0000][35772][info ][gc,marking  ] GC(8) Concurrent Clear Claimed Marks
[2025-04-16T12:37:52.146+0000][35772][info ][gc,marking  ] GC(8) Concurrent Clear Claimed Marks 0.120ms
[2025-04-16T12:37:52.146+0000][35772][info ][gc,marking  ] GC(8) Concurrent Cleanup for Next Mark
[2025-04-16T12:37:52.155+0000][35772][info ][gc,marking  ] GC(8) Concurrent Cleanup for Next Mark 8.388ms
[2025-04-16T12:37:52.155+0000][35772][info ][gc          ] GC(8) Concurrent Mark Cycle 25.771ms
[2025-04-16T12:37:53.016+0000][35772][info ][gc,start    ] GC(9) Pause Young (Normal) (G1 Evacuation Pause)
[2025-04-16T12:37:53.016+0000][35772][info ][gc,task     ] GC(9) Using 10 workers of 10 for evacuation
[2025-04-16T12:37:53.016+0000][35772][debug][gc,age      ] GC(9) Desired survivor size 25165824 bytes, new threshold 15 (max threshold 15)
[2025-04-16T12:37:53.024+0000][35772][info ][gc,phases   ] GC(9)   Pre Evacuate Collection Set: 0.17ms
[2025-04-16T12:37:53.024+0000][35772][info ][gc,phases   ] GC(9)   Merge Heap Roots: 0.07ms
[2025-04-16T12:37:53.024+0000][35772][info ][gc,phases   ] GC(9)   Evacuate Collection Set: 7.53ms
[2025-04-16T12:37:53.025+0000][35772][info ][gc,phases   ] GC(9)   Post Evacuate Collection Set: 0.77ms
[2025-04-16T12:37:53.025+0000][35772][info ][gc,phases   ] GC(9)   Other: 0.09ms
[2025-04-16T12:37:53.025+0000][35772][trace][gc,age      ] GC(9) Age table:
[2025-04-16T12:37:53.025+0000][35772][trace][gc,age      ] GC(9) - age   1:    6279648 bytes,    6279648 total
[2025-04-16T12:37:53.025+0000][35772][trace][gc,age      ] GC(9) - age   2:    3443240 bytes,    9722888 total
[2025-04-16T12:37:53.025+0000][35772][trace][gc,age      ] GC(9) - age   3:    2636848 bytes,   12359736 total
[2025-04-16T12:37:53.025+0000][35772][trace][gc,age      ] GC(9) - age   4:    1413016 bytes,   13772752 total
[2025-04-16T12:37:53.025+0000][35772][trace][gc,age      ] GC(9) - age   5:    4433704 bytes,   18206456 total
[2025-04-16T12:37:53.025+0000][35772][trace][gc,age      ] GC(9) - age   6:    3017264 bytes,   21223720 total
[2025-04-16T12:37:53.025+0000][35772][trace][gc,age      ] GC(9) - age   7:     407344 bytes,   21631064 total
[2025-04-16T12:37:53.025+0000][35772][info ][gc,heap     ] GC(9) Eden regions: 88->0(91)
[2025-04-16T12:37:53.025+0000][35772][info ][gc,heap     ] GC(9) Survivor regions: 4->6(12)
[2025-04-16T12:37:53.025+0000][35772][info ][gc,heap     ] GC(9) Old regions: 4->4
[2025-04-16T12:37:53.025+0000][35772][info ][gc,heap     ] GC(9) Humongous regions: 0->0
[2025-04-16T12:37:53.025+0000][35772][info ][gc,metaspace] GC(9) Metaspace: 38478K(39616K)->38478K(39616K) NonClass: 34032K(34752K)->34032K(34752K) Class: 4445K(4864K)->4445K(4864K)
[2025-04-16T12:37:53.025+0000][35772][info ][gc          ] GC(9) Pause Young (Normal) (G1 Evacuation Pause) 382M->36M(3776M) 8.966ms
[2025-04-16T12:37:53.025+0000][35772][info ][gc,cpu      ] GC(9) User=0.00s Sys=0.00s Real=0.01s
[2025-04-16T12:37:53.025+0000][35772][info ][safepoint   ] Safepoint "G1CollectForAllocation", Time since last: 869796300 ns, Reaching safepoint: 3500 ns, At safepoint: 9020100 ns, Total: 9023600 ns
[2025-04-16T12:37:53.590+0000][35772][info ][gc,start    ] GC(10) Pause Young (Normal) (G1 Evacuation Pause)
[2025-04-16T12:37:53.590+0000][35772][info ][gc,task     ] GC(10) Using 10 workers of 10 for evacuation
[2025-04-16T12:37:53.590+0000][35772][debug][gc,age      ] GC(10) Desired survivor size 27262976 bytes, new threshold 15 (max threshold 15)
[2025-04-16T12:37:53.602+0000][35772][info ][gc,phases   ] GC(10)   Pre Evacuate Collection Set: 0.23ms
[2025-04-16T12:37:53.602+0000][35772][info ][gc,phases   ] GC(10)   Merge Heap Roots: 0.08ms
[2025-04-16T12:37:53.602+0000][35772][info ][gc,phases   ] GC(10)   Evacuate Collection Set: 10.66ms
[2025-04-16T12:37:53.602+0000][35772][info ][gc,phases   ] GC(10)   Post Evacuate Collection Set: 0.71ms
[2025-04-16T12:37:53.602+0000][35772][info ][gc,phases   ] GC(10)   Other: 0.11ms
[2025-04-16T12:37:53.602+0000][35772][trace][gc,age      ] GC(10) Age table:
[2025-04-16T12:37:53.602+0000][35772][trace][gc,age      ] GC(10) - age   1:    5395240 bytes,    5395240 total
[2025-04-16T12:37:53.602+0000][35772][trace][gc,age      ] GC(10) - age   2:    6070736 bytes,   11465976 total
[2025-04-16T12:37:53.602+0000][35772][trace][gc,age      ] GC(10) - age   3:    3443144 bytes,   14909120 total
[2025-04-16T12:37:53.602+0000][35772][trace][gc,age      ] GC(10) - age   4:    2634048 bytes,   17543168 total
[2025-04-16T12:37:53.602+0000][35772][trace][gc,age      ] GC(10) - age   5:    1412920 bytes,   18956088 total
[2025-04-16T12:37:53.602+0000][35772][trace][gc,age      ] GC(10) - age   6:    4432168 bytes,   23388256 total
[2025-04-16T12:37:53.602+0000][35772][trace][gc,age      ] GC(10) - age   7:    3015568 bytes,   26403824 total
[2025-04-16T12:37:53.602+0000][35772][trace][gc,age      ] GC(10) - age   8:     388736 bytes,   26792560 total
[2025-04-16T12:37:53.602+0000][35772][info ][gc,heap     ] GC(10) Eden regions: 91->0(108)
[2025-04-16T12:37:53.602+0000][35772][info ][gc,heap     ] GC(10) Survivor regions: 6->8(13)
[2025-04-16T12:37:53.602+0000][35772][info ][gc,heap     ] GC(10) Old regions: 4->4
[2025-04-16T12:37:53.602+0000][35772][info ][gc,heap     ] GC(10) Humongous regions: 0->0
[2025-04-16T12:37:53.602+0000][35772][info ][gc,metaspace] GC(10) Metaspace: 39302K(40448K)->39302K(40448K) NonClass: 34743K(35456K)->34743K(35456K) Class: 4558K(4992K)->4558K(4992K)
[2025-04-16T12:37:53.602+0000][35772][info ][gc          ] GC(10) Pause Young (Normal) (G1 Evacuation Pause) 400M->42M(3776M) 12.112ms
[2025-04-16T12:37:53.602+0000][35772][info ][gc,cpu      ] GC(10) User=0.08s Sys=0.08s Real=0.01s
[2025-04-16T12:37:53.602+0000][35772][info ][safepoint   ] Safepoint "G1CollectForAllocation", Time since last: 565359400 ns, Reaching safepoint: 9100 ns, At safepoint: 12167300 ns, Total: 12176400 ns
[2025-04-16T12:37:55.821+0000][35772][info ][gc,start    ] GC(11) Pause Young (Normal) (G1 Evacuation Pause)
[2025-04-16T12:37:55.821+0000][35772][info ][gc,task     ] GC(11) Using 10 workers of 10 for evacuation
[2025-04-16T12:37:55.821+0000][35772][debug][gc,age      ] GC(11) Desired survivor size 31457280 bytes, new threshold 15 (max threshold 15)
[2025-04-16T12:37:55.835+0000][35772][info ][gc,phases   ] GC(11)   Pre Evacuate Collection Set: 0.21ms
[2025-04-16T12:37:55.835+0000][35772][info ][gc,phases   ] GC(11)   Merge Heap Roots: 0.09ms
[2025-04-16T12:37:55.835+0000][35772][info ][gc,phases   ] GC(11)   Evacuate Collection Set: 13.45ms
[2025-04-16T12:37:55.835+0000][35772][info ][gc,phases   ] GC(11)   Post Evacuate Collection Set: 1.09ms
[2025-04-16T12:37:55.835+0000][35772][info ][gc,phases   ] GC(11)   Other: 0.18ms
[2025-04-16T12:37:55.835+0000][35772][trace][gc,age      ] GC(11) Age table:
[2025-04-16T12:37:55.835+0000][35772][trace][gc,age      ] GC(11) - age   1:    7031880 bytes,    7031880 total
[2025-04-16T12:37:55.835+0000][35772][trace][gc,age      ] GC(11) - age   2:    4520248 bytes,   11552128 total
[2025-04-16T12:37:55.835+0000][35772][trace][gc,age      ] GC(11) - age   3:    6026688 bytes,   17578816 total
[2025-04-16T12:37:55.835+0000][35772][trace][gc,age      ] GC(11) - age   4:    3427360 bytes,   21006176 total
[2025-04-16T12:37:55.835+0000][35772][trace][gc,age      ] GC(11) - age   5:    2621936 bytes,   23628112 total
[2025-04-16T12:37:55.835+0000][35772][trace][gc,age      ] GC(11) - age   6:    1405088 bytes,   25033200 total
[2025-04-16T12:37:55.835+0000][35772][trace][gc,age      ] GC(11) - age   7:    4419240 bytes,   29452440 total
[2025-04-16T12:37:55.835+0000][35772][trace][gc,age      ] GC(11) - age   8:    2831808 bytes,   32284248 total
[2025-04-16T12:37:55.835+0000][35772][trace][gc,age      ] GC(11) - age   9:     388224 bytes,   32672472 total
[2025-04-16T12:37:55.835+0000][35772][info ][gc,heap     ] GC(11) Eden regions: 108->0(124)
[2025-04-16T12:37:55.835+0000][35772][info ][gc,heap     ] GC(11) Survivor regions: 8->9(15)
[2025-04-16T12:37:55.835+0000][35772][info ][gc,heap     ] GC(11) Old regions: 4->4
[2025-04-16T12:37:55.835+0000][35772][info ][gc,heap     ] GC(11) Humongous regions: 0->0
[2025-04-16T12:37:55.835+0000][35772][info ][gc,metaspace] GC(11) Metaspace: 45861K(47296K)->45861K(47296K) NonClass: 40345K(41216K)->40345K(41216K) Class: 5516K(6080K)->5516K(6080K)
[2025-04-16T12:37:55.835+0000][35772][info ][gc          ] GC(11) Pause Young (Normal) (G1 Evacuation Pause) 474M->48M(3776M) 15.357ms
[2025-04-16T12:37:55.835+0000][35772][info ][gc,cpu      ] GC(11) User=0.14s Sys=0.02s Real=0.01s
[2025-04-16T12:37:55.835+0000][35772][info ][safepoint   ] Safepoint "G1CollectForAllocation", Time since last: 2218177900 ns, Reaching safepoint: 6900 ns, At safepoint: 15425900 ns, Total: 15432800 ns
[2025-04-16T12:37:56.922+0000][35772][info ][gc,start    ] GC(12) Pause Young (Concurrent Start) (Metadata GC Threshold)
[2025-04-16T12:37:56.922+0000][35772][info ][gc,task     ] GC(12) Using 10 workers of 10 for evacuation
[2025-04-16T12:37:56.922+0000][35772][debug][gc,age      ] GC(12) Desired survivor size 35651584 bytes, new threshold 15 (max threshold 15)
[2025-04-16T12:37:56.934+0000][35772][info ][gc,phases   ] GC(12)   Pre Evacuate Collection Set: 0.23ms
[2025-04-16T12:37:56.934+0000][35772][info ][gc,phases   ] GC(12)   Merge Heap Roots: 0.08ms
[2025-04-16T12:37:56.934+0000][35772][info ][gc,phases   ] GC(12)   Evacuate Collection Set: 10.44ms
[2025-04-16T12:37:56.934+0000][35772][info ][gc,phases   ] GC(12)   Post Evacuate Collection Set: 1.09ms
[2025-04-16T12:37:56.934+0000][35772][info ][gc,phases   ] GC(12)   Other: 0.15ms
[2025-04-16T12:37:56.934+0000][35772][trace][gc,age      ] GC(12) Age table:
[2025-04-16T12:37:56.934+0000][35772][trace][gc,age      ] GC(12) - age   1:    2759264 bytes,    2759264 total
[2025-04-16T12:37:56.934+0000][35772][trace][gc,age      ] GC(12) - age   2:    6929872 bytes,    9689136 total
[2025-04-16T12:37:56.934+0000][35772][trace][gc,age      ] GC(12) - age   3:    4514928 bytes,   14204064 total
[2025-04-16T12:37:56.934+0000][35772][trace][gc,age      ] GC(12) - age   4:    6024088 bytes,   20228152 total
[2025-04-16T12:37:56.934+0000][35772][trace][gc,age      ] GC(12) - age   5:    3427328 bytes,   23655480 total
[2025-04-16T12:37:56.934+0000][35772][trace][gc,age      ] GC(12) - age   6:    2621384 bytes,   26276864 total
[2025-04-16T12:37:56.934+0000][35772][trace][gc,age      ] GC(12) - age   7:    1404352 bytes,   27681216 total
[2025-04-16T12:37:56.934+0000][35772][trace][gc,age      ] GC(12) - age   8:    4417384 bytes,   32098600 total
[2025-04-16T12:37:56.934+0000][35772][trace][gc,age      ] GC(12) - age   9:    2831568 bytes,   34930168 total
[2025-04-16T12:37:56.934+0000][35772][trace][gc,age      ] GC(12) - age  10:     387984 bytes,   35318152 total
[2025-04-16T12:37:56.934+0000][35772][info ][gc,heap     ] GC(12) Eden regions: 39->0(174)
[2025-04-16T12:37:56.934+0000][35772][info ][gc,heap     ] GC(12) Survivor regions: 9->10(17)
[2025-04-16T12:37:56.934+0000][35772][info ][gc,heap     ] GC(12) Old regions: 4->4
[2025-04-16T12:37:56.934+0000][35772][info ][gc,heap     ] GC(12) Humongous regions: 0->0
[2025-04-16T12:37:56.934+0000][35772][info ][gc,metaspace] GC(12) Metaspace: 59019K(60608K)->59019K(60608K) NonClass: 51727K(52736K)->51727K(52736K) Class: 7291K(7872K)->7291K(7872K)
[2025-04-16T12:37:56.934+0000][35772][info ][gc          ] GC(12) Pause Young (Concurrent Start) (Metadata GC Threshold) 204M->53M(3776M) 12.339ms
[2025-04-16T12:37:56.934+0000][35772][info ][gc,cpu      ] GC(12) User=0.00s Sys=0.00s Real=0.01s
[2025-04-16T12:37:56.934+0000][35772][info ][gc          ] GC(13) Concurrent Mark Cycle
[2025-04-16T12:37:56.934+0000][35772][info ][safepoint   ] Safepoint "CollectForMetadataAllocation", Time since last: 1085593900 ns, Reaching safepoint: 4000 ns, At safepoint: 12433900 ns, Total: 12437900 ns
[2025-04-16T12:37:56.934+0000][35772][info ][gc,marking  ] GC(13) Concurrent Scan Root Regions
[2025-04-16T12:37:56.938+0000][35772][info ][gc,marking  ] GC(13) Concurrent Scan Root Regions 4.764ms
[2025-04-16T12:37:56.938+0000][35772][info ][gc,marking  ] GC(13) Concurrent Mark
[2025-04-16T12:37:56.938+0000][35772][info ][gc,marking  ] GC(13) Concurrent Mark From Roots
[2025-04-16T12:37:56.938+0000][35772][info ][gc,task     ] GC(13) Using 3 workers of 3 for marking
[2025-04-16T12:37:56.945+0000][35772][info ][gc,marking  ] GC(13) Concurrent Mark From Roots 6.066ms
[2025-04-16T12:37:56.945+0000][35772][info ][gc,marking  ] GC(13) Concurrent Preclean
[2025-04-16T12:37:56.945+0000][35772][info ][gc,marking  ] GC(13) Concurrent Preclean 0.067ms
[2025-04-16T12:37:56.945+0000][35772][info ][gc,start    ] GC(13) Pause Remark
[2025-04-16T12:37:56.948+0000][35772][info ][gc          ] GC(13) Pause Remark 57M->57M(3776M) 3.213ms
[2025-04-16T12:37:56.948+0000][35772][info ][gc,cpu      ] GC(13) User=0.00s Sys=0.00s Real=0.00s
[2025-04-16T12:37:56.948+0000][35772][info ][safepoint   ] Safepoint "G1PauseRemark", Time since last: 11098000 ns, Reaching safepoint: 14800 ns, At safepoint: 3304400 ns, Total: 3319200 ns
[2025-04-16T12:37:56.948+0000][35772][info ][gc,marking  ] GC(13) Concurrent Mark 9.593ms
[2025-04-16T12:37:56.948+0000][35772][info ][gc,marking  ] GC(13) Concurrent Rebuild Remembered Sets and Scrub Regions
[2025-04-16T12:37:56.951+0000][35772][info ][gc,marking  ] GC(13) Concurrent Rebuild Remembered Sets and Scrub Regions 2.216ms
[2025-04-16T12:37:56.951+0000][35772][info ][gc,start    ] GC(13) Pause Cleanup
[2025-04-16T12:37:56.951+0000][35772][info ][gc          ] GC(13) Pause Cleanup 57M->57M(3776M) 0.067ms
[2025-04-16T12:37:56.951+0000][35772][info ][gc,cpu      ] GC(13) User=0.00s Sys=0.00s Real=0.00s
[2025-04-16T12:37:56.951+0000][35772][info ][safepoint   ] Safepoint "G1PauseCleanup", Time since last: 2380000 ns, Reaching safepoint: 44300 ns, At safepoint: 104500 ns, Total: 148800 ns
[2025-04-16T12:37:56.951+0000][35772][info ][gc,marking  ] GC(13) Concurrent Clear Claimed Marks
[2025-04-16T12:37:56.951+0000][35772][info ][gc,marking  ] GC(13) Concurrent Clear Claimed Marks 0.077ms
[2025-04-16T12:37:56.951+0000][35772][info ][gc,marking  ] GC(13) Concurrent Cleanup for Next Mark
[2025-04-16T12:37:56.958+0000][35772][info ][gc,marking  ] GC(13) Concurrent Cleanup for Next Mark 6.977ms
[2025-04-16T12:37:56.958+0000][35772][info ][gc          ] GC(13) Concurrent Mark Cycle 24.216ms
[2025-04-16T12:38:02.353+0000][35772][info ][gc,start    ] GC(14) Pause Young (Normal) (G1 Evacuation Pause)
[2025-04-16T12:38:02.353+0000][35772][info ][gc,task     ] GC(14) Using 10 workers of 10 for evacuation
[2025-04-16T12:38:02.353+0000][35772][debug][gc,age      ] GC(14) Desired survivor size 48234496 bytes, new threshold 15 (max threshold 15)
[2025-04-16T12:38:02.374+0000][35772][info ][gc,phases   ] GC(14)   Pre Evacuate Collection Set: 0.22ms
[2025-04-16T12:38:02.374+0000][35772][info ][gc,phases   ] GC(14)   Merge Heap Roots: 0.13ms
[2025-04-16T12:38:02.374+0000][35772][info ][gc,phases   ] GC(14)   Evacuate Collection Set: 18.13ms
[2025-04-16T12:38:02.374+0000][35772][info ][gc,phases   ] GC(14)   Post Evacuate Collection Set: 2.88ms
[2025-04-16T12:38:02.374+0000][35772][info ][gc,phases   ] GC(14)   Other: 0.16ms
[2025-04-16T12:38:02.374+0000][35772][trace][gc,age      ] GC(14) Age table:
[2025-04-16T12:38:02.374+0000][35772][trace][gc,age      ] GC(14) - age   1:   11745688 bytes,   11745688 total
[2025-04-16T12:38:02.374+0000][35772][trace][gc,age      ] GC(14) - age   2:    2536200 bytes,   14281888 total
[2025-04-16T12:38:02.374+0000][35772][trace][gc,age      ] GC(14) - age   3:    6743056 bytes,   21024944 total
[2025-04-16T12:38:02.374+0000][35772][trace][gc,age      ] GC(14) - age   4:    4473824 bytes,   25498768 total
[2025-04-16T12:38:02.374+0000][35772][trace][gc,age      ] GC(14) - age   5:    6013368 bytes,   31512136 total
[2025-04-16T12:38:02.376+0000][35772][trace][gc,age      ] GC(14) - age   6:    3422784 bytes,   34934920 total
[2025-04-16T12:38:02.376+0000][35772][trace][gc,age      ] GC(14) - age   7:    2613432 bytes,   37548352 total
[2025-04-16T12:38:02.376+0000][35772][trace][gc,age      ] GC(14) - age   8:    1399128 bytes,   38947480 total
[2025-04-16T12:38:02.376+0000][35772][trace][gc,age      ] GC(14) - age   9:    4390568 bytes,   43338048 total
[2025-04-16T12:38:02.376+0000][35772][trace][gc,age      ] GC(14) - age  10:    2824920 bytes,   46162968 total
[2025-04-16T12:38:02.376+0000][35772][trace][gc,age      ] GC(14) - age  11:     382800 bytes,   46545768 total
[2025-04-16T12:38:02.376+0000][35772][info ][gc,heap     ] GC(14) Eden regions: 174->0(161)
[2025-04-16T12:38:02.376+0000][35772][info ][gc,heap     ] GC(14) Survivor regions: 10->13(23)
[2025-04-16T12:38:02.376+0000][35772][info ][gc,heap     ] GC(14) Old regions: 4->4
[2025-04-16T12:38:02.376+0000][35772][info ][gc,heap     ] GC(14) Humongous regions: 0->0
[2025-04-16T12:38:02.376+0000][35772][info ][gc,metaspace] GC(14) Metaspace: 77802K(79744K)->77802K(79744K) NonClass: 67327K(68480K)->67327K(68480K) Class: 10475K(11264K)->10475K(11264K)
[2025-04-16T12:38:02.376+0000][35772][info ][gc          ] GC(14) Pause Young (Normal) (G1 Evacuation Pause) 749M->64M(3776M) 22.203ms
[2025-04-16T12:38:02.376+0000][35772][info ][gc,cpu      ] GC(14) User=0.14s Sys=0.17s Real=0.02s
[2025-04-16T12:38:02.376+0000][35772][info ][safepoint   ] Safepoint "G1CollectForAllocation", Time since last: 5402193700 ns, Reaching safepoint: 11600 ns, At safepoint: 22314300 ns, Total: 22325900 ns
[2025-04-16T12:38:03.183+0000][35772][info ][gc,heap,exit] Heap
[2025-04-16T12:38:03.183+0000][35772][info ][gc,heap,exit]  garbage-first heap   total reserved 3866624K, committed 3866624K, used 146344K [0x0000000714000000, 0x0000000800000000)
[2025-04-16T12:38:03.183+0000][35772][info ][gc,heap,exit]   region size 4096K, 33 young (135168K), 13 survivors (53248K)
[2025-04-16T12:38:03.183+0000][35772][info ][gc,heap,exit]  Metaspace       used 84247K, committed 86336K, reserved 1179648K
[2025-04-16T12:38:03.183+0000][35772][info ][gc,heap,exit]   class space    used 11403K, committed 12288K, reserved 1048576K
