[2025-04-16T12:43:11.784+0000][36616][info][gc,init] CardTable entry size: 512
[2025-04-16T12:43:11.784+0000][36616][info][gc     ] Using G1
[2025-04-16T12:43:14.094+0000][36616][info][gc,init] Version: 23+37-2369 (release)
[2025-04-16T12:43:14.094+0000][36616][info][gc,init] CPUs: 12 total, 12 available
[2025-04-16T12:43:14.094+0000][36616][info][gc,init] Memory: 7549M
[2025-04-16T12:43:14.094+0000][36616][info][gc,init] Large Page Support: Disabled
[2025-04-16T12:43:14.094+0000][36616][info][gc,init] NUMA Support: Disabled
[2025-04-16T12:43:14.094+0000][36616][info][gc,init] Compressed Oops: Enabled (Zero based)
[2025-04-16T12:43:14.094+0000][36616][info][gc,init] Heap Region Size: 4M
[2025-04-16T12:43:14.094+0000][36616][info][gc,init] Heap Min Capacity: 3776M
[2025-04-16T12:43:14.094+0000][36616][info][gc,init] Heap Initial Capacity: 3776M
[2025-04-16T12:43:14.094+0000][36616][info][gc,init] Heap Max Capacity: 3776M
[2025-04-16T12:43:14.094+0000][36616][info][gc,init] Pre-touch: Enabled
[2025-04-16T12:43:14.094+0000][36616][info][gc,init] Parallel Workers: 10
[2025-04-16T12:43:14.094+0000][36616][info][gc,init] Concurrent Workers: 3
[2025-04-16T12:43:14.094+0000][36616][info][gc,init] Concurrent Refinement Workers: 10
[2025-04-16T12:43:14.094+0000][36616][info][gc,init] Periodic GC: Disabled
[2025-04-16T12:43:14.115+0000][36616][info][gc,metaspace] CDS archive(s) mapped at: [0x0000020aa2000000-0x0000020aa2d70000-0x0000020aa2d70000), size 14090240, SharedBaseAddress: 0x0000020aa2000000, ArchiveRelocationMode: 1.
[2025-04-16T12:43:14.115+0000][36616][info][gc,metaspace] Compressed class space mapped at: 0x0000020aa3000000-0x0000020ae3000000, reserved size: 1073741824
[2025-04-16T12:43:14.115+0000][36616][info][gc,metaspace] Narrow klass base: 0x0000020aa2000000, Narrow klass shift: 0, Narrow klass range: 0x41000000
[2025-04-16T12:43:17.554+0000][36616][info][gc,start    ] GC(0) Pause Young (Normal) (G1 Evacuation Pause)
[2025-04-16T12:43:17.554+0000][36616][info][gc,task     ] GC(0) Using 10 workers of 10 for evacuation
[2025-04-16T12:43:17.554+0000][36616][debug][gc,age      ] GC(0) Desired survivor size 12582912 bytes, new threshold 15 (max threshold 15)
[2025-04-16T12:43:17.566+0000][36616][info ][gc,phases   ] GC(0)   Pre Evacuate Collection Set: 0.24ms
[2025-04-16T12:43:17.566+0000][36616][info ][gc,phases   ] GC(0)   Merge Heap Roots: 0.49ms
[2025-04-16T12:43:17.566+0000][36616][info ][gc,phases   ] GC(0)   Evacuate Collection Set: 9.16ms
[2025-04-16T12:43:17.566+0000][36616][info ][gc,phases   ] GC(0)   Post Evacuate Collection Set: 1.17ms
[2025-04-16T12:43:17.566+0000][36616][info ][gc,phases   ] GC(0)   Other: 0.69ms
[2025-04-16T12:43:17.566+0000][36616][trace][gc,age      ] GC(0) Age table:
[2025-04-16T12:43:17.566+0000][36616][trace][gc,age      ] GC(0) - age   1:   14156912 bytes,   14156912 total
[2025-04-16T12:43:17.566+0000][36616][info ][gc,heap     ] GC(0) Eden regions: 47->0(43)
[2025-04-16T12:43:17.566+0000][36616][info ][gc,heap     ] GC(0) Survivor regions: 0->4(6)
[2025-04-16T12:43:17.566+0000][36616][info ][gc,heap     ] GC(0) Old regions: 0->0
[2025-04-16T12:43:17.566+0000][36616][info ][gc,heap     ] GC(0) Humongous regions: 0->0
[2025-04-16T12:43:17.566+0000][36616][info ][gc,metaspace] GC(0) Metaspace: 18706K(19456K)->18706K(19456K) NonClass: 16588K(17024K)->16588K(17024K) Class: 2118K(2432K)->2118K(2432K)
[2025-04-16T12:43:17.566+0000][36616][info ][gc          ] GC(0) Pause Young (Normal) (G1 Evacuation Pause) 188M->14M(3776M) 12.104ms
[2025-04-16T12:43:17.566+0000][36616][info ][gc,cpu      ] GC(0) User=0.05s Sys=0.09s Real=0.01s
[2025-04-16T12:43:17.566+0000][36616][info ][safepoint   ] Safepoint "G1CollectForAllocation", Time since last: 3433886500 ns, Reaching safepoint: 9800 ns, At safepoint: 12163400 ns, Total: 12173200 ns
[2025-04-16T12:43:18.374+0000][36616][info ][gc,start    ] GC(1) Pause Young (Concurrent Start) (Metadata GC Threshold)
[2025-04-16T12:43:18.374+0000][36616][info ][gc,task     ] GC(1) Using 10 workers of 10 for evacuation
[2025-04-16T12:43:18.374+0000][36616][debug][gc,age      ] GC(1) Desired survivor size 12582912 bytes, new threshold 1 (max threshold 15)
[2025-04-16T12:43:18.384+0000][36616][info ][gc,phases   ] GC(1)   Pre Evacuate Collection Set: 0.35ms
[2025-04-16T12:43:18.384+0000][36616][info ][gc,phases   ] GC(1)   Merge Heap Roots: 0.05ms
[2025-04-16T12:43:18.384+0000][36616][info ][gc,phases   ] GC(1)   Evacuate Collection Set: 8.87ms
[2025-04-16T12:43:18.384+0000][36616][info ][gc,phases   ] GC(1)   Post Evacuate Collection Set: 1.00ms
[2025-04-16T12:43:18.384+0000][36616][info ][gc,phases   ] GC(1)   Other: 0.16ms
[2025-04-16T12:43:18.384+0000][36616][trace][gc,age      ] GC(1) Age table:
[2025-04-16T12:43:18.384+0000][36616][trace][gc,age      ] GC(1) - age   1:    1232152 bytes,    1232152 total
[2025-04-16T12:43:18.384+0000][36616][info ][gc,heap     ] GC(1) Eden regions: 17->0(46)
[2025-04-16T12:43:18.384+0000][36616][info ][gc,heap     ] GC(1) Survivor regions: 4->1(6)
[2025-04-16T12:43:18.384+0000][36616][info ][gc,heap     ] GC(1) Old regions: 0->4
[2025-04-16T12:43:18.384+0000][36616][info ][gc,heap     ] GC(1) Humongous regions: 0->0
[2025-04-16T12:43:18.384+0000][36616][info ][gc,metaspace] GC(1) Metaspace: 20776K(21504K)->20776K(21504K) NonClass: 18444K(18880K)->18444K(18880K) Class: 2332K(2624K)->2332K(2624K)
[2025-04-16T12:43:18.384+0000][36616][info ][gc          ] GC(1) Pause Young (Concurrent Start) (Metadata GC Threshold) 80M->16M(3776M) 10.698ms
[2025-04-16T12:43:18.384+0000][36616][info ][gc,cpu      ] GC(1) User=0.00s Sys=0.02s Real=0.01s
[2025-04-16T12:43:18.384+0000][36616][info ][gc          ] GC(2) Concurrent Mark Cycle
[2025-04-16T12:43:18.384+0000][36616][info ][safepoint   ] Safepoint "CollectForMetadataAllocation", Time since last: 807470200 ns, Reaching safepoint: 3200 ns, At safepoint: 10804800 ns, Total: 10808000 ns
[2025-04-16T12:43:18.384+0000][36616][info ][gc,marking  ] GC(2) Concurrent Scan Root Regions
[2025-04-16T12:43:18.387+0000][36616][info ][gc,marking  ] GC(2) Concurrent Scan Root Regions 3.499ms
[2025-04-16T12:43:18.387+0000][36616][info ][gc,marking  ] GC(2) Concurrent Mark
[2025-04-16T12:43:18.387+0000][36616][info ][gc,marking  ] GC(2) Concurrent Mark From Roots
[2025-04-16T12:43:18.387+0000][36616][info ][gc,task     ] GC(2) Using 3 workers of 3 for marking
[2025-04-16T12:43:18.387+0000][36616][info ][gc,marking  ] GC(2) Concurrent Mark From Roots 0.222ms
[2025-04-16T12:43:18.387+0000][36616][info ][gc,marking  ] GC(2) Concurrent Preclean
[2025-04-16T12:43:18.387+0000][36616][info ][gc,marking  ] GC(2) Concurrent Preclean 0.011ms
[2025-04-16T12:43:18.387+0000][36616][info ][gc,start    ] GC(2) Pause Remark
[2025-04-16T12:43:18.390+0000][36616][info ][gc          ] GC(2) Pause Remark 20M->20M(3776M) 2.220ms
[2025-04-16T12:43:18.390+0000][36616][info ][gc,cpu      ] GC(2) User=0.11s Sys=0.05s Real=0.00s
[2025-04-16T12:43:18.390+0000][36616][info ][safepoint   ] Safepoint "G1PauseRemark", Time since last: 3897500 ns, Reaching safepoint: 64500 ns, At safepoint: 2316100 ns, Total: 2380600 ns
[2025-04-16T12:43:18.390+0000][36616][info ][gc,marking  ] GC(2) Concurrent Mark 2.702ms
[2025-04-16T12:43:18.390+0000][36616][info ][gc,marking  ] GC(2) Concurrent Rebuild Remembered Sets and Scrub Regions
[2025-04-16T12:43:18.392+0000][36616][info ][gc,marking  ] GC(2) Concurrent Rebuild Remembered Sets and Scrub Regions 2.126ms
[2025-04-16T12:43:18.393+0000][36616][info ][gc,start    ] GC(2) Pause Cleanup
[2025-04-16T12:43:18.393+0000][36616][info ][gc          ] GC(2) Pause Cleanup 20M->20M(3776M) 0.052ms
[2025-04-16T12:43:18.393+0000][36616][info ][gc,cpu      ] GC(2) User=0.00s Sys=0.00s Real=0.00s
[2025-04-16T12:43:18.393+0000][36616][info ][safepoint   ] Safepoint "G1PauseCleanup", Time since last: 2277400 ns, Reaching safepoint: 34400 ns, At safepoint: 86300 ns, Total: 120700 ns
[2025-04-16T12:43:18.393+0000][36616][info ][gc,marking  ] GC(2) Concurrent Clear Claimed Marks
[2025-04-16T12:43:18.393+0000][36616][info ][gc,marking  ] GC(2) Concurrent Clear Claimed Marks 0.074ms
[2025-04-16T12:43:18.393+0000][36616][info ][gc,marking  ] GC(2) Concurrent Cleanup for Next Mark
[2025-04-16T12:43:18.402+0000][36616][info ][gc,marking  ] GC(2) Concurrent Cleanup for Next Mark 9.098ms
[2025-04-16T12:43:18.402+0000][36616][info ][gc          ] GC(2) Concurrent Mark Cycle 18.190ms
[2025-04-16T12:43:19.089+0000][36616][info ][gc,start    ] GC(3) Pause Young (Normal) (G1 Evacuation Pause)
[2025-04-16T12:43:19.089+0000][36616][info ][gc,task     ] GC(3) Using 10 workers of 10 for evacuation
[2025-04-16T12:43:19.089+0000][36616][debug][gc,age      ] GC(3) Desired survivor size 12582912 bytes, new threshold 15 (max threshold 15)
[2025-04-16T12:43:19.090+0000][36616][info ][gc,phases   ] GC(3)   Pre Evacuate Collection Set: 0.15ms
[2025-04-16T12:43:19.090+0000][36616][info ][gc,phases   ] GC(3)   Merge Heap Roots: 0.06ms
[2025-04-16T12:43:19.090+0000][36616][info ][gc,phases   ] GC(3)   Evacuate Collection Set: 1.23ms
[2025-04-16T12:43:19.091+0000][36616][info ][gc,phases   ] GC(3)   Post Evacuate Collection Set: 0.39ms
[2025-04-16T12:43:19.091+0000][36616][info ][gc,phases   ] GC(3)   Other: 0.07ms
[2025-04-16T12:43:19.091+0000][36616][trace][gc,age      ] GC(3) Age table:
[2025-04-16T12:43:19.091+0000][36616][trace][gc,age      ] GC(3) - age   1:    3067672 bytes,    3067672 total
[2025-04-16T12:43:19.091+0000][36616][trace][gc,age      ] GC(3) - age   2:     420208 bytes,    3487880 total
[2025-04-16T12:43:19.091+0000][36616][info ][gc,heap     ] GC(3) Eden regions: 46->0(46)
[2025-04-16T12:43:19.091+0000][36616][info ][gc,heap     ] GC(3) Survivor regions: 1->1(6)
[2025-04-16T12:43:19.091+0000][36616][info ][gc,heap     ] GC(3) Old regions: 4->4
[2025-04-16T12:43:19.091+0000][36616][info ][gc,heap     ] GC(3) Humongous regions: 0->0
[2025-04-16T12:43:19.091+0000][36616][info ][gc,metaspace] GC(3) Metaspace: 24649K(25536K)->24649K(25536K) NonClass: 21902K(22400K)->21902K(22400K) Class: 2746K(3136K)->2746K(3136K)
[2025-04-16T12:43:19.091+0000][36616][info ][gc          ] GC(3) Pause Young (Normal) (G1 Evacuation Pause) 200M->17M(3776M) 2.171ms
[2025-04-16T12:43:19.091+0000][36616][info ][gc,cpu      ] GC(3) User=0.00s Sys=0.00s Real=0.00s
[2025-04-16T12:43:19.091+0000][36616][info ][safepoint   ] Safepoint "G1CollectForAllocation", Time since last: 695650500 ns, Reaching safepoint: 3600 ns, At safepoint: 2224200 ns, Total: 2227800 ns
[2025-04-16T12:43:19.770+0000][36616][info ][gc,start    ] GC(4) Pause Young (Normal) (G1 Evacuation Pause)
[2025-04-16T12:43:19.770+0000][36616][info ][gc,task     ] GC(4) Using 10 workers of 10 for evacuation
[2025-04-16T12:43:19.770+0000][36616][debug][gc,age      ] GC(4) Desired survivor size 12582912 bytes, new threshold 15 (max threshold 15)
[2025-04-16T12:43:19.774+0000][36616][info ][gc,phases   ] GC(4)   Pre Evacuate Collection Set: 0.14ms
[2025-04-16T12:43:19.774+0000][36616][info ][gc,phases   ] GC(4)   Merge Heap Roots: 0.05ms
[2025-04-16T12:43:19.774+0000][36616][info ][gc,phases   ] GC(4)   Evacuate Collection Set: 3.06ms
[2025-04-16T12:43:19.774+0000][36616][info ][gc,phases   ] GC(4)   Post Evacuate Collection Set: 0.63ms
[2025-04-16T12:43:19.774+0000][36616][info ][gc,phases   ] GC(4)   Other: 0.09ms
[2025-04-16T12:43:19.774+0000][36616][trace][gc,age      ] GC(4) Age table:
[2025-04-16T12:43:19.774+0000][36616][trace][gc,age      ] GC(4) - age   1:    6287840 bytes,    6287840 total
[2025-04-16T12:43:19.774+0000][36616][trace][gc,age      ] GC(4) - age   2:    3025424 bytes,    9313264 total
[2025-04-16T12:43:19.774+0000][36616][trace][gc,age      ] GC(4) - age   3:     418856 bytes,    9732120 total
[2025-04-16T12:43:19.774+0000][36616][info ][gc,heap     ] GC(4) Eden regions: 46->0(44)
[2025-04-16T12:43:19.774+0000][36616][info ][gc,heap     ] GC(4) Survivor regions: 1->3(6)
[2025-04-16T12:43:19.774+0000][36616][info ][gc,heap     ] GC(4) Old regions: 4->4
[2025-04-16T12:43:19.774+0000][36616][info ][gc,heap     ] GC(4) Humongous regions: 0->0
[2025-04-16T12:43:19.774+0000][36616][info ][gc,metaspace] GC(4) Metaspace: 29733K(30592K)->29733K(30592K) NonClass: 26338K(26816K)->26338K(26816K) Class: 3395K(3776K)->3395K(3776K)
[2025-04-16T12:43:19.774+0000][36616][info ][gc          ] GC(4) Pause Young (Normal) (G1 Evacuation Pause) 201M->24M(3776M) 4.274ms
[2025-04-16T12:43:19.774+0000][36616][info ][gc,cpu      ] GC(4) User=0.00s Sys=0.00s Real=0.00s
[2025-04-16T12:43:19.774+0000][36616][info ][safepoint   ] Safepoint "G1CollectForAllocation", Time since last: 679092200 ns, Reaching safepoint: 6000 ns, At safepoint: 4341600 ns, Total: 4347600 ns
[2025-04-16T12:43:20.067+0000][36616][info ][gc,start    ] GC(5) Pause Young (Normal) (G1 Evacuation Pause)
[2025-04-16T12:43:20.067+0000][36616][info ][gc,task     ] GC(5) Using 10 workers of 10 for evacuation
[2025-04-16T12:43:20.067+0000][36616][debug][gc,age      ] GC(5) Desired survivor size 12582912 bytes, new threshold 15 (max threshold 15)
[2025-04-16T12:43:20.071+0000][36616][info ][gc,phases   ] GC(5)   Pre Evacuate Collection Set: 0.20ms
[2025-04-16T12:43:20.071+0000][36616][info ][gc,phases   ] GC(5)   Merge Heap Roots: 0.07ms
[2025-04-16T12:43:20.071+0000][36616][info ][gc,phases   ] GC(5)   Evacuate Collection Set: 2.99ms
[2025-04-16T12:43:20.071+0000][36616][info ][gc,phases   ] GC(5)   Post Evacuate Collection Set: 0.69ms
[2025-04-16T12:43:20.071+0000][36616][info ][gc,phases   ] GC(5)   Other: 0.10ms
[2025-04-16T12:43:20.071+0000][36616][trace][gc,age      ] GC(5) Age table:
[2025-04-16T12:43:20.071+0000][36616][trace][gc,age      ] GC(5) - age   1:    2030776 bytes,    2030776 total
[2025-04-16T12:43:20.071+0000][36616][trace][gc,age      ] GC(5) - age   2:    4431872 bytes,    6462648 total
[2025-04-16T12:43:20.071+0000][36616][trace][gc,age      ] GC(5) - age   3:    3025264 bytes,    9487912 total
[2025-04-16T12:43:20.071+0000][36616][trace][gc,age      ] GC(5) - age   4:     418856 bytes,    9906768 total
[2025-04-16T12:43:20.071+0000][36616][info ][gc,heap     ] GC(5) Eden regions: 44->0(71)
[2025-04-16T12:43:20.071+0000][36616][info ][gc,heap     ] GC(5) Survivor regions: 3->3(6)
[2025-04-16T12:43:20.071+0000][36616][info ][gc,heap     ] GC(5) Old regions: 4->4
[2025-04-16T12:43:20.071+0000][36616][info ][gc,heap     ] GC(5) Humongous regions: 0->0
[2025-04-16T12:43:20.071+0000][36616][info ][gc,metaspace] GC(5) Metaspace: 30153K(31104K)->30153K(31104K) NonClass: 26717K(27264K)->26717K(27264K) Class: 3435K(3840K)->3435K(3840K)
[2025-04-16T12:43:20.071+0000][36616][info ][gc          ] GC(5) Pause Young (Normal) (G1 Evacuation Pause) 200M->24M(3776M) 4.421ms
[2025-04-16T12:43:20.071+0000][36616][info ][gc,cpu      ] GC(5) User=0.00s Sys=0.00s Real=0.00s
[2025-04-16T12:43:20.071+0000][36616][info ][safepoint   ] Safepoint "G1CollectForAllocation", Time since last: 293246600 ns, Reaching safepoint: 4500 ns, At safepoint: 4484800 ns, Total: 4489300 ns
[2025-04-16T12:43:20.530+0000][36616][info ][gc,start    ] GC(6) Pause Young (Normal) (G1 Evacuation Pause)
[2025-04-16T12:43:20.530+0000][36616][info ][gc,task     ] GC(6) Using 10 workers of 10 for evacuation
[2025-04-16T12:43:20.530+0000][36616][debug][gc,age      ] GC(6) Desired survivor size 20971520 bytes, new threshold 15 (max threshold 15)
[2025-04-16T12:43:20.536+0000][36616][info ][gc,phases   ] GC(6)   Pre Evacuate Collection Set: 0.14ms
[2025-04-16T12:43:20.536+0000][36616][info ][gc,phases   ] GC(6)   Merge Heap Roots: 0.06ms
[2025-04-16T12:43:20.536+0000][36616][info ][gc,phases   ] GC(6)   Evacuate Collection Set: 4.37ms
[2025-04-16T12:43:20.536+0000][36616][info ][gc,phases   ] GC(6)   Post Evacuate Collection Set: 0.85ms
[2025-04-16T12:43:20.536+0000][36616][info ][gc,phases   ] GC(6)   Other: 0.11ms
[2025-04-16T12:43:20.536+0000][36616][trace][gc,age      ] GC(6) Age table:
[2025-04-16T12:43:20.536+0000][36616][trace][gc,age      ] GC(6) - age   1:    3042608 bytes,    3042608 total
[2025-04-16T12:43:20.536+0000][36616][trace][gc,age      ] GC(6) - age   2:    1416056 bytes,    4458664 total
[2025-04-16T12:43:20.536+0000][36616][trace][gc,age      ] GC(6) - age   3:    4428640 bytes,    8887304 total
[2025-04-16T12:43:20.536+0000][36616][trace][gc,age      ] GC(6) - age   4:    3024792 bytes,   11912096 total
[2025-04-16T12:43:20.536+0000][36616][trace][gc,age      ] GC(6) - age   5:     418856 bytes,   12330952 total
[2025-04-16T12:43:20.536+0000][36616][info ][gc,heap     ] GC(6) Eden regions: 71->0(62)
[2025-04-16T12:43:20.536+0000][36616][info ][gc,heap     ] GC(6) Survivor regions: 3->4(10)
[2025-04-16T12:43:20.536+0000][36616][info ][gc,heap     ] GC(6) Old regions: 4->4
[2025-04-16T12:43:20.536+0000][36616][info ][gc,heap     ] GC(6) Humongous regions: 0->0
[2025-04-16T12:43:20.536+0000][36616][info ][gc,metaspace] GC(6) Metaspace: 30607K(31616K)->30607K(31616K) NonClass: 27106K(27712K)->27106K(27712K) Class: 3501K(3904K)->3501K(3904K)
[2025-04-16T12:43:20.536+0000][36616][info ][gc          ] GC(6) Pause Young (Normal) (G1 Evacuation Pause) 308M->26M(3776M) 5.957ms
[2025-04-16T12:43:20.536+0000][36616][info ][gc,cpu      ] GC(6) User=0.00s Sys=0.00s Real=0.01s
[2025-04-16T12:43:20.536+0000][36616][info ][safepoint   ] Safepoint "G1CollectForAllocation", Time since last: 458732400 ns, Reaching safepoint: 4800 ns, At safepoint: 6016100 ns, Total: 6020900 ns
[2025-04-16T12:43:21.034+0000][36616][info ][gc,start    ] GC(7) Pause Young (Concurrent Start) (Metadata GC Threshold)
[2025-04-16T12:43:21.034+0000][36616][info ][gc,task     ] GC(7) Using 10 workers of 10 for evacuation
[2025-04-16T12:43:21.034+0000][36616][debug][gc,age      ] GC(7) Desired survivor size 18874368 bytes, new threshold 15 (max threshold 15)
[2025-04-16T12:43:21.039+0000][36616][info ][gc,phases   ] GC(7)   Pre Evacuate Collection Set: 0.21ms
[2025-04-16T12:43:21.039+0000][36616][info ][gc,phases   ] GC(7)   Merge Heap Roots: 0.06ms
[2025-04-16T12:43:21.039+0000][36616][info ][gc,phases   ] GC(7)   Evacuate Collection Set: 5.19ms
[2025-04-16T12:43:21.039+0000][36616][info ][gc,phases   ] GC(7)   Post Evacuate Collection Set: 0.60ms
[2025-04-16T12:43:21.039+0000][36616][info ][gc,phases   ] GC(7)   Other: 0.09ms
[2025-04-16T12:43:21.039+0000][36616][trace][gc,age      ] GC(7) Age table:
[2025-04-16T12:43:21.039+0000][36616][trace][gc,age      ] GC(7) - age   1:    3478088 bytes,    3478088 total
[2025-04-16T12:43:21.039+0000][36616][trace][gc,age      ] GC(7) - age   2:    2638208 bytes,    6116296 total
[2025-04-16T12:43:21.039+0000][36616][trace][gc,age      ] GC(7) - age   3:    1416024 bytes,    7532320 total
[2025-04-16T12:43:21.039+0000][36616][trace][gc,age      ] GC(7) - age   4:    4425712 bytes,   11958032 total
[2025-04-16T12:43:21.039+0000][36616][trace][gc,age      ] GC(7) - age   5:    3023288 bytes,   14981320 total
[2025-04-16T12:43:21.039+0000][36616][trace][gc,age      ] GC(7) - age   6:     418856 bytes,   15400176 total
[2025-04-16T12:43:21.039+0000][36616][info ][gc,heap     ] GC(7) Eden regions: 37->0(88)
[2025-04-16T12:43:21.039+0000][36616][info ][gc,heap     ] GC(7) Survivor regions: 4->4(9)
[2025-04-16T12:43:21.039+0000][36616][info ][gc,heap     ] GC(7) Old regions: 4->4
[2025-04-16T12:43:21.039+0000][36616][info ][gc,heap     ] GC(7) Humongous regions: 0->0
[2025-04-16T12:43:21.039+0000][36616][info ][gc,metaspace] GC(7) Metaspace: 35008K(35968K)->35008K(35968K) NonClass: 31050K(31616K)->31050K(31616K) Class: 3958K(4352K)->3958K(4352K)
[2025-04-16T12:43:21.039+0000][36616][info ][gc          ] GC(7) Pause Young (Concurrent Start) (Metadata GC Threshold) 172M->30M(3776M) 6.480ms
[2025-04-16T12:43:21.039+0000][36616][info ][gc,cpu      ] GC(7) User=0.00s Sys=0.00s Real=0.01s
[2025-04-16T12:43:21.039+0000][36616][info ][gc          ] GC(8) Concurrent Mark Cycle
[2025-04-16T12:43:21.039+0000][36616][info ][safepoint   ] Safepoint "CollectForMetadataAllocation", Time since last: 497250900 ns, Reaching safepoint: 4700 ns, At safepoint: 6567900 ns, Total: 6572600 ns
[2025-04-16T12:43:21.039+0000][36616][info ][gc,marking  ] GC(8) Concurrent Scan Root Regions
[2025-04-16T12:43:21.043+0000][36616][info ][gc,marking  ] GC(8) Concurrent Scan Root Regions 2.991ms
[2025-04-16T12:43:21.043+0000][36616][info ][gc,marking  ] GC(8) Concurrent Mark
[2025-04-16T12:43:21.043+0000][36616][info ][gc,marking  ] GC(8) Concurrent Mark From Roots
[2025-04-16T12:43:21.043+0000][36616][info ][gc,task     ] GC(8) Using 3 workers of 3 for marking
[2025-04-16T12:43:21.051+0000][36616][info ][gc,marking  ] GC(8) Concurrent Mark From Roots 7.179ms
[2025-04-16T12:43:21.051+0000][36616][info ][gc,marking  ] GC(8) Concurrent Preclean
[2025-04-16T12:43:21.051+0000][36616][info ][gc,marking  ] GC(8) Concurrent Preclean 0.126ms
[2025-04-16T12:43:21.051+0000][36616][info ][gc,start    ] GC(8) Pause Remark
[2025-04-16T12:43:21.054+0000][36616][info ][gc          ] GC(8) Pause Remark 32M->32M(3776M) 3.632ms
[2025-04-16T12:43:21.054+0000][36616][info ][gc,cpu      ] GC(8) User=0.00s Sys=0.00s Real=0.00s
[2025-04-16T12:43:21.054+0000][36616][info ][safepoint   ] Safepoint "G1PauseRemark", Time since last: 10542400 ns, Reaching safepoint: 14800 ns, At safepoint: 3724200 ns, Total: 3739000 ns
[2025-04-16T12:43:21.054+0000][36616][info ][gc,marking  ] GC(8) Concurrent Mark 11.178ms
[2025-04-16T12:43:21.054+0000][36616][info ][gc,marking  ] GC(8) Concurrent Rebuild Remembered Sets and Scrub Regions
[2025-04-16T12:43:21.057+0000][36616][info ][gc,marking  ] GC(8) Concurrent Rebuild Remembered Sets and Scrub Regions 2.596ms
[2025-04-16T12:43:21.057+0000][36616][info ][gc,start    ] GC(8) Pause Cleanup
[2025-04-16T12:43:21.057+0000][36616][info ][gc          ] GC(8) Pause Cleanup 32M->32M(3776M) 0.069ms
[2025-04-16T12:43:21.057+0000][36616][info ][gc,cpu      ] GC(8) User=0.00s Sys=0.00s Real=0.00s
[2025-04-16T12:43:21.057+0000][36616][info ][safepoint   ] Safepoint "G1PauseCleanup", Time since last: 2754900 ns, Reaching safepoint: 4500 ns, At safepoint: 112500 ns, Total: 117000 ns
[2025-04-16T12:43:21.057+0000][36616][info ][gc,marking  ] GC(8) Concurrent Clear Claimed Marks
[2025-04-16T12:43:21.057+0000][36616][info ][gc,marking  ] GC(8) Concurrent Clear Claimed Marks 0.057ms
[2025-04-16T12:43:21.057+0000][36616][info ][gc,marking  ] GC(8) Concurrent Cleanup for Next Mark
[2025-04-16T12:43:21.065+0000][36616][info ][gc,marking  ] GC(8) Concurrent Cleanup for Next Mark 7.494ms
[2025-04-16T12:43:21.065+0000][36616][info ][gc          ] GC(8) Concurrent Mark Cycle 24.912ms
[2025-04-16T12:43:21.889+0000][36616][info ][gc,start    ] GC(9) Pause Young (Normal) (G1 Evacuation Pause)
[2025-04-16T12:43:21.890+0000][36616][info ][gc,task     ] GC(9) Using 10 workers of 10 for evacuation
[2025-04-16T12:43:21.890+0000][36616][debug][gc,age      ] GC(9) Desired survivor size 25165824 bytes, new threshold 15 (max threshold 15)
[2025-04-16T12:43:21.900+0000][36616][info ][gc,phases   ] GC(9)   Pre Evacuate Collection Set: 0.18ms
[2025-04-16T12:43:21.900+0000][36616][info ][gc,phases   ] GC(9)   Merge Heap Roots: 0.07ms
[2025-04-16T12:43:21.900+0000][36616][info ][gc,phases   ] GC(9)   Evacuate Collection Set: 10.46ms
[2025-04-16T12:43:21.900+0000][36616][info ][gc,phases   ] GC(9)   Post Evacuate Collection Set: 0.65ms
[2025-04-16T12:43:21.900+0000][36616][info ][gc,phases   ] GC(9)   Other: 0.13ms
[2025-04-16T12:43:21.900+0000][36616][trace][gc,age      ] GC(9) Age table:
[2025-04-16T12:43:21.900+0000][36616][trace][gc,age      ] GC(9) - age   1:    6266568 bytes,    6266568 total
[2025-04-16T12:43:21.900+0000][36616][trace][gc,age      ] GC(9) - age   2:    3442096 bytes,    9708664 total
[2025-04-16T12:43:21.900+0000][36616][trace][gc,age      ] GC(9) - age   3:    2637832 bytes,   12346496 total
[2025-04-16T12:43:21.900+0000][36616][trace][gc,age      ] GC(9) - age   4:    1414456 bytes,   13760952 total
[2025-04-16T12:43:21.900+0000][36616][trace][gc,age      ] GC(9) - age   5:    4421544 bytes,   18182496 total
[2025-04-16T12:43:21.900+0000][36616][trace][gc,age      ] GC(9) - age   6:    3021688 bytes,   21204184 total
[2025-04-16T12:43:21.900+0000][36616][trace][gc,age      ] GC(9) - age   7:     412920 bytes,   21617104 total
[2025-04-16T12:43:21.900+0000][36616][info ][gc,heap     ] GC(9) Eden regions: 88->0(90)
[2025-04-16T12:43:21.900+0000][36616][info ][gc,heap     ] GC(9) Survivor regions: 4->6(12)
[2025-04-16T12:43:21.900+0000][36616][info ][gc,heap     ] GC(9) Old regions: 4->4
[2025-04-16T12:43:21.900+0000][36616][info ][gc,heap     ] GC(9) Humongous regions: 0->0
[2025-04-16T12:43:21.900+0000][36616][info ][gc,metaspace] GC(9) Metaspace: 38452K(39552K)->38452K(39552K) NonClass: 34004K(34688K)->34004K(34688K) Class: 4447K(4864K)->4447K(4864K)
[2025-04-16T12:43:21.900+0000][36616][info ][gc          ] GC(9) Pause Young (Normal) (G1 Evacuation Pause) 382M->37M(3776M) 11.831ms
[2025-04-16T12:43:21.901+0000][36616][info ][gc,cpu      ] GC(9) User=0.02s Sys=0.02s Real=0.01s
[2025-04-16T12:43:21.901+0000][36616][info ][safepoint   ] Safepoint "G1CollectForAllocation", Time since last: 831630400 ns, Reaching safepoint: 5300 ns, At safepoint: 11916000 ns, Total: 11921300 ns
[2025-04-16T12:43:22.458+0000][36616][info ][gc,start    ] GC(10) Pause Young (Normal) (G1 Evacuation Pause)
[2025-04-16T12:43:22.458+0000][36616][info ][gc,task     ] GC(10) Using 10 workers of 10 for evacuation
[2025-04-16T12:43:22.458+0000][36616][debug][gc,age      ] GC(10) Desired survivor size 25165824 bytes, new threshold 15 (max threshold 15)
[2025-04-16T12:43:22.471+0000][36616][info ][gc,phases   ] GC(10)   Pre Evacuate Collection Set: 0.13ms
[2025-04-16T12:43:22.471+0000][36616][info ][gc,phases   ] GC(10)   Merge Heap Roots: 0.07ms
[2025-04-16T12:43:22.471+0000][36616][info ][gc,phases   ] GC(10)   Evacuate Collection Set: 12.23ms
[2025-04-16T12:43:22.473+0000][36616][info ][gc,phases   ] GC(10)   Post Evacuate Collection Set: 1.02ms
[2025-04-16T12:43:22.473+0000][36616][info ][gc,phases   ] GC(10)   Other: 0.11ms
[2025-04-16T12:43:22.473+0000][36616][trace][gc,age      ] GC(10) Age table:
[2025-04-16T12:43:22.473+0000][36616][trace][gc,age      ] GC(10) - age   1:    5050392 bytes,    5050392 total
[2025-04-16T12:43:22.473+0000][36616][trace][gc,age      ] GC(10) - age   2:    6073360 bytes,   11123752 total
[2025-04-16T12:43:22.473+0000][36616][trace][gc,age      ] GC(10) - age   3:    3442000 bytes,   14565752 total
[2025-04-16T12:43:22.473+0000][36616][trace][gc,age      ] GC(10) - age   4:    2635032 bytes,   17200784 total
[2025-04-16T12:43:22.473+0000][36616][trace][gc,age      ] GC(10) - age   5:    1414360 bytes,   18615144 total
[2025-04-16T12:43:22.473+0000][36616][trace][gc,age      ] GC(10) - age   6:    4420040 bytes,   23035184 total
[2025-04-16T12:43:22.473+0000][36616][trace][gc,age      ] GC(10) - age   7:    3019928 bytes,   26055112 total
[2025-04-16T12:43:22.473+0000][36616][trace][gc,age      ] GC(10) - age   8:     394280 bytes,   26449392 total
[2025-04-16T12:43:22.473+0000][36616][info ][gc,heap     ] GC(10) Eden regions: 90->0(107)
[2025-04-16T12:43:22.473+0000][36616][info ][gc,heap     ] GC(10) Survivor regions: 6->7(12)
[2025-04-16T12:43:22.473+0000][36616][info ][gc,heap     ] GC(10) Old regions: 4->4
[2025-04-16T12:43:22.473+0000][36616][info ][gc,heap     ] GC(10) Humongous regions: 0->0
[2025-04-16T12:43:22.473+0000][36616][info ][gc,metaspace] GC(10) Metaspace: 39275K(40448K)->39275K(40448K) NonClass: 34714K(35392K)->34714K(35392K) Class: 4561K(5056K)->4561K(5056K)
[2025-04-16T12:43:22.473+0000][36616][info ][gc          ] GC(10) Pause Young (Normal) (G1 Evacuation Pause) 397M->41M(3776M) 13.887ms
[2025-04-16T12:43:22.473+0000][36616][info ][gc,cpu      ] GC(10) User=0.09s Sys=0.06s Real=0.02s
[2025-04-16T12:43:22.473+0000][36616][info ][safepoint   ] Safepoint "G1CollectForAllocation", Time since last: 557263800 ns, Reaching safepoint: 4700 ns, At safepoint: 13942900 ns, Total: 13947600 ns
[2025-04-16T12:43:25.059+0000][36616][info ][gc,start    ] GC(11) Pause Young (Normal) (G1 Evacuation Pause)
[2025-04-16T12:43:25.059+0000][36616][info ][gc,task     ] GC(11) Using 10 workers of 10 for evacuation
[2025-04-16T12:43:25.059+0000][36616][debug][gc,age      ] GC(11) Desired survivor size 31457280 bytes, new threshold 15 (max threshold 15)
[2025-04-16T12:43:25.075+0000][36616][info ][gc,phases   ] GC(11)   Pre Evacuate Collection Set: 0.18ms
[2025-04-16T12:43:25.075+0000][36616][info ][gc,phases   ] GC(11)   Merge Heap Roots: 0.07ms
[2025-04-16T12:43:25.076+0000][36616][info ][gc,phases   ] GC(11)   Evacuate Collection Set: 14.52ms
[2025-04-16T12:43:25.076+0000][36616][info ][gc,phases   ] GC(11)   Post Evacuate Collection Set: 1.83ms
[2025-04-16T12:43:25.076+0000][36616][info ][gc,phases   ] GC(11)   Other: 0.15ms
[2025-04-16T12:43:25.076+0000][36616][trace][gc,age      ] GC(11) Age table:
[2025-04-16T12:43:25.076+0000][36616][trace][gc,age      ] GC(11) - age   1:    6770184 bytes,    6770184 total
[2025-04-16T12:43:25.076+0000][36616][trace][gc,age      ] GC(11) - age   2:    4520320 bytes,   11290504 total
[2025-04-16T12:43:25.076+0000][36616][trace][gc,age      ] GC(11) - age   3:    6029344 bytes,   17319848 total
[2025-04-16T12:43:25.076+0000][36616][trace][gc,age      ] GC(11) - age   4:    3426216 bytes,   20746064 total
[2025-04-16T12:43:25.076+0000][36616][trace][gc,age      ] GC(11) - age   5:    2622888 bytes,   23368952 total
[2025-04-16T12:43:25.076+0000][36616][trace][gc,age      ] GC(11) - age   6:    1406528 bytes,   24775480 total
[2025-04-16T12:43:25.076+0000][36616][trace][gc,age      ] GC(11) - age   7:    4407040 bytes,   29182520 total
[2025-04-16T12:43:25.076+0000][36616][trace][gc,age      ] GC(11) - age   8:    2836136 bytes,   32018656 total
[2025-04-16T12:43:25.076+0000][36616][trace][gc,age      ] GC(11) - age   9:     393800 bytes,   32412456 total
[2025-04-16T12:43:25.076+0000][36616][info ][gc,heap     ] GC(11) Eden regions: 107->0(121)
[2025-04-16T12:43:25.076+0000][36616][info ][gc,heap     ] GC(11) Survivor regions: 7->9(15)
[2025-04-16T12:43:25.076+0000][36616][info ][gc,heap     ] GC(11) Old regions: 4->4
[2025-04-16T12:43:25.076+0000][36616][info ][gc,heap     ] GC(11) Humongous regions: 0->0
[2025-04-16T12:43:25.076+0000][36616][info ][gc,metaspace] GC(11) Metaspace: 45792K(47168K)->45792K(47168K) NonClass: 40280K(41088K)->40280K(41088K) Class: 5511K(6080K)->5511K(6080K)
[2025-04-16T12:43:25.076+0000][36616][info ][gc          ] GC(11) Pause Young (Normal) (G1 Evacuation Pause) 469M->49M(3776M) 17.228ms
[2025-04-16T12:43:25.076+0000][36616][info ][gc,cpu      ] GC(11) User=0.03s Sys=0.12s Real=0.02s
[2025-04-16T12:43:25.076+0000][36616][info ][safepoint   ] Safepoint "G1CollectForAllocation", Time since last: 2586626700 ns, Reaching safepoint: 5500 ns, At safepoint: 17338400 ns, Total: 17343900 ns
[2025-04-16T12:43:26.731+0000][36616][info ][gc,start    ] GC(12) Pause Young (Concurrent Start) (Metadata GC Threshold)
[2025-04-16T12:43:26.731+0000][36616][info ][gc,task     ] GC(12) Using 10 workers of 10 for evacuation
[2025-04-16T12:43:26.731+0000][36616][debug][gc,age      ] GC(12) Desired survivor size 35651584 bytes, new threshold 15 (max threshold 15)
[2025-04-16T12:43:26.745+0000][36616][info ][gc,phases   ] GC(12)   Pre Evacuate Collection Set: 0.22ms
[2025-04-16T12:43:26.745+0000][36616][info ][gc,phases   ] GC(12)   Merge Heap Roots: 0.08ms
[2025-04-16T12:43:26.745+0000][36616][info ][gc,phases   ] GC(12)   Evacuate Collection Set: 11.94ms
[2025-04-16T12:43:26.745+0000][36616][info ][gc,phases   ] GC(12)   Post Evacuate Collection Set: 1.15ms
[2025-04-16T12:43:26.745+0000][36616][info ][gc,phases   ] GC(12)   Other: 0.13ms
[2025-04-16T12:43:26.745+0000][36616][trace][gc,age      ] GC(12) Age table:
[2025-04-16T12:43:26.745+0000][36616][trace][gc,age      ] GC(12) - age   1:    3011888 bytes,    3011888 total
[2025-04-16T12:43:26.745+0000][36616][trace][gc,age      ] GC(12) - age   2:    6666928 bytes,    9678816 total
[2025-04-16T12:43:26.745+0000][36616][trace][gc,age      ] GC(12) - age   3:    4514968 bytes,   14193784 total
[2025-04-16T12:43:26.745+0000][36616][trace][gc,age      ] GC(12) - age   4:    6026744 bytes,   20220528 total
[2025-04-16T12:43:26.745+0000][36616][trace][gc,age      ] GC(12) - age   5:    3426184 bytes,   23646712 total
[2025-04-16T12:43:26.745+0000][36616][trace][gc,age      ] GC(12) - age   6:    2622368 bytes,   26269080 total
[2025-04-16T12:43:26.745+0000][36616][trace][gc,age      ] GC(12) - age   7:    1405776 bytes,   27674856 total
[2025-04-16T12:43:26.745+0000][36616][trace][gc,age      ] GC(12) - age   8:    4405184 bytes,   32080040 total
[2025-04-16T12:43:26.745+0000][36616][trace][gc,age      ] GC(12) - age   9:    2835896 bytes,   34915936 total
[2025-04-16T12:43:26.745+0000][36616][trace][gc,age      ] GC(12) - age  10:     393560 bytes,   35309496 total
[2025-04-16T12:43:26.746+0000][36616][info ][gc,heap     ] GC(12) Eden regions: 49->0(170)
[2025-04-16T12:43:26.746+0000][36616][info ][gc,heap     ] GC(12) Survivor regions: 9->10(17)
[2025-04-16T12:43:26.746+0000][36616][info ][gc,heap     ] GC(12) Old regions: 4->4
[2025-04-16T12:43:26.746+0000][36616][info ][gc,heap     ] GC(12) Humongous regions: 0->0
[2025-04-16T12:43:26.746+0000][36616][info ][gc,metaspace] GC(12) Metaspace: 58950K(60480K)->58950K(60480K) NonClass: 51665K(52544K)->51665K(52544K) Class: 7285K(7936K)->7285K(7936K)
[2025-04-16T12:43:26.746+0000][36616][info ][gc          ] GC(12) Pause Young (Concurrent Start) (Metadata GC Threshold) 245M->51M(3776M) 13.869ms
[2025-04-16T12:43:26.746+0000][36616][info ][gc,cpu      ] GC(12) User=0.16s Sys=0.00s Real=0.02s
[2025-04-16T12:43:26.746+0000][36616][info ][gc          ] GC(13) Concurrent Mark Cycle
[2025-04-16T12:43:26.746+0000][36616][info ][safepoint   ] Safepoint "CollectForMetadataAllocation", Time since last: 1655630400 ns, Reaching safepoint: 4100 ns, At safepoint: 13967300 ns, Total: 13971400 ns
[2025-04-16T12:43:26.746+0000][36616][info ][gc,marking  ] GC(13) Concurrent Scan Root Regions
[2025-04-16T12:43:26.750+0000][36616][info ][gc,marking  ] GC(13) Concurrent Scan Root Regions 4.674ms
[2025-04-16T12:43:26.750+0000][36616][info ][gc,marking  ] GC(13) Concurrent Mark
[2025-04-16T12:43:26.750+0000][36616][info ][gc,marking  ] GC(13) Concurrent Mark From Roots
[2025-04-16T12:43:26.750+0000][36616][info ][gc,task     ] GC(13) Using 3 workers of 3 for marking
[2025-04-16T12:43:26.759+0000][36616][info ][gc,marking  ] GC(13) Concurrent Mark From Roots 8.850ms
[2025-04-16T12:43:26.759+0000][36616][info ][gc,marking  ] GC(13) Concurrent Preclean
[2025-04-16T12:43:26.759+0000][36616][info ][gc,marking  ] GC(13) Concurrent Preclean 0.115ms
[2025-04-16T12:43:26.760+0000][36616][info ][gc,start    ] GC(13) Pause Remark
[2025-04-16T12:43:26.763+0000][36616][info ][gc          ] GC(13) Pause Remark 55M->55M(3776M) 3.470ms
[2025-04-16T12:43:26.763+0000][36616][info ][gc,cpu      ] GC(13) User=0.00s Sys=0.00s Real=0.00s
[2025-04-16T12:43:26.763+0000][36616][info ][safepoint   ] Safepoint "G1PauseRemark", Time since last: 13818300 ns, Reaching safepoint: 7100 ns, At safepoint: 3565900 ns, Total: 3573000 ns
[2025-04-16T12:43:26.763+0000][36616][info ][gc,marking  ] GC(13) Concurrent Mark 12.681ms
[2025-04-16T12:43:26.763+0000][36616][info ][gc,marking  ] GC(13) Concurrent Rebuild Remembered Sets and Scrub Regions
[2025-04-16T12:43:26.765+0000][36616][info ][gc,marking  ] GC(13) Concurrent Rebuild Remembered Sets and Scrub Regions 2.162ms
[2025-04-16T12:43:26.765+0000][36616][info ][gc,start    ] GC(13) Pause Cleanup
[2025-04-16T12:43:26.765+0000][36616][info ][gc          ] GC(13) Pause Cleanup 55M->55M(3776M) 0.056ms
[2025-04-16T12:43:26.765+0000][36616][info ][gc,cpu      ] GC(13) User=0.00s Sys=0.00s Real=0.00s
[2025-04-16T12:43:26.765+0000][36616][info ][safepoint   ] Safepoint "G1PauseCleanup", Time since last: 2307700 ns, Reaching safepoint: 3200 ns, At safepoint: 89800 ns, Total: 93000 ns
[2025-04-16T12:43:26.765+0000][36616][info ][gc,marking  ] GC(13) Concurrent Clear Claimed Marks
[2025-04-16T12:43:26.765+0000][36616][info ][gc,marking  ] GC(13) Concurrent Clear Claimed Marks 0.071ms
[2025-04-16T12:43:26.765+0000][36616][info ][gc,marking  ] GC(13) Concurrent Cleanup for Next Mark
[2025-04-16T12:43:26.776+0000][36616][info ][gc,marking  ] GC(13) Concurrent Cleanup for Next Mark 9.629ms
[2025-04-16T12:43:26.776+0000][36616][info ][gc          ] GC(13) Concurrent Mark Cycle 29.700ms
[2025-04-16T12:43:31.608+0000][36616][info ][gc,start    ] GC(14) Pause Young (Normal) (G1 Evacuation Pause)
[2025-04-16T12:43:31.608+0000][36616][info ][gc,task     ] GC(14) Using 10 workers of 10 for evacuation
[2025-04-16T12:43:31.608+0000][36616][debug][gc,age      ] GC(14) Desired survivor size 48234496 bytes, new threshold 15 (max threshold 15)
[2025-04-16T12:43:31.628+0000][36616][info ][gc,phases   ] GC(14)   Pre Evacuate Collection Set: 0.17ms
[2025-04-16T12:43:31.628+0000][36616][info ][gc,phases   ] GC(14)   Merge Heap Roots: 0.10ms
[2025-04-16T12:43:31.628+0000][36616][info ][gc,phases   ] GC(14)   Evacuate Collection Set: 16.69ms
[2025-04-16T12:43:31.628+0000][36616][info ][gc,phases   ] GC(14)   Post Evacuate Collection Set: 2.02ms
[2025-04-16T12:43:31.628+0000][36616][info ][gc,phases   ] GC(14)   Other: 0.26ms
[2025-04-16T12:43:31.628+0000][36616][trace][gc,age      ] GC(14) Age table:
[2025-04-16T12:43:31.628+0000][36616][trace][gc,age      ] GC(14) - age   1:   11731064 bytes,   11731064 total
[2025-04-16T12:43:31.628+0000][36616][trace][gc,age      ] GC(14) - age   2:    2789720 bytes,   14520784 total
[2025-04-16T12:43:31.628+0000][36616][trace][gc,age      ] GC(14) - age   3:    6479888 bytes,   21000672 total
[2025-04-16T12:43:31.628+0000][36616][trace][gc,age      ] GC(14) - age   4:    4473864 bytes,   25474536 total
[2025-04-16T12:43:31.628+0000][36616][trace][gc,age      ] GC(14) - age   5:    6015960 bytes,   31490496 total
[2025-04-16T12:43:31.628+0000][36616][trace][gc,age      ] GC(14) - age   6:    3421608 bytes,   34912104 total
[2025-04-16T12:43:31.628+0000][36616][trace][gc,age      ] GC(14) - age   7:    2614416 bytes,   37526520 total
[2025-04-16T12:43:31.628+0000][36616][trace][gc,age      ] GC(14) - age   8:    1400552 bytes,   38927072 total
[2025-04-16T12:43:31.628+0000][36616][trace][gc,age      ] GC(14) - age   9:    4378592 bytes,   43305664 total
[2025-04-16T12:43:31.628+0000][36616][trace][gc,age      ] GC(14) - age  10:    2829152 bytes,   46134816 total
[2025-04-16T12:43:31.628+0000][36616][trace][gc,age      ] GC(14) - age  11:     388280 bytes,   46523096 total
[2025-04-16T12:43:31.628+0000][36616][info ][gc,heap     ] GC(14) Eden regions: 170->0(158)
[2025-04-16T12:43:31.628+0000][36616][info ][gc,heap     ] GC(14) Survivor regions: 10->13(23)
[2025-04-16T12:43:31.628+0000][36616][info ][gc,heap     ] GC(14) Old regions: 4->4
[2025-04-16T12:43:31.628+0000][36616][info ][gc,heap     ] GC(14) Humongous regions: 0->0
[2025-04-16T12:43:31.628+0000][36616][info ][gc,metaspace] GC(14) Metaspace: 77749K(79680K)->77749K(79680K) NonClass: 67278K(68416K)->67278K(68416K) Class: 10470K(11264K)->10470K(11264K)
[2025-04-16T12:43:31.628+0000][36616][info ][gc          ] GC(14) Pause Young (Normal) (G1 Evacuation Pause) 731M->65M(3776M) 19.716ms
[2025-04-16T12:43:31.628+0000][36616][info ][gc,cpu      ] GC(14) User=0.05s Sys=0.03s Real=0.02s
[2025-04-16T12:43:31.628+0000][36616][info ][safepoint   ] Safepoint "G1CollectForAllocation", Time since last: 4842927800 ns, Reaching safepoint: 8100 ns, At safepoint: 19802300 ns, Total: 19810400 ns
[2025-04-16T12:43:32.602+0000][36616][info ][gc,heap,exit] Heap
[2025-04-16T12:43:32.602+0000][36616][info ][gc,heap,exit]  garbage-first heap   total reserved 3866624K, committed 3866624K, used 191983K [0x0000000714000000, 0x0000000800000000)
[2025-04-16T12:43:32.602+0000][36616][info ][gc,heap,exit]   region size 4096K, 44 young (180224K), 13 survivors (53248K)
[2025-04-16T12:43:32.602+0000][36616][info ][gc,heap,exit]  Metaspace       used 84207K, committed 86272K, reserved 1179648K
[2025-04-16T12:43:32.602+0000][36616][info ][gc,heap,exit]   class space    used 11406K, committed 12288K, reserved 1048576K
