[2025-04-16T12:33:05.234+0000][13288][info][gc,init] CardTable entry size: 512
[2025-04-16T12:33:05.234+0000][13288][info][gc     ] Using G1
[2025-04-16T12:33:05.252+0000][13288][info][gc,init] Version: 23+37-2369 (release)
[2025-04-16T12:33:05.252+0000][13288][info][gc,init] CPUs: 12 total, 12 available
[2025-04-16T12:33:05.252+0000][13288][info][gc,init] Memory: 7549M
[2025-04-16T12:33:05.252+0000][13288][info][gc,init] Large Page Support: Disabled
[2025-04-16T12:33:05.252+0000][13288][info][gc,init] NUMA Support: Disabled
[2025-04-16T12:33:05.252+0000][13288][info][gc,init] Compressed Oops: Enabled (Zero based)
[2025-04-16T12:33:05.252+0000][13288][info][gc,init] Heap Region Size: 2M
[2025-04-16T12:33:05.252+0000][13288][info][gc,init] Heap Min Capacity: 3774M
[2025-04-16T12:33:05.253+0000][13288][info][gc,init] Heap Initial Capacity: 3774M
[2025-04-16T12:33:05.253+0000][13288][info][gc,init] Heap Max Capacity: 3774M
[2025-04-16T12:33:05.253+0000][13288][info][gc,init] Pre-touch: Disabled
[2025-04-16T12:33:05.253+0000][13288][info][gc,init] Parallel Workers: 10
[2025-04-16T12:33:05.253+0000][13288][info][gc,init] Concurrent Workers: 3
[2025-04-16T12:33:05.253+0000][13288][info][gc,init] Concurrent Refinement Workers: 10
[2025-04-16T12:33:05.253+0000][13288][info][gc,init] Periodic GC: Disabled
[2025-04-16T12:33:05.263+0000][13288][info][gc,metaspace] CDS archive(s) mapped at: [0x000002222d000000-0x000002222dd70000-0x000002222dd70000), size 14090240, SharedBaseAddress: 0x000002222d000000, ArchiveRelocationMode: 1.
[2025-04-16T12:33:05.263+0000][13288][info][gc,metaspace] Compressed class space mapped at: 0x000002222e000000-0x000002226e000000, reserved size: 1073741824
[2025-04-16T12:33:05.263+0000][13288][info][gc,metaspace] Narrow klass base: 0x000002222d000000, Narrow klass shift: 0, Narrow klass range: 0x41000000
[2025-04-16T12:33:05.322+0000][13288][info][gc,heap,exit] Heap
[2025-04-16T12:33:05.322+0000][13288][info][gc,heap,exit]  garbage-first heap   total reserved 3864576K, committed 3864576K, used 6144K [0x0000000714200000, 0x0000000800000000)
[2025-04-16T12:33:05.322+0000][13288][info][gc,heap,exit]   region size 2048K, 3 young (6144K), 0 survivors (0K)
[2025-04-16T12:33:05.322+0000][13288][info][gc,heap,exit]  Metaspace       used 223K, committed 448K, reserved 1114112K
[2025-04-16T12:33:05.322+0000][13288][info][gc,heap,exit]   class space    used 7K, committed 128K, reserved 1048576K
