[2025-04-16T12:33:47.483+0000][6392][info][gc,init] CardTable entry size: 512
[2025-04-16T12:33:47.483+0000][6392][info][gc     ] Using G1
[2025-04-16T12:33:47.485+0000][6392][info][gc,init] Version: 23+37-2369 (release)
[2025-04-16T12:33:47.485+0000][6392][info][gc,init] CPUs: 12 total, 12 available
[2025-04-16T12:33:47.485+0000][6392][info][gc,init] Memory: 7549M
[2025-04-16T12:33:47.485+0000][6392][info][gc,init] Large Page Support: Disabled
[2025-04-16T12:33:47.485+0000][6392][info][gc,init] NUMA Support: Disabled
[2025-04-16T12:33:47.485+0000][6392][info][gc,init] Compressed Oops: Enabled (32-bit)
[2025-04-16T12:33:47.485+0000][6392][info][gc,init] Heap Region Size: 1M
[2025-04-16T12:33:47.485+0000][6392][info][gc,init] Heap Min Capacity: 8M
[2025-04-16T12:33:47.485+0000][6392][info][gc,init] Heap Initial Capacity: 118M
[2025-04-16T12:33:47.485+0000][6392][info][gc,init] Heap Max Capacity: 1888M
[2025-04-16T12:33:47.485+0000][6392][info][gc,init] Pre-touch: Disabled
[2025-04-16T12:33:47.485+0000][6392][info][gc,init] Parallel Workers: 10
[2025-04-16T12:33:47.485+0000][6392][info][gc,init] Concurrent Workers: 3
[2025-04-16T12:33:47.485+0000][6392][info][gc,init] Concurrent Refinement Workers: 10
[2025-04-16T12:33:47.485+0000][6392][info][gc,init] Periodic GC: Disabled
[2025-04-16T12:33:47.494+0000][6392][info][gc,metaspace] CDS archive(s) mapped at: [0x0000020c47000000-0x0000020c47d70000-0x0000020c47d70000), size 14090240, SharedBaseAddress: 0x0000020c47000000, ArchiveRelocationMode: 1.
[2025-04-16T12:33:47.494+0000][6392][info][gc,metaspace] Compressed class space mapped at: 0x0000020c48000000-0x0000020c88000000, reserved size: 1073741824
[2025-04-16T12:33:47.494+0000][6392][info][gc,metaspace] Narrow klass base: 0x0000020c47000000, Narrow klass shift: 0, Narrow klass range: 0x41000000
[2025-04-16T12:33:47.554+0000][6392][info][gc,heap,exit] Heap
[2025-04-16T12:33:47.554+0000][6392][info][gc,heap,exit]  garbage-first heap   total reserved 1933312K, committed 120832K, used 3031K [0x000000008a000000, 0x0000000100000000)
[2025-04-16T12:33:47.554+0000][6392][info][gc,heap,exit]   region size 1024K, 3 young (3072K), 0 survivors (0K)
[2025-04-16T12:33:47.554+0000][6392][info][gc,heap,exit]  Metaspace       used 216K, committed 448K, reserved 1114112K
[2025-04-16T12:33:47.554+0000][6392][info][gc,heap,exit]   class space    used 7K, committed 128K, reserved 1048576K
