[2025-04-16T10:05:05.672+0000][13840][info][gc,init] CardTable entry size: 512
[2025-04-16T10:05:05.672+0000][13840][info][gc     ] Using G1
[2025-04-16T10:05:07.863+0000][13840][info][gc,init] Version: 23+37-2369 (release)
[2025-04-16T10:05:07.864+0000][13840][info][gc,init] CPUs: 12 total, 12 available
[2025-04-16T10:05:07.864+0000][13840][info][gc,init] Memory: 7549M
[2025-04-16T10:05:07.864+0000][13840][info][gc,init] Large Page Support: Disabled
[2025-04-16T10:05:07.864+0000][13840][info][gc,init] NUMA Support: Disabled
[2025-04-16T10:05:07.864+0000][13840][info][gc,init] Compressed Oops: Enabled (Zero based)
[2025-04-16T10:05:07.864+0000][13840][info][gc,init] Heap Region Size: 4M
[2025-04-16T10:05:07.864+0000][13840][info][gc,init] Heap Min Capacity: 3776M
[2025-04-16T10:05:07.864+0000][13840][info][gc,init] Heap Initial Capacity: 3776M
[2025-04-16T10:05:07.864+0000][13840][info][gc,init] Heap Max Capacity: 3776M
[2025-04-16T10:05:07.864+0000][13840][info][gc,init] Pre-touch: Enabled
[2025-04-16T10:05:07.864+0000][13840][info][gc,init] Parallel Workers: 10
[2025-04-16T10:05:07.864+0000][13840][info][gc,init] Concurrent Workers: 3
[2025-04-16T10:05:07.864+0000][13840][info][gc,init] Concurrent Refinement Workers: 10
[2025-04-16T10:05:07.864+0000][13840][info][gc,init] Periodic GC: Disabled
[2025-04-16T10:05:07.887+0000][13840][info][gc,metaspace] CDS archive(s) mapped at: [0x0000021642000000-0x0000021642d70000-0x0000021642d70000), size 14090240, SharedBaseAddress: 0x0000021642000000, ArchiveRelocationMode: 1.
[2025-04-16T10:05:07.887+0000][13840][info][gc,metaspace] Compressed class space mapped at: 0x0000021643000000-0x0000021683000000, reserved size: 1073741824
[2025-04-16T10:05:07.887+0000][13840][info][gc,metaspace] Narrow klass base: 0x0000021642000000, Narrow klass shift: 0, Narrow klass range: 0x41000000
[2025-04-16T10:05:11.711+0000][13840][info][gc,start    ] GC(0) Pause Young (Normal) (G1 Evacuation Pause)
[2025-04-16T10:05:11.712+0000][13840][info][gc,task     ] GC(0) Using 10 workers of 10 for evacuation
[2025-04-16T10:05:11.712+0000][13840][debug][gc,age      ] GC(0) Desired survivor size 12582912 bytes, new threshold 15 (max threshold 15)
[2025-04-16T10:05:11.724+0000][13840][info ][gc,phases   ] GC(0)   Pre Evacuate Collection Set: 0.22ms
[2025-04-16T10:05:11.724+0000][13840][info ][gc,phases   ] GC(0)   Merge Heap Roots: 0.54ms
[2025-04-16T10:05:11.724+0000][13840][info ][gc,phases   ] GC(0)   Evacuate Collection Set: 8.69ms
[2025-04-16T10:05:11.724+0000][13840][info ][gc,phases   ] GC(0)   Post Evacuate Collection Set: 1.67ms
[2025-04-16T10:05:11.724+0000][13840][info ][gc,phases   ] GC(0)   Other: 0.66ms
[2025-04-16T10:05:11.724+0000][13840][trace][gc,age      ] GC(0) Age table:
[2025-04-16T10:05:11.724+0000][13840][trace][gc,age      ] GC(0) - age   1:   14192664 bytes,   14192664 total
[2025-04-16T10:05:11.724+0000][13840][info ][gc,heap     ] GC(0) Eden regions: 47->0(43)
[2025-04-16T10:05:11.724+0000][13840][info ][gc,heap     ] GC(0) Survivor regions: 0->4(6)
[2025-04-16T10:05:11.724+0000][13840][info ][gc,heap     ] GC(0) Old regions: 0->0
[2025-04-16T10:05:11.724+0000][13840][info ][gc,heap     ] GC(0) Humongous regions: 0->0
[2025-04-16T10:05:11.724+0000][13840][info ][gc,metaspace] GC(0) Metaspace: 18706K(19456K)->18706K(19456K) NonClass: 16590K(17024K)->16590K(17024K) Class: 2116K(2432K)->2116K(2432K)
[2025-04-16T10:05:11.724+0000][13840][info ][gc          ] GC(0) Pause Young (Normal) (G1 Evacuation Pause) 188M->14M(3776M) 12.430ms
[2025-04-16T10:05:11.724+0000][13840][info ][gc,cpu      ] GC(0) User=0.00s Sys=0.00s Real=0.01s
[2025-04-16T10:05:11.724+0000][13840][info ][safepoint   ] Safepoint "G1CollectForAllocation", Time since last: 3819331100 ns, Reaching safepoint: 13900 ns, At safepoint: 12512600 ns, Total: 12526500 ns
[2025-04-16T10:05:12.712+0000][13840][info ][gc,start    ] GC(1) Pause Young (Concurrent Start) (Metadata GC Threshold)
[2025-04-16T10:05:12.712+0000][13840][info ][gc,task     ] GC(1) Using 10 workers of 10 for evacuation
[2025-04-16T10:05:12.712+0000][13840][debug][gc,age      ] GC(1) Desired survivor size 12582912 bytes, new threshold 1 (max threshold 15)
[2025-04-16T10:05:12.724+0000][13840][info ][gc,phases   ] GC(1)   Pre Evacuate Collection Set: 0.46ms
[2025-04-16T10:05:12.724+0000][13840][info ][gc,phases   ] GC(1)   Merge Heap Roots: 0.08ms
[2025-04-16T10:05:12.724+0000][13840][info ][gc,phases   ] GC(1)   Evacuate Collection Set: 8.72ms
[2025-04-16T10:05:12.724+0000][13840][info ][gc,phases   ] GC(1)   Post Evacuate Collection Set: 1.29ms
[2025-04-16T10:05:12.724+0000][13840][info ][gc,phases   ] GC(1)   Other: 0.19ms
[2025-04-16T10:05:12.724+0000][13840][trace][gc,age      ] GC(1) Age table:
[2025-04-16T10:05:12.724+0000][13840][trace][gc,age      ] GC(1) - age   1:    1234240 bytes,    1234240 total
[2025-04-16T10:05:12.724+0000][13840][info ][gc,heap     ] GC(1) Eden regions: 18->0(46)
[2025-04-16T10:05:12.724+0000][13840][info ][gc,heap     ] GC(1) Survivor regions: 4->1(6)
[2025-04-16T10:05:12.724+0000][13840][info ][gc,heap     ] GC(1) Old regions: 0->4
[2025-04-16T10:05:12.724+0000][13840][info ][gc,heap     ] GC(1) Humongous regions: 0->0
[2025-04-16T10:05:12.724+0000][13840][info ][gc,metaspace] GC(1) Metaspace: 20777K(21504K)->20777K(21504K) NonClass: 18445K(18880K)->18445K(18880K) Class: 2332K(2624K)->2332K(2624K)
[2025-04-16T10:05:12.724+0000][13840][info ][gc          ] GC(1) Pause Young (Concurrent Start) (Metadata GC Threshold) 86M->16M(3776M) 11.031ms
[2025-04-16T10:05:12.724+0000][13840][info ][gc,cpu      ] GC(1) User=0.00s Sys=0.00s Real=0.01s
[2025-04-16T10:05:12.724+0000][13840][info ][gc          ] GC(2) Concurrent Mark Cycle
[2025-04-16T10:05:12.724+0000][13840][info ][safepoint   ] Safepoint "CollectForMetadataAllocation", Time since last: 988552000 ns, Reaching safepoint: 6700 ns, At safepoint: 11141300 ns, Total: 11148000 ns
[2025-04-16T10:05:12.724+0000][13840][info ][gc,marking  ] GC(2) Concurrent Scan Root Regions
[2025-04-16T10:05:12.727+0000][13840][info ][gc,marking  ] GC(2) Concurrent Scan Root Regions 3.119ms
[2025-04-16T10:05:12.727+0000][13840][info ][gc,marking  ] GC(2) Concurrent Mark
[2025-04-16T10:05:12.727+0000][13840][info ][gc,marking  ] GC(2) Concurrent Mark From Roots
[2025-04-16T10:05:12.727+0000][13840][info ][gc,task     ] GC(2) Using 3 workers of 3 for marking
[2025-04-16T10:05:12.727+0000][13840][info ][gc,marking  ] GC(2) Concurrent Mark From Roots 0.250ms
[2025-04-16T10:05:12.727+0000][13840][info ][gc,marking  ] GC(2) Concurrent Preclean
[2025-04-16T10:05:12.727+0000][13840][info ][gc,marking  ] GC(2) Concurrent Preclean 0.016ms
[2025-04-16T10:05:12.727+0000][13840][info ][gc,start    ] GC(2) Pause Remark
[2025-04-16T10:05:12.729+0000][13840][info ][gc          ] GC(2) Pause Remark 20M->20M(3776M) 2.342ms
[2025-04-16T10:05:12.729+0000][13840][info ][gc,cpu      ] GC(2) User=0.00s Sys=0.00s Real=0.00s
[2025-04-16T10:05:12.729+0000][13840][info ][safepoint   ] Safepoint "G1PauseRemark", Time since last: 3541200 ns, Reaching safepoint: 15600 ns, At safepoint: 2453000 ns, Total: 2468600 ns
[2025-04-16T10:05:12.729+0000][13840][info ][gc,marking  ] GC(2) Concurrent Mark 2.826ms
[2025-04-16T10:05:12.729+0000][13840][info ][gc,marking  ] GC(2) Concurrent Rebuild Remembered Sets and Scrub Regions
[2025-04-16T10:05:12.732+0000][13840][info ][gc,marking  ] GC(2) Concurrent Rebuild Remembered Sets and Scrub Regions 2.705ms
[2025-04-16T10:05:12.732+0000][13840][info ][gc,start    ] GC(2) Pause Cleanup
[2025-04-16T10:05:12.732+0000][13840][info ][gc          ] GC(2) Pause Cleanup 20M->20M(3776M) 0.069ms
[2025-04-16T10:05:12.732+0000][13840][info ][gc,cpu      ] GC(2) User=0.00s Sys=0.00s Real=0.00s
[2025-04-16T10:05:12.732+0000][13840][info ][safepoint   ] Safepoint "G1PauseCleanup", Time since last: 2905000 ns, Reaching safepoint: 36800 ns, At safepoint: 114100 ns, Total: 150900 ns
[2025-04-16T10:05:12.732+0000][13840][info ][gc,marking  ] GC(2) Concurrent Clear Claimed Marks
[2025-04-16T10:05:12.732+0000][13840][info ][gc,marking  ] GC(2) Concurrent Clear Claimed Marks 0.081ms
[2025-04-16T10:05:12.732+0000][13840][info ][gc,marking  ] GC(2) Concurrent Cleanup for Next Mark
[2025-04-16T10:05:12.741+0000][13840][info ][gc,marking  ] GC(2) Concurrent Cleanup for Next Mark 9.003ms
[2025-04-16T10:05:12.741+0000][13840][info ][gc          ] GC(2) Concurrent Mark Cycle 18.460ms
[2025-04-16T10:05:13.482+0000][13840][info ][gc,start    ] GC(3) Pause Young (Normal) (G1 Evacuation Pause)
[2025-04-16T10:05:13.483+0000][13840][info ][gc,task     ] GC(3) Using 10 workers of 10 for evacuation
[2025-04-16T10:05:13.483+0000][13840][debug][gc,age      ] GC(3) Desired survivor size 12582912 bytes, new threshold 15 (max threshold 15)
[2025-04-16T10:05:13.484+0000][13840][info ][gc,phases   ] GC(3)   Pre Evacuate Collection Set: 0.16ms
[2025-04-16T10:05:13.485+0000][13840][info ][gc,phases   ] GC(3)   Merge Heap Roots: 0.08ms
[2025-04-16T10:05:13.485+0000][13840][info ][gc,phases   ] GC(3)   Evacuate Collection Set: 1.39ms
[2025-04-16T10:05:13.485+0000][13840][info ][gc,phases   ] GC(3)   Post Evacuate Collection Set: 0.41ms
[2025-04-16T10:05:13.485+0000][13840][info ][gc,phases   ] GC(3)   Other: 0.12ms
[2025-04-16T10:05:13.485+0000][13840][trace][gc,age      ] GC(3) Age table:
[2025-04-16T10:05:13.485+0000][13840][trace][gc,age      ] GC(3) - age   1:    2285976 bytes,    2285976 total
[2025-04-16T10:05:13.485+0000][13840][trace][gc,age      ] GC(3) - age   2:     421848 bytes,    2707824 total
[2025-04-16T10:05:13.485+0000][13840][info ][gc,heap     ] GC(3) Eden regions: 46->0(46)
[2025-04-16T10:05:13.485+0000][13840][info ][gc,heap     ] GC(3) Survivor regions: 1->1(6)
[2025-04-16T10:05:13.485+0000][13840][info ][gc,heap     ] GC(3) Old regions: 4->4
[2025-04-16T10:05:13.485+0000][13840][info ][gc,heap     ] GC(3) Humongous regions: 0->0
[2025-04-16T10:05:13.485+0000][13840][info ][gc,metaspace] GC(3) Metaspace: 23533K(24448K)->23533K(24448K) NonClass: 20881K(21376K)->20881K(21376K) Class: 2651K(3072K)->2651K(3072K)
[2025-04-16T10:05:13.485+0000][13840][info ][gc          ] GC(3) Pause Young (Normal) (G1 Evacuation Pause) 200M->16M(3776M) 2.511ms
[2025-04-16T10:05:13.485+0000][13840][info ][gc,cpu      ] GC(3) User=0.00s Sys=0.00s Real=0.00s
[2025-04-16T10:05:13.485+0000][13840][info ][safepoint   ] Safepoint "G1CollectForAllocation", Time since last: 749956500 ns, Reaching safepoint: 7100 ns, At safepoint: 2584200 ns, Total: 2591300 ns
[2025-04-16T10:05:14.174+0000][13840][info ][gc,start    ] GC(4) Pause Young (Normal) (G1 Evacuation Pause)
[2025-04-16T10:05:14.174+0000][13840][info ][gc,task     ] GC(4) Using 10 workers of 10 for evacuation
[2025-04-16T10:05:14.174+0000][13840][debug][gc,age      ] GC(4) Desired survivor size 12582912 bytes, new threshold 15 (max threshold 15)
[2025-04-16T10:05:14.178+0000][13840][info ][gc,phases   ] GC(4)   Pre Evacuate Collection Set: 0.22ms
[2025-04-16T10:05:14.178+0000][13840][info ][gc,phases   ] GC(4)   Merge Heap Roots: 0.07ms
[2025-04-16T10:05:14.178+0000][13840][info ][gc,phases   ] GC(4)   Evacuate Collection Set: 2.48ms
[2025-04-16T10:05:14.178+0000][13840][info ][gc,phases   ] GC(4)   Post Evacuate Collection Set: 0.50ms
[2025-04-16T10:05:14.178+0000][13840][info ][gc,phases   ] GC(4)   Other: 0.10ms
[2025-04-16T10:05:14.178+0000][13840][trace][gc,age      ] GC(4) Age table:
[2025-04-16T10:05:14.178+0000][13840][trace][gc,age      ] GC(4) - age   1:    3786032 bytes,    3786032 total
[2025-04-16T10:05:14.178+0000][13840][trace][gc,age      ] GC(4) - age   2:    2262504 bytes,    6048536 total
[2025-04-16T10:05:14.178+0000][13840][trace][gc,age      ] GC(4) - age   3:     420496 bytes,    6469032 total
[2025-04-16T10:05:14.178+0000][13840][info ][gc,heap     ] GC(4) Eden regions: 46->0(48)
[2025-04-16T10:05:14.178+0000][13840][info ][gc,heap     ] GC(4) Survivor regions: 1->2(6)
[2025-04-16T10:05:14.178+0000][13840][info ][gc,heap     ] GC(4) Old regions: 4->4
[2025-04-16T10:05:14.178+0000][13840][info ][gc,heap     ] GC(4) Humongous regions: 0->0
[2025-04-16T10:05:14.178+0000][13840][info ][gc,metaspace] GC(4) Metaspace: 29052K(30016K)->29052K(30016K) NonClass: 25767K(26304K)->25767K(26304K) Class: 3285K(3712K)->3285K(3712K)
[2025-04-16T10:05:14.178+0000][13840][info ][gc          ] GC(4) Pause Young (Normal) (G1 Evacuation Pause) 200M->20M(3776M) 3.671ms
[2025-04-16T10:05:14.178+0000][13840][info ][gc,cpu      ] GC(4) User=0.00s Sys=0.00s Real=0.00s
[2025-04-16T10:05:14.178+0000][13840][info ][safepoint   ] Safepoint "G1CollectForAllocation", Time since last: 688980200 ns, Reaching safepoint: 4300 ns, At safepoint: 3743200 ns, Total: 3747500 ns
[2025-04-16T10:05:14.524+0000][13840][info ][gc,start    ] GC(5) Pause Young (Normal) (G1 Evacuation Pause)
[2025-04-16T10:05:14.524+0000][13840][info ][gc,task     ] GC(5) Using 10 workers of 10 for evacuation
[2025-04-16T10:05:14.524+0000][13840][debug][gc,age      ] GC(5) Desired survivor size 14680064 bytes, new threshold 15 (max threshold 15)
[2025-04-16T10:05:14.529+0000][13840][info ][gc,phases   ] GC(5)   Pre Evacuate Collection Set: 0.13ms
[2025-04-16T10:05:14.529+0000][13840][info ][gc,phases   ] GC(5)   Merge Heap Roots: 0.05ms
[2025-04-16T10:05:14.529+0000][13840][info ][gc,phases   ] GC(5)   Evacuate Collection Set: 4.32ms
[2025-04-16T10:05:14.529+0000][13840][info ][gc,phases   ] GC(5)   Post Evacuate Collection Set: 0.56ms
[2025-04-16T10:05:14.529+0000][13840][info ][gc,phases   ] GC(5)   Other: 0.08ms
[2025-04-16T10:05:14.529+0000][13840][trace][gc,age      ] GC(5) Age table:
[2025-04-16T10:05:14.529+0000][13840][trace][gc,age      ] GC(5) - age   1:    4662272 bytes,    4662272 total
[2025-04-16T10:05:14.529+0000][13840][trace][gc,age      ] GC(5) - age   2:    3768280 bytes,    8430552 total
[2025-04-16T10:05:14.529+0000][13840][trace][gc,age      ] GC(5) - age   3:    2262456 bytes,   10693008 total
[2025-04-16T10:05:14.529+0000][13840][trace][gc,age      ] GC(5) - age   4:     420496 bytes,   11113504 total
[2025-04-16T10:05:14.529+0000][13840][info ][gc,heap     ] GC(5) Eden regions: 48->0(54)
[2025-04-16T10:05:14.529+0000][13840][info ][gc,heap     ] GC(5) Survivor regions: 2->3(7)
[2025-04-16T10:05:14.529+0000][13840][info ][gc,heap     ] GC(5) Old regions: 4->4
[2025-04-16T10:05:14.529+0000][13840][info ][gc,heap     ] GC(5) Humongous regions: 0->0
[2025-04-16T10:05:14.529+0000][13840][info ][gc,metaspace] GC(5) Metaspace: 30038K(31040K)->30038K(31040K) NonClass: 26610K(27200K)->26610K(27200K) Class: 3428K(3840K)->3428K(3840K)
[2025-04-16T10:05:14.529+0000][13840][info ][gc          ] GC(5) Pause Young (Normal) (G1 Evacuation Pause) 212M->25M(3776M) 5.462ms
[2025-04-16T10:05:14.529+0000][13840][info ][gc,cpu      ] GC(5) User=0.00s Sys=0.00s Real=0.01s
[2025-04-16T10:05:14.529+0000][13840][info ][safepoint   ] Safepoint "G1CollectForAllocation", Time since last: 346046700 ns, Reaching safepoint: 5000 ns, At safepoint: 5518700 ns, Total: 5523700 ns
[2025-04-16T10:05:14.851+0000][13840][info ][gc,start    ] GC(6) Pause Young (Normal) (G1 Evacuation Pause)
[2025-04-16T10:05:14.851+0000][13840][info ][gc,task     ] GC(6) Using 10 workers of 10 for evacuation
[2025-04-16T10:05:14.851+0000][13840][debug][gc,age      ] GC(6) Desired survivor size 16777216 bytes, new threshold 15 (max threshold 15)
[2025-04-16T10:05:14.857+0000][13840][info ][gc,phases   ] GC(6)   Pre Evacuate Collection Set: 0.20ms
[2025-04-16T10:05:14.857+0000][13840][info ][gc,phases   ] GC(6)   Merge Heap Roots: 0.08ms
[2025-04-16T10:05:14.857+0000][13840][info ][gc,phases   ] GC(6)   Evacuate Collection Set: 5.25ms
[2025-04-16T10:05:14.857+0000][13840][info ][gc,phases   ] GC(6)   Post Evacuate Collection Set: 0.52ms
[2025-04-16T10:05:14.857+0000][13840][info ][gc,phases   ] GC(6)   Other: 0.09ms
[2025-04-16T10:05:14.857+0000][13840][trace][gc,age      ] GC(6) Age table:
[2025-04-16T10:05:14.857+0000][13840][trace][gc,age      ] GC(6) - age   1:    2036600 bytes,    2036600 total
[2025-04-16T10:05:14.857+0000][13840][trace][gc,age      ] GC(6) - age   2:    2597872 bytes,    4634472 total
[2025-04-16T10:05:14.857+0000][13840][trace][gc,age      ] GC(6) - age   3:    3767960 bytes,    8402432 total
[2025-04-16T10:05:14.857+0000][13840][trace][gc,age      ] GC(6) - age   4:    2262016 bytes,   10664448 total
[2025-04-16T10:05:14.857+0000][13840][trace][gc,age      ] GC(6) - age   5:     420496 bytes,   11084944 total
[2025-04-16T10:05:14.857+0000][13840][info ][gc,heap     ] GC(6) Eden regions: 54->0(63)
[2025-04-16T10:05:14.857+0000][13840][info ][gc,heap     ] GC(6) Survivor regions: 3->3(8)
[2025-04-16T10:05:14.857+0000][13840][info ][gc,heap     ] GC(6) Old regions: 4->4
[2025-04-16T10:05:14.857+0000][13840][info ][gc,heap     ] GC(6) Humongous regions: 0->0
[2025-04-16T10:05:14.857+0000][13840][info ][gc,metaspace] GC(6) Metaspace: 30444K(31424K)->30444K(31424K) NonClass: 26971K(27520K)->26971K(27520K) Class: 3472K(3904K)->3472K(3904K)
[2025-04-16T10:05:14.857+0000][13840][info ][gc          ] GC(6) Pause Young (Normal) (G1 Evacuation Pause) 241M->25M(3776M) 6.530ms
[2025-04-16T10:05:14.857+0000][13840][info ][gc,cpu      ] GC(6) User=0.00s Sys=0.00s Real=0.01s
[2025-04-16T10:05:14.857+0000][13840][info ][safepoint   ] Safepoint "G1CollectForAllocation", Time since last: 321393500 ns, Reaching safepoint: 3800 ns, At safepoint: 6584100 ns, Total: 6587900 ns
[2025-04-16T10:05:15.230+0000][13840][info ][gc,start    ] GC(7) Pause Young (Normal) (G1 Evacuation Pause)
[2025-04-16T10:05:15.231+0000][13840][info ][gc,task     ] GC(7) Using 10 workers of 10 for evacuation
[2025-04-16T10:05:15.231+0000][13840][debug][gc,age      ] GC(7) Desired survivor size 18874368 bytes, new threshold 15 (max threshold 15)
[2025-04-16T10:05:15.239+0000][13840][info ][gc,phases   ] GC(7)   Pre Evacuate Collection Set: 0.24ms
[2025-04-16T10:05:15.239+0000][13840][info ][gc,phases   ] GC(7)   Merge Heap Roots: 0.07ms
[2025-04-16T10:05:15.239+0000][13840][info ][gc,phases   ] GC(7)   Evacuate Collection Set: 6.66ms
[2025-04-16T10:05:15.239+0000][13840][info ][gc,phases   ] GC(7)   Post Evacuate Collection Set: 0.65ms
[2025-04-16T10:05:15.239+0000][13840][info ][gc,phases   ] GC(7)   Other: 0.12ms
[2025-04-16T10:05:15.239+0000][13840][trace][gc,age      ] GC(7) Age table:
[2025-04-16T10:05:15.239+0000][13840][trace][gc,age      ] GC(7) - age   1:    4370032 bytes,    4370032 total
[2025-04-16T10:05:15.239+0000][13840][trace][gc,age      ] GC(7) - age   2:    2022256 bytes,    6392288 total
[2025-04-16T10:05:15.239+0000][13840][trace][gc,age      ] GC(7) - age   3:    2595296 bytes,    8987584 total
[2025-04-16T10:05:15.239+0000][13840][trace][gc,age      ] GC(7) - age   4:    3764408 bytes,   12751992 total
[2025-04-16T10:05:15.239+0000][13840][trace][gc,age      ] GC(7) - age   5:    2260832 bytes,   15012824 total
[2025-04-16T10:05:15.239+0000][13840][trace][gc,age      ] GC(7) - age   6:     420496 bytes,   15433320 total
[2025-04-16T10:05:15.239+0000][13840][info ][gc,heap     ] GC(7) Eden regions: 63->0(72)
[2025-04-16T10:05:15.239+0000][13840][info ][gc,heap     ] GC(7) Survivor regions: 3->5(9)
[2025-04-16T10:05:15.239+0000][13840][info ][gc,heap     ] GC(7) Old regions: 4->4
[2025-04-16T10:05:15.239+0000][13840][info ][gc,heap     ] GC(7) Humongous regions: 0->0
[2025-04-16T10:05:15.239+0000][13840][info ][gc,metaspace] GC(7) Metaspace: 30807K(31872K)->30807K(31872K) NonClass: 27271K(27904K)->27271K(27904K) Class: 3535K(3968K)->3535K(3968K)
[2025-04-16T10:05:15.239+0000][13840][info ][gc          ] GC(7) Pause Young (Normal) (G1 Evacuation Pause) 277M->30M(3776M) 8.117ms
[2025-04-16T10:05:15.239+0000][13840][info ][gc,cpu      ] GC(7) User=0.00s Sys=0.00s Real=0.01s
[2025-04-16T10:05:15.239+0000][13840][info ][safepoint   ] Safepoint "G1CollectForAllocation", Time since last: 373048200 ns, Reaching safepoint: 8900 ns, At safepoint: 8183900 ns, Total: 8192800 ns
[2025-04-16T10:05:15.576+0000][13840][info ][gc,start    ] GC(8) Pause Young (Concurrent Start) (Metadata GC Threshold)
[2025-04-16T10:05:15.577+0000][13840][info ][gc,task     ] GC(8) Using 10 workers of 10 for evacuation
[2025-04-16T10:05:15.577+0000][13840][debug][gc,age      ] GC(8) Desired survivor size 20971520 bytes, new threshold 15 (max threshold 15)
[2025-04-16T10:05:15.582+0000][13840][info ][gc,phases   ] GC(8)   Pre Evacuate Collection Set: 0.19ms
[2025-04-16T10:05:15.582+0000][13840][info ][gc,phases   ] GC(8)   Merge Heap Roots: 0.05ms
[2025-04-16T10:05:15.582+0000][13840][info ][gc,phases   ] GC(8)   Evacuate Collection Set: 4.66ms
[2025-04-16T10:05:15.582+0000][13840][info ][gc,phases   ] GC(8)   Post Evacuate Collection Set: 0.56ms
[2025-04-16T10:05:15.582+0000][13840][info ][gc,phases   ] GC(8)   Other: 0.12ms
[2025-04-16T10:05:15.582+0000][13840][trace][gc,age      ] GC(8) Age table:
[2025-04-16T10:05:15.582+0000][13840][trace][gc,age      ] GC(8) - age   1:    3228160 bytes,    3228160 total
[2025-04-16T10:05:15.582+0000][13840][trace][gc,age      ] GC(8) - age   2:    1163528 bytes,    4391688 total
[2025-04-16T10:05:15.582+0000][13840][trace][gc,age      ] GC(8) - age   3:    2022224 bytes,    6413912 total
[2025-04-16T10:05:15.582+0000][13840][trace][gc,age      ] GC(8) - age   4:    2595296 bytes,    9009208 total
[2025-04-16T10:05:15.582+0000][13840][trace][gc,age      ] GC(8) - age   5:    3764264 bytes,   12773472 total
[2025-04-16T10:05:15.582+0000][13840][trace][gc,age      ] GC(8) - age   6:    2260688 bytes,   15034160 total
[2025-04-16T10:05:15.582+0000][13840][trace][gc,age      ] GC(8) - age   7:     420496 bytes,   15454656 total
[2025-04-16T10:05:15.582+0000][13840][info ][gc,heap     ] GC(8) Eden regions: 14->0(104)
[2025-04-16T10:05:15.582+0000][13840][info ][gc,heap     ] GC(8) Survivor regions: 5->5(10)
[2025-04-16T10:05:15.582+0000][13840][info ][gc,heap     ] GC(8) Old regions: 4->4
[2025-04-16T10:05:15.582+0000][13840][info ][gc,heap     ] GC(8) Humongous regions: 0->0
[2025-04-16T10:05:15.582+0000][13840][info ][gc,metaspace] GC(8) Metaspace: 34987K(35968K)->34987K(35968K) NonClass: 31029K(31616K)->31029K(31616K) Class: 3958K(4352K)->3958K(4352K)
[2025-04-16T10:05:15.582+0000][13840][info ][gc          ] GC(8) Pause Young (Concurrent Start) (Metadata GC Threshold) 84M->30M(3776M) 5.896ms
[2025-04-16T10:05:15.583+0000][13840][info ][gc,cpu      ] GC(8) User=0.00s Sys=0.00s Real=0.01s
[2025-04-16T10:05:15.583+0000][13840][info ][gc          ] GC(9) Concurrent Mark Cycle
[2025-04-16T10:05:15.583+0000][13840][info ][safepoint   ] Safepoint "CollectForMetadataAllocation", Time since last: 337800900 ns, Reaching safepoint: 3800 ns, At safepoint: 6007500 ns, Total: 6011300 ns
[2025-04-16T10:05:15.583+0000][13840][info ][gc,marking  ] GC(9) Concurrent Scan Root Regions
[2025-04-16T10:05:15.585+0000][13840][info ][gc,marking  ] GC(9) Concurrent Scan Root Regions 2.812ms
[2025-04-16T10:05:15.585+0000][13840][info ][gc,marking  ] GC(9) Concurrent Mark
[2025-04-16T10:05:15.585+0000][13840][info ][gc,marking  ] GC(9) Concurrent Mark From Roots
[2025-04-16T10:05:15.585+0000][13840][info ][gc,task     ] GC(9) Using 3 workers of 3 for marking
[2025-04-16T10:05:15.592+0000][13840][info ][gc,marking  ] GC(9) Concurrent Mark From Roots 6.929ms
[2025-04-16T10:05:15.592+0000][13840][info ][gc,marking  ] GC(9) Concurrent Preclean
[2025-04-16T10:05:15.592+0000][13840][info ][gc,marking  ] GC(9) Concurrent Preclean 0.045ms
[2025-04-16T10:05:15.592+0000][13840][info ][gc,start    ] GC(9) Pause Remark
[2025-04-16T10:05:15.596+0000][13840][info ][gc          ] GC(9) Pause Remark 32M->32M(3776M) 3.214ms
[2025-04-16T10:05:15.596+0000][13840][info ][gc,cpu      ] GC(9) User=0.00s Sys=0.00s Real=0.00s
[2025-04-16T10:05:15.596+0000][13840][info ][safepoint   ] Safepoint "G1PauseRemark", Time since last: 9933100 ns, Reaching safepoint: 54400 ns, At safepoint: 3309800 ns, Total: 3364200 ns
[2025-04-16T10:05:15.596+0000][13840][info ][gc,marking  ] GC(9) Concurrent Mark 10.464ms
[2025-04-16T10:05:15.596+0000][13840][info ][gc,marking  ] GC(9) Concurrent Rebuild Remembered Sets and Scrub Regions
[2025-04-16T10:05:15.598+0000][13840][info ][gc,marking  ] GC(9) Concurrent Rebuild Remembered Sets and Scrub Regions 2.508ms
[2025-04-16T10:05:15.598+0000][13840][info ][gc,start    ] GC(9) Pause Cleanup
[2025-04-16T10:05:15.598+0000][13840][info ][gc          ] GC(9) Pause Cleanup 32M->32M(3776M) 0.067ms
[2025-04-16T10:05:15.598+0000][13840][info ][gc,cpu      ] GC(9) User=0.00s Sys=0.00s Real=0.00s
[2025-04-16T10:05:15.598+0000][13840][info ][safepoint   ] Safepoint "G1PauseCleanup", Time since last: 2665000 ns, Reaching safepoint: 5300 ns, At safepoint: 109600 ns, Total: 114900 ns
[2025-04-16T10:05:15.598+0000][13840][info ][gc,marking  ] GC(9) Concurrent Clear Claimed Marks
[2025-04-16T10:05:15.598+0000][13840][info ][gc,marking  ] GC(9) Concurrent Clear Claimed Marks 0.089ms
[2025-04-16T10:05:15.599+0000][13840][info ][gc,marking  ] GC(9) Concurrent Cleanup for Next Mark
[2025-04-16T10:05:15.606+0000][13840][info ][gc,marking  ] GC(9) Concurrent Cleanup for Next Mark 7.650ms
[2025-04-16T10:05:15.606+0000][13840][info ][gc          ] GC(9) Concurrent Mark Cycle 24.037ms
[2025-04-16T10:05:16.466+0000][13840][info ][gc,start    ] GC(10) Pause Young (Normal) (G1 Evacuation Pause)
[2025-04-16T10:05:16.466+0000][13840][info ][gc,task     ] GC(10) Using 10 workers of 10 for evacuation
[2025-04-16T10:05:16.466+0000][13840][debug][gc,age      ] GC(10) Desired survivor size 29360128 bytes, new threshold 15 (max threshold 15)
[2025-04-16T10:05:16.477+0000][13840][info ][gc,phases   ] GC(10)   Pre Evacuate Collection Set: 0.16ms
[2025-04-16T10:05:16.477+0000][13840][info ][gc,phases   ] GC(10)   Merge Heap Roots: 0.08ms
[2025-04-16T10:05:16.477+0000][13840][info ][gc,phases   ] GC(10)   Evacuate Collection Set: 9.67ms
[2025-04-16T10:05:16.477+0000][13840][info ][gc,phases   ] GC(10)   Post Evacuate Collection Set: 0.78ms
[2025-04-16T10:05:16.477+0000][13840][info ][gc,phases   ] GC(10)   Other: 0.10ms
[2025-04-16T10:05:16.477+0000][13840][trace][gc,age      ] GC(10) Age table:
[2025-04-16T10:05:16.477+0000][13840][trace][gc,age      ] GC(10) - age   1:    7435496 bytes,    7435496 total
[2025-04-16T10:05:16.477+0000][13840][trace][gc,age      ] GC(10) - age   2:    3191744 bytes,   10627240 total
[2025-04-16T10:05:16.477+0000][13840][trace][gc,age      ] GC(10) - age   3:    1163280 bytes,   11790520 total
[2025-04-16T10:05:16.477+0000][13840][trace][gc,age      ] GC(10) - age   4:    2020792 bytes,   13811312 total
[2025-04-16T10:05:16.477+0000][13840][trace][gc,age      ] GC(10) - age   5:    2593120 bytes,   16404432 total
[2025-04-16T10:05:16.477+0000][13840][trace][gc,age      ] GC(10) - age   6:    3760896 bytes,   20165328 total
[2025-04-16T10:05:16.477+0000][13840][trace][gc,age      ] GC(10) - age   7:    2259088 bytes,   22424416 total
[2025-04-16T10:05:16.477+0000][13840][trace][gc,age      ] GC(10) - age   8:     414560 bytes,   22838976 total
[2025-04-16T10:05:16.477+0000][13840][info ][gc,heap     ] GC(10) Eden regions: 104->0(98)
[2025-04-16T10:05:16.477+0000][13840][info ][gc,heap     ] GC(10) Survivor regions: 5->6(14)
[2025-04-16T10:05:16.477+0000][13840][info ][gc,heap     ] GC(10) Old regions: 4->4
[2025-04-16T10:05:16.477+0000][13840][info ][gc,heap     ] GC(10) Humongous regions: 0->0
[2025-04-16T10:05:16.477+0000][13840][info ][gc,metaspace] GC(10) Metaspace: 38460K(39552K)->38460K(39552K) NonClass: 34013K(34688K)->34013K(34688K) Class: 4446K(4864K)->4446K(4864K)
[2025-04-16T10:05:16.477+0000][13840][info ][gc          ] GC(10) Pause Young (Normal) (G1 Evacuation Pause) 446M->37M(3776M) 11.157ms
[2025-04-16T10:05:16.477+0000][13840][info ][gc,cpu      ] GC(10) User=0.00s Sys=0.03s Real=0.01s
[2025-04-16T10:05:16.477+0000][13840][info ][safepoint   ] Safepoint "G1CollectForAllocation", Time since last: 867421400 ns, Reaching safepoint: 5100 ns, At safepoint: 11214100 ns, Total: 11219200 ns
[2025-04-16T10:05:17.117+0000][13840][info ][gc,start    ] GC(11) Pause Young (Normal) (G1 Evacuation Pause)
[2025-04-16T10:05:17.117+0000][13840][info ][gc,task     ] GC(11) Using 10 workers of 10 for evacuation
[2025-04-16T10:05:17.117+0000][13840][debug][gc,age      ] GC(11) Desired survivor size 27262976 bytes, new threshold 15 (max threshold 15)
[2025-04-16T10:05:17.124+0000][13840][info ][gc,phases   ] GC(11)   Pre Evacuate Collection Set: 0.19ms
[2025-04-16T10:05:17.124+0000][13840][info ][gc,phases   ] GC(11)   Merge Heap Roots: 0.06ms
[2025-04-16T10:05:17.124+0000][13840][info ][gc,phases   ] GC(11)   Evacuate Collection Set: 6.47ms
[2025-04-16T10:05:17.124+0000][13840][info ][gc,phases   ] GC(11)   Post Evacuate Collection Set: 0.68ms
[2025-04-16T10:05:17.124+0000][13840][info ][gc,phases   ] GC(11)   Other: 0.12ms
[2025-04-16T10:05:17.124+0000][13840][trace][gc,age      ] GC(11) Age table:
[2025-04-16T10:05:17.124+0000][13840][trace][gc,age      ] GC(11) - age   1:    4717280 bytes,    4717280 total
[2025-04-16T10:05:17.124+0000][13840][trace][gc,age      ] GC(11) - age   2:    6212816 bytes,   10930096 total
[2025-04-16T10:05:17.124+0000][13840][trace][gc,age      ] GC(11) - age   3:    3191680 bytes,   14121776 total
[2025-04-16T10:05:17.124+0000][13840][trace][gc,age      ] GC(11) - age   4:    1161152 bytes,   15282928 total
[2025-04-16T10:05:17.124+0000][13840][trace][gc,age      ] GC(11) - age   5:    2020696 bytes,   17303624 total
[2025-04-16T10:05:17.124+0000][13840][trace][gc,age      ] GC(11) - age   6:    2592992 bytes,   19896616 total
[2025-04-16T10:05:17.124+0000][13840][trace][gc,age      ] GC(11) - age   7:    3759232 bytes,   23655848 total
[2025-04-16T10:05:17.124+0000][13840][trace][gc,age      ] GC(11) - age   8:    2257872 bytes,   25913720 total
[2025-04-16T10:05:17.124+0000][13840][trace][gc,age      ] GC(11) - age   9:     395952 bytes,   26309672 total
[2025-04-16T10:05:17.124+0000][13840][info ][gc,heap     ] GC(11) Eden regions: 98->0(143)
[2025-04-16T10:05:17.124+0000][13840][info ][gc,heap     ] GC(11) Survivor regions: 6->7(13)
[2025-04-16T10:05:17.124+0000][13840][info ][gc,heap     ] GC(11) Old regions: 4->4
[2025-04-16T10:05:17.124+0000][13840][info ][gc,heap     ] GC(11) Humongous regions: 0->0
[2025-04-16T10:05:17.124+0000][13840][info ][gc,metaspace] GC(11) Metaspace: 39231K(40384K)->39231K(40384K) NonClass: 34677K(35392K)->34677K(35392K) Class: 4553K(4992K)->4553K(4992K)
[2025-04-16T10:05:17.124+0000][13840][info ][gc          ] GC(11) Pause Young (Normal) (G1 Evacuation Pause) 429M->40M(3776M) 7.864ms
[2025-04-16T10:05:17.124+0000][13840][info ][gc,cpu      ] GC(11) User=0.00s Sys=0.00s Real=0.01s
[2025-04-16T10:05:17.124+0000][13840][info ][safepoint   ] Safepoint "G1CollectForAllocation", Time since last: 639060500 ns, Reaching safepoint: 3900 ns, At safepoint: 7923400 ns, Total: 7927300 ns
[2025-04-16T10:05:20.268+0000][13840][info ][gc,start    ] GC(12) Pause Young (Normal) (G1 Evacuation Pause)
[2025-04-16T10:05:20.268+0000][13840][info ][gc,task     ] GC(12) Using 10 workers of 10 for evacuation
[2025-04-16T10:05:20.268+0000][13840][debug][gc,age      ] GC(12) Desired survivor size 39845888 bytes, new threshold 15 (max threshold 15)
[2025-04-16T10:05:20.283+0000][13840][info ][gc,phases   ] GC(12)   Pre Evacuate Collection Set: 0.15ms
[2025-04-16T10:05:20.283+0000][13840][info ][gc,phases   ] GC(12)   Merge Heap Roots: 0.07ms
[2025-04-16T10:05:20.283+0000][13840][info ][gc,phases   ] GC(12)   Evacuate Collection Set: 14.64ms
[2025-04-16T10:05:20.283+0000][13840][info ][gc,phases   ] GC(12)   Post Evacuate Collection Set: 1.12ms
[2025-04-16T10:05:20.283+0000][13840][info ][gc,phases   ] GC(12)   Other: 0.10ms
[2025-04-16T10:05:20.283+0000][13840][trace][gc,age      ] GC(12) Age table:
[2025-04-16T10:05:20.283+0000][13840][trace][gc,age      ] GC(12) - age   1:    8460392 bytes,    8460392 total
[2025-04-16T10:05:20.283+0000][13840][trace][gc,age      ] GC(12) - age   2:    4456632 bytes,   12917024 total
[2025-04-16T10:05:20.283+0000][13840][trace][gc,age      ] GC(12) - age   3:    6164608 bytes,   19081632 total
[2025-04-16T10:05:20.283+0000][13840][trace][gc,age      ] GC(12) - age   4:    3185616 bytes,   22267248 total
[2025-04-16T10:05:20.283+0000][13840][trace][gc,age      ] GC(12) - age   5:    1145896 bytes,   23413144 total
[2025-04-16T10:05:20.283+0000][13840][trace][gc,age      ] GC(12) - age   6:    2011504 bytes,   25424648 total
[2025-04-16T10:05:20.283+0000][13840][trace][gc,age      ] GC(12) - age   7:    2585608 bytes,   28010256 total
[2025-04-16T10:05:20.283+0000][13840][trace][gc,age      ] GC(12) - age   8:    3746760 bytes,   31757016 total
[2025-04-16T10:05:20.283+0000][13840][trace][gc,age      ] GC(12) - age   9:    2069104 bytes,   33826120 total
[2025-04-16T10:05:20.283+0000][13840][trace][gc,age      ] GC(12) - age  10:     395456 bytes,   34221576 total
[2025-04-16T10:05:20.283+0000][13840][info ][gc,heap     ] GC(12) Eden regions: 143->0(141)
[2025-04-16T10:05:20.283+0000][13840][info ][gc,heap     ] GC(12) Survivor regions: 7->10(19)
[2025-04-16T10:05:20.283+0000][13840][info ][gc,heap     ] GC(12) Old regions: 4->4
[2025-04-16T10:05:20.283+0000][13840][info ][gc,heap     ] GC(12) Humongous regions: 0->0
[2025-04-16T10:05:20.283+0000][13840][info ][gc,metaspace] GC(12) Metaspace: 53104K(54528K)->53104K(54528K) NonClass: 46723K(47552K)->46723K(47552K) Class: 6381K(6976K)->6381K(6976K)
[2025-04-16T10:05:20.283+0000][13840][info ][gc          ] GC(12) Pause Young (Normal) (G1 Evacuation Pause) 612M->51M(3776M) 16.514ms
[2025-04-16T10:05:20.283+0000][13840][info ][gc,cpu      ] GC(12) User=0.14s Sys=0.02s Real=0.02s
[2025-04-16T10:05:20.283+0000][13840][info ][safepoint   ] Safepoint "G1CollectForAllocation", Time since last: 3142908200 ns, Reaching safepoint: 4100 ns, At safepoint: 16579700 ns, Total: 16583800 ns
[2025-04-16T10:05:20.827+0000][13840][info ][gc,start    ] GC(13) Pause Young (Concurrent Start) (Metadata GC Threshold)
[2025-04-16T10:05:20.827+0000][13840][info ][gc,task     ] GC(13) Using 10 workers of 10 for evacuation
[2025-04-16T10:05:20.827+0000][13840][debug][gc,age      ] GC(13) Desired survivor size 39845888 bytes, new threshold 15 (max threshold 15)
[2025-04-16T10:05:20.840+0000][13840][info ][gc,phases   ] GC(13)   Pre Evacuate Collection Set: 0.18ms
[2025-04-16T10:05:20.840+0000][13840][info ][gc,phases   ] GC(13)   Merge Heap Roots: 0.06ms
[2025-04-16T10:05:20.840+0000][13840][info ][gc,phases   ] GC(13)   Evacuate Collection Set: 10.56ms
[2025-04-16T10:05:20.840+0000][13840][info ][gc,phases   ] GC(13)   Post Evacuate Collection Set: 1.26ms
[2025-04-16T10:05:20.840+0000][13840][info ][gc,phases   ] GC(13)   Other: 0.10ms
[2025-04-16T10:05:20.840+0000][13840][trace][gc,age      ] GC(13) Age table:
[2025-04-16T10:05:20.840+0000][13840][trace][gc,age      ] GC(13) - age   1:    1287048 bytes,    1287048 total
[2025-04-16T10:05:20.840+0000][13840][trace][gc,age      ] GC(13) - age   2:    8319248 bytes,    9606296 total
[2025-04-16T10:05:20.840+0000][13840][trace][gc,age      ] GC(13) - age   3:    4455440 bytes,   14061736 total
[2025-04-16T10:05:20.840+0000][13840][trace][gc,age      ] GC(13) - age   4:    6162712 bytes,   20224448 total
[2025-04-16T10:05:20.840+0000][13840][trace][gc,age      ] GC(13) - age   5:    3185616 bytes,   23410064 total
[2025-04-16T10:05:20.840+0000][13840][trace][gc,age      ] GC(13) - age   6:    1145408 bytes,   24555472 total
[2025-04-16T10:05:20.840+0000][13840][trace][gc,age      ] GC(13) - age   7:    2011504 bytes,   26566976 total
[2025-04-16T10:05:20.840+0000][13840][trace][gc,age      ] GC(13) - age   8:    2584696 bytes,   29151672 total
[2025-04-16T10:05:20.840+0000][13840][trace][gc,age      ] GC(13) - age   9:    3746632 bytes,   32898304 total
[2025-04-16T10:05:20.840+0000][13840][trace][gc,age      ] GC(13) - age  10:    2069072 bytes,   34967376 total
[2025-04-16T10:05:20.840+0000][13840][trace][gc,age      ] GC(13) - age  11:     395360 bytes,   35362736 total
[2025-04-16T10:05:20.840+0000][13840][info ][gc,heap     ] GC(13) Eden regions: 9->0(200)
[2025-04-16T10:05:20.840+0000][13840][info ][gc,heap     ] GC(13) Survivor regions: 10->10(19)
[2025-04-16T10:05:20.840+0000][13840][info ][gc,heap     ] GC(13) Old regions: 4->4
[2025-04-16T10:05:20.840+0000][13840][info ][gc,heap     ] GC(13) Humongous regions: 0->0
[2025-04-16T10:05:20.840+0000][13840][info ][gc,metaspace] GC(13) Metaspace: 58986K(60480K)->58986K(60480K) NonClass: 51696K(52608K)->51696K(52608K) Class: 7290K(7872K)->7290K(7872K)
[2025-04-16T10:05:20.840+0000][13840][info ][gc          ] GC(13) Pause Young (Concurrent Start) (Metadata GC Threshold) 85M->51M(3776M) 12.548ms
[2025-04-16T10:05:20.840+0000][13840][info ][gc,cpu      ] GC(13) User=0.11s Sys=0.03s Real=0.01s
[2025-04-16T10:05:20.840+0000][13840][info ][gc          ] GC(14) Concurrent Mark Cycle
[2025-04-16T10:05:20.840+0000][13840][info ][gc,marking  ] GC(14) Concurrent Scan Root Regions
[2025-04-16T10:05:20.840+0000][13840][info ][safepoint   ] Safepoint "CollectForMetadataAllocation", Time since last: 543834100 ns, Reaching safepoint: 6900 ns, At safepoint: 12651600 ns, Total: 12658500 ns
[2025-04-16T10:05:20.844+0000][13840][info ][gc,marking  ] GC(14) Concurrent Scan Root Regions 4.651ms
[2025-04-16T10:05:20.844+0000][13840][info ][gc,marking  ] GC(14) Concurrent Mark
[2025-04-16T10:05:20.844+0000][13840][info ][gc,marking  ] GC(14) Concurrent Mark From Roots
[2025-04-16T10:05:20.844+0000][13840][info ][gc,task     ] GC(14) Using 3 workers of 3 for marking
[2025-04-16T10:05:20.855+0000][13840][info ][gc,marking  ] GC(14) Concurrent Mark From Roots 9.574ms
[2025-04-16T10:05:20.855+0000][13840][info ][gc,marking  ] GC(14) Concurrent Preclean
[2025-04-16T10:05:20.855+0000][13840][info ][gc,marking  ] GC(14) Concurrent Preclean 0.073ms
[2025-04-16T10:05:20.855+0000][13840][info ][gc,start    ] GC(14) Pause Remark
[2025-04-16T10:05:20.858+0000][13840][info ][gc          ] GC(14) Pause Remark 55M->55M(3776M) 3.433ms
[2025-04-16T10:05:20.858+0000][13840][info ][gc,cpu      ] GC(14) User=0.00s Sys=0.00s Real=0.00s
[2025-04-16T10:05:20.858+0000][13840][info ][safepoint   ] Safepoint "G1PauseRemark", Time since last: 14483800 ns, Reaching safepoint: 35500 ns, At safepoint: 3536300 ns, Total: 3571800 ns
[2025-04-16T10:05:20.858+0000][13840][info ][gc,marking  ] GC(14) Concurrent Mark 13.367ms
[2025-04-16T10:05:20.858+0000][13840][info ][gc,marking  ] GC(14) Concurrent Rebuild Remembered Sets and Scrub Regions
[2025-04-16T10:05:20.860+0000][13840][info ][gc,marking  ] GC(14) Concurrent Rebuild Remembered Sets and Scrub Regions 2.197ms
[2025-04-16T10:05:20.860+0000][13840][info ][gc,start    ] GC(14) Pause Cleanup
[2025-04-16T10:05:20.860+0000][13840][info ][gc          ] GC(14) Pause Cleanup 55M->55M(3776M) 0.067ms
[2025-04-16T10:05:20.860+0000][13840][info ][gc,cpu      ] GC(14) User=0.00s Sys=0.00s Real=0.00s
[2025-04-16T10:05:20.860+0000][13840][info ][safepoint   ] Safepoint "G1PauseCleanup", Time since last: 2328000 ns, Reaching safepoint: 34600 ns, At safepoint: 107800 ns, Total: 142400 ns
[2025-04-16T10:05:20.860+0000][13840][info ][gc,marking  ] GC(14) Concurrent Clear Claimed Marks
[2025-04-16T10:05:20.860+0000][13840][info ][gc,marking  ] GC(14) Concurrent Clear Claimed Marks 0.079ms
[2025-04-16T10:05:20.860+0000][13840][info ][gc,marking  ] GC(14) Concurrent Cleanup for Next Mark
[2025-04-16T10:05:20.870+0000][13840][info ][gc,marking  ] GC(14) Concurrent Cleanup for Next Mark 9.135ms
[2025-04-16T10:05:20.870+0000][13840][info ][gc          ] GC(14) Concurrent Mark Cycle 29.957ms
[2025-04-16T10:05:24.840+0000][13840][info ][gc,start    ] GC(15) Pause Young (Normal) (G1 Evacuation Pause)
[2025-04-16T10:05:24.840+0000][13840][info ][gc,task     ] GC(15) Using 10 workers of 10 for evacuation
[2025-04-16T10:05:24.840+0000][13840][debug][gc,age      ] GC(15) Desired survivor size 56623104 bytes, new threshold 15 (max threshold 15)
[2025-04-16T10:05:24.862+0000][13840][info ][gc,phases   ] GC(15)   Pre Evacuate Collection Set: 0.14ms
[2025-04-16T10:05:24.863+0000][13840][info ][gc,phases   ] GC(15)   Merge Heap Roots: 0.10ms
[2025-04-16T10:05:24.863+0000][13840][info ][gc,phases   ] GC(15)   Evacuate Collection Set: 19.92ms
[2025-04-16T10:05:24.863+0000][13840][info ][gc,phases   ] GC(15)   Post Evacuate Collection Set: 2.02ms
[2025-04-16T10:05:24.863+0000][13840][info ][gc,phases   ] GC(15)   Other: 0.14ms
[2025-04-16T10:05:24.863+0000][13840][trace][gc,age      ] GC(15) Age table:
[2025-04-16T10:05:24.863+0000][13840][trace][gc,age      ] GC(15) - age   1:   13748168 bytes,   13748168 total
[2025-04-16T10:05:24.863+0000][13840][trace][gc,age      ] GC(15) - age   2:    1160248 bytes,   14908416 total
[2025-04-16T10:05:24.863+0000][13840][trace][gc,age      ] GC(15) - age   3:    8030264 bytes,   22938680 total
[2025-04-16T10:05:24.863+0000][13840][trace][gc,age      ] GC(15) - age   4:    4411576 bytes,   27350256 total
[2025-04-16T10:05:24.863+0000][13840][trace][gc,age      ] GC(15) - age   5:    6146512 bytes,   33496768 total
[2025-04-16T10:05:24.863+0000][13840][trace][gc,age      ] GC(15) - age   6:    3176128 bytes,   36672896 total
[2025-04-16T10:05:24.863+0000][13840][trace][gc,age      ] GC(15) - age   7:    1133632 bytes,   37806528 total
[2025-04-16T10:05:24.863+0000][13840][trace][gc,age      ] GC(15) - age   8:    2006624 bytes,   39813152 total
[2025-04-16T10:05:24.863+0000][13840][trace][gc,age      ] GC(15) - age   9:    2576096 bytes,   42389248 total
[2025-04-16T10:05:24.863+0000][13840][trace][gc,age      ] GC(15) - age  10:    3722272 bytes,   46111520 total
[2025-04-16T10:05:24.863+0000][13840][trace][gc,age      ] GC(15) - age  11:    2062120 bytes,   48173640 total
[2025-04-16T10:05:24.863+0000][13840][trace][gc,age      ] GC(15) - age  12:     385240 bytes,   48558880 total
[2025-04-16T10:05:24.863+0000][13840][info ][gc,heap     ] GC(15) Eden regions: 200->0(195)
[2025-04-16T10:05:24.863+0000][13840][info ][gc,heap     ] GC(15) Survivor regions: 10->13(27)
[2025-04-16T10:05:24.863+0000][13840][info ][gc,heap     ] GC(15) Old regions: 4->4
[2025-04-16T10:05:24.863+0000][13840][info ][gc,heap     ] GC(15) Humongous regions: 0->0
[2025-04-16T10:05:24.863+0000][13840][info ][gc,metaspace] GC(15) Metaspace: 83861K(85952K)->83861K(85952K) NonClass: 72593K(73792K)->72593K(73792K) Class: 11267K(12160K)->11267K(12160K)
[2025-04-16T10:05:24.863+0000][13840][info ][gc          ] GC(15) Pause Young (Normal) (G1 Evacuation Pause) 851M->64M(3776M) 22.870ms
[2025-04-16T10:05:24.863+0000][13840][info ][gc,cpu      ] GC(15) User=0.12s Sys=0.03s Real=0.02s
[2025-04-16T10:05:24.863+0000][13840][info ][safepoint   ] Safepoint "G1CollectForAllocation", Time since last: 3979510500 ns, Reaching safepoint: 6300 ns, At safepoint: 22944300 ns, Total: 22950600 ns
[2025-04-16T10:05:27.641+0000][13840][info ][gc,start    ] GC(16) Pause Young (Concurrent Start) (Metadata GC Threshold)
[2025-04-16T10:05:27.641+0000][13840][info ][gc,task     ] GC(16) Using 10 workers of 10 for evacuation
[2025-04-16T10:05:27.641+0000][13840][debug][gc,age      ] GC(16) Desired survivor size 54525952 bytes, new threshold 15 (max threshold 15)
[2025-04-16T10:05:27.664+0000][13840][info ][gc,phases   ] GC(16)   Pre Evacuate Collection Set: 0.23ms
[2025-04-16T10:05:27.665+0000][13840][info ][gc,phases   ] GC(16)   Merge Heap Roots: 0.08ms
[2025-04-16T10:05:27.665+0000][13840][info ][gc,phases   ] GC(16)   Evacuate Collection Set: 20.00ms
[2025-04-16T10:05:27.665+0000][13840][info ][gc,phases   ] GC(16)   Post Evacuate Collection Set: 2.23ms
[2025-04-16T10:05:27.665+0000][13840][info ][gc,phases   ] GC(16)   Other: 0.16ms
[2025-04-16T10:05:27.665+0000][13840][trace][gc,age      ] GC(16) Age table:
[2025-04-16T10:05:27.665+0000][13840][trace][gc,age      ] GC(16) - age   1:    7858256 bytes,    7858256 total
[2025-04-16T10:05:27.665+0000][13840][trace][gc,age      ] GC(16) - age   2:   13239576 bytes,   21097832 total
[2025-04-16T10:05:27.665+0000][13840][trace][gc,age      ] GC(16) - age   3:    1159384 bytes,   22257216 total
[2025-04-16T10:05:27.665+0000][13840][trace][gc,age      ] GC(16) - age   4:    7960296 bytes,   30217512 total
[2025-04-16T10:05:27.665+0000][13840][trace][gc,age      ] GC(16) - age   5:    4406968 bytes,   34624480 total
[2025-04-16T10:05:27.665+0000][13840][trace][gc,age      ] GC(16) - age   6:    6133552 bytes,   40758032 total
[2025-04-16T10:05:27.665+0000][13840][trace][gc,age      ] GC(16) - age   7:    3175888 bytes,   43933920 total
[2025-04-16T10:05:27.665+0000][13840][trace][gc,age      ] GC(16) - age   8:    1132136 bytes,   45066056 total
[2025-04-16T10:05:27.665+0000][13840][trace][gc,age      ] GC(16) - age   9:    2006232 bytes,   47072288 total
[2025-04-16T10:05:27.665+0000][13840][trace][gc,age      ] GC(16) - age  10:    2574728 bytes,   49647016 total
[2025-04-16T10:05:27.665+0000][13840][trace][gc,age      ] GC(16) - age  11:    3715936 bytes,   53362952 total
[2025-04-16T10:05:27.665+0000][13840][trace][gc,age      ] GC(16) - age  12:    2059400 bytes,   55422352 total
[2025-04-16T10:05:27.665+0000][13840][trace][gc,age      ] GC(16) - age  13:     382664 bytes,   55805016 total
[2025-04-16T10:05:27.665+0000][13840][info ][gc,heap     ] GC(16) Eden regions: 51->0(255)
[2025-04-16T10:05:27.665+0000][13840][info ][gc,heap     ] GC(16) Survivor regions: 13->15(26)
[2025-04-16T10:05:27.665+0000][13840][info ][gc,heap     ] GC(16) Old regions: 4->4
[2025-04-16T10:05:27.665+0000][13840][info ][gc,heap     ] GC(16) Humongous regions: 0->0
[2025-04-16T10:05:27.665+0000][13840][info ][gc,metaspace] GC(16) Metaspace: 99012K(101120K)->99012K(101120K) NonClass: 85486K(86720K)->85486K(86720K) Class: 13525K(14400K)->13525K(14400K)
[2025-04-16T10:05:27.665+0000][13840][info ][gc          ] GC(16) Pause Young (Concurrent Start) (Metadata GC Threshold) 266M->71M(3776M) 23.277ms
[2025-04-16T10:05:27.665+0000][13840][info ][gc          ] GC(17) Concurrent Mark Cycle
[2025-04-16T10:05:27.665+0000][13840][info ][gc,cpu      ] GC(16) User=0.08s Sys=0.06s Real=0.02s
[2025-04-16T10:05:27.665+0000][13840][info ][gc,marking  ] GC(17) Concurrent Scan Root Regions
[2025-04-16T10:05:27.665+0000][13840][info ][safepoint   ] Safepoint "CollectForMetadataAllocation", Time since last: 2778339400 ns, Reaching safepoint: 6800 ns, At safepoint: 23487300 ns, Total: 23494100 ns
[2025-04-16T10:05:27.675+0000][13840][info ][gc,marking  ] GC(17) Concurrent Scan Root Regions 9.592ms
[2025-04-16T10:05:27.675+0000][13840][info ][gc,marking  ] GC(17) Concurrent Mark
[2025-04-16T10:05:27.675+0000][13840][info ][gc,marking  ] GC(17) Concurrent Mark From Roots
[2025-04-16T10:05:27.675+0000][13840][info ][gc,task     ] GC(17) Using 3 workers of 3 for marking
[2025-04-16T10:05:27.683+0000][13840][info ][gc,marking  ] GC(17) Concurrent Mark From Roots 8.841ms
[2025-04-16T10:05:27.683+0000][13840][info ][gc,marking  ] GC(17) Concurrent Preclean
[2025-04-16T10:05:27.683+0000][13840][info ][gc,marking  ] GC(17) Concurrent Preclean 0.091ms
[2025-04-16T10:05:27.683+0000][13840][info ][gc,start    ] GC(17) Pause Remark
[2025-04-16T10:05:27.688+0000][13840][info ][gc          ] GC(17) Pause Remark 77M->77M(3776M) 4.422ms
[2025-04-16T10:05:27.688+0000][13840][info ][gc,cpu      ] GC(17) User=0.00s Sys=0.00s Real=0.00s
[2025-04-16T10:05:27.688+0000][13840][info ][safepoint   ] Safepoint "G1PauseRemark", Time since last: 18620000 ns, Reaching safepoint: 6500 ns, At safepoint: 4561500 ns, Total: 4568000 ns
[2025-04-16T10:05:27.688+0000][13840][info ][gc,marking  ] GC(17) Concurrent Mark 13.652ms
[2025-04-16T10:05:27.688+0000][13840][info ][gc,marking  ] GC(17) Concurrent Rebuild Remembered Sets and Scrub Regions
[2025-04-16T10:05:27.691+0000][13840][info ][gc,marking  ] GC(17) Concurrent Rebuild Remembered Sets and Scrub Regions 2.889ms
[2025-04-16T10:05:27.691+0000][13840][info ][gc,start    ] GC(17) Pause Cleanup
[2025-04-16T10:05:27.691+0000][13840][info ][gc          ] GC(17) Pause Cleanup 77M->77M(3776M) 0.096ms
[2025-04-16T10:05:27.691+0000][13840][info ][gc,cpu      ] GC(17) User=0.00s Sys=0.00s Real=0.00s
[2025-04-16T10:05:27.691+0000][13840][info ][safepoint   ] Safepoint "G1PauseCleanup", Time since last: 3061900 ns, Reaching safepoint: 6800 ns, At safepoint: 171400 ns, Total: 178200 ns
[2025-04-16T10:05:27.691+0000][13840][info ][gc,marking  ] GC(17) Concurrent Clear Claimed Marks
[2025-04-16T10:05:27.691+0000][13840][info ][gc,marking  ] GC(17) Concurrent Clear Claimed Marks 0.128ms
[2025-04-16T10:05:27.691+0000][13840][info ][gc,marking  ] GC(17) Concurrent Cleanup for Next Mark
[2025-04-16T10:05:27.702+0000][13840][info ][gc,marking  ] GC(17) Concurrent Cleanup for Next Mark 10.181ms
[2025-04-16T10:05:27.702+0000][13840][info ][gc          ] GC(17) Concurrent Mark Cycle 37.036ms
