[2025-04-16T10:40:00.880+0000][2156][info][gc,init] CardTable entry size: 512
[2025-04-16T10:40:00.880+0000][2156][info][gc     ] Using G1
[2025-04-16T10:40:02.823+0000][2156][info][gc,init] Version: 23+37-2369 (release)
[2025-04-16T10:40:02.824+0000][2156][info][gc,init] CPUs: 12 total, 12 available
[2025-04-16T10:40:02.824+0000][2156][info][gc,init] Memory: 7549M
[2025-04-16T10:40:02.824+0000][2156][info][gc,init] Large Page Support: Disabled
[2025-04-16T10:40:02.824+0000][2156][info][gc,init] NUMA Support: Disabled
[2025-04-16T10:40:02.824+0000][2156][info][gc,init] Compressed Oops: Enabled (Zero based)
[2025-04-16T10:40:02.824+0000][2156][info][gc,init] Heap Region Size: 4M
[2025-04-16T10:40:02.824+0000][2156][info][gc,init] Heap Min Capacity: 3776M
[2025-04-16T10:40:02.824+0000][2156][info][gc,init] Heap Initial Capacity: 3776M
[2025-04-16T10:40:02.824+0000][2156][info][gc,init] Heap Max Capacity: 3776M
[2025-04-16T10:40:02.824+0000][2156][info][gc,init] Pre-touch: Enabled
[2025-04-16T10:40:02.824+0000][2156][info][gc,init] Parallel Workers: 10
[2025-04-16T10:40:02.824+0000][2156][info][gc,init] Concurrent Workers: 3
[2025-04-16T10:40:02.824+0000][2156][info][gc,init] Concurrent Refinement Workers: 10
[2025-04-16T10:40:02.824+0000][2156][info][gc,init] Periodic GC: Disabled
[2025-04-16T10:40:02.850+0000][2156][info][gc,metaspace] CDS archive(s) mapped at: [0x0000023300000000-0x0000023300d70000-0x0000023300d70000), size 14090240, SharedBaseAddress: 0x0000023300000000, ArchiveRelocationMode: 1.
[2025-04-16T10:40:02.850+0000][2156][info][gc,metaspace] Compressed class space mapped at: 0x0000023301000000-0x0000023341000000, reserved size: 1073741824
[2025-04-16T10:40:02.850+0000][2156][info][gc,metaspace] Narrow klass base: 0x0000023300000000, Narrow klass shift: 0, Narrow klass range: 0x41000000
[2025-04-16T10:40:08.265+0000][2156][info][gc,start    ] GC(0) Pause Young (Normal) (G1 Evacuation Pause)
[2025-04-16T10:40:08.266+0000][2156][info][gc,task     ] GC(0) Using 10 workers of 10 for evacuation
[2025-04-16T10:40:08.266+0000][2156][debug][gc,age      ] GC(0) Desired survivor size 12582912 bytes, new threshold 15 (max threshold 15)
[2025-04-16T10:40:08.278+0000][2156][info ][gc,phases   ] GC(0)   Pre Evacuate Collection Set: 0.28ms
[2025-04-16T10:40:08.278+0000][2156][info ][gc,phases   ] GC(0)   Merge Heap Roots: 0.35ms
[2025-04-16T10:40:08.278+0000][2156][info ][gc,phases   ] GC(0)   Evacuate Collection Set: 8.59ms
[2025-04-16T10:40:08.278+0000][2156][info ][gc,phases   ] GC(0)   Post Evacuate Collection Set: 1.52ms
[2025-04-16T10:40:08.278+0000][2156][info ][gc,phases   ] GC(0)   Other: 1.09ms
[2025-04-16T10:40:08.278+0000][2156][trace][gc,age      ] GC(0) Age table:
[2025-04-16T10:40:08.278+0000][2156][trace][gc,age      ] GC(0) - age   1:   14166536 bytes,   14166536 total
[2025-04-16T10:40:08.278+0000][2156][info ][gc,heap     ] GC(0) Eden regions: 47->0(43)
[2025-04-16T10:40:08.278+0000][2156][info ][gc,heap     ] GC(0) Survivor regions: 0->4(6)
[2025-04-16T10:40:08.278+0000][2156][info ][gc,heap     ] GC(0) Old regions: 0->0
[2025-04-16T10:40:08.278+0000][2156][info ][gc,heap     ] GC(0) Humongous regions: 0->0
[2025-04-16T10:40:08.278+0000][2156][info ][gc,metaspace] GC(0) Metaspace: 18725K(19520K)->18725K(19520K) NonClass: 16607K(17088K)->16607K(17088K) Class: 2118K(2432K)->2118K(2432K)
[2025-04-16T10:40:08.278+0000][2156][info ][gc          ] GC(0) Pause Young (Normal) (G1 Evacuation Pause) 188M->14M(3776M) 13.219ms
[2025-04-16T10:40:08.278+0000][2156][info ][gc,cpu      ] GC(0) User=0.11s Sys=0.06s Real=0.01s
[2025-04-16T10:40:08.278+0000][2156][info ][safepoint   ] Safepoint "G1CollectForAllocation", Time since last: 5409511200 ns, Reaching safepoint: 4200 ns, At safepoint: 13290800 ns, Total: 13295000 ns
[2025-04-16T10:40:09.117+0000][2156][info ][gc,start    ] GC(1) Pause Young (Concurrent Start) (Metadata GC Threshold)
[2025-04-16T10:40:09.117+0000][2156][info ][gc,task     ] GC(1) Using 10 workers of 10 for evacuation
[2025-04-16T10:40:09.117+0000][2156][debug][gc,age      ] GC(1) Desired survivor size 12582912 bytes, new threshold 1 (max threshold 15)
[2025-04-16T10:40:09.127+0000][2156][info ][gc,phases   ] GC(1)   Pre Evacuate Collection Set: 0.32ms
[2025-04-16T10:40:09.127+0000][2156][info ][gc,phases   ] GC(1)   Merge Heap Roots: 0.05ms
[2025-04-16T10:40:09.127+0000][2156][info ][gc,phases   ] GC(1)   Evacuate Collection Set: 8.98ms
[2025-04-16T10:40:09.127+0000][2156][info ][gc,phases   ] GC(1)   Post Evacuate Collection Set: 1.21ms
[2025-04-16T10:40:09.127+0000][2156][info ][gc,phases   ] GC(1)   Other: 0.18ms
[2025-04-16T10:40:09.127+0000][2156][trace][gc,age      ] GC(1) Age table:
[2025-04-16T10:40:09.127+0000][2156][trace][gc,age      ] GC(1) - age   1:    1229808 bytes,    1229808 total
[2025-04-16T10:40:09.127+0000][2156][info ][gc,heap     ] GC(1) Eden regions: 17->0(46)
[2025-04-16T10:40:09.127+0000][2156][info ][gc,heap     ] GC(1) Survivor regions: 4->1(6)
[2025-04-16T10:40:09.127+0000][2156][info ][gc,heap     ] GC(1) Old regions: 0->4
[2025-04-16T10:40:09.127+0000][2156][info ][gc,heap     ] GC(1) Humongous regions: 0->0
[2025-04-16T10:40:09.127+0000][2156][info ][gc,metaspace] GC(1) Metaspace: 20782K(21504K)->20782K(21504K) NonClass: 18450K(18880K)->18450K(18880K) Class: 2332K(2624K)->2332K(2624K)
[2025-04-16T10:40:09.127+0000][2156][info ][gc          ] GC(1) Pause Young (Concurrent Start) (Metadata GC Threshold) 80M->16M(3776M) 10.999ms
[2025-04-16T10:40:09.127+0000][2156][info ][gc,cpu      ] GC(1) User=0.02s Sys=0.00s Real=0.01s
[2025-04-16T10:40:09.127+0000][2156][info ][gc          ] GC(2) Concurrent Mark Cycle
[2025-04-16T10:40:09.127+0000][2156][info ][safepoint   ] Safepoint "CollectForMetadataAllocation", Time since last: 838689600 ns, Reaching safepoint: 4600 ns, At safepoint: 11106300 ns, Total: 11110900 ns
[2025-04-16T10:40:09.127+0000][2156][info ][gc,marking  ] GC(2) Concurrent Scan Root Regions
[2025-04-16T10:40:09.131+0000][2156][info ][gc,marking  ] GC(2) Concurrent Scan Root Regions 3.058ms
[2025-04-16T10:40:09.131+0000][2156][info ][gc,marking  ] GC(2) Concurrent Mark
[2025-04-16T10:40:09.131+0000][2156][info ][gc,marking  ] GC(2) Concurrent Mark From Roots
[2025-04-16T10:40:09.131+0000][2156][info ][gc,task     ] GC(2) Using 3 workers of 3 for marking
[2025-04-16T10:40:09.131+0000][2156][info ][gc,marking  ] GC(2) Concurrent Mark From Roots 0.309ms
[2025-04-16T10:40:09.131+0000][2156][info ][gc,marking  ] GC(2) Concurrent Preclean
[2025-04-16T10:40:09.131+0000][2156][info ][gc,marking  ] GC(2) Concurrent Preclean 0.011ms
[2025-04-16T10:40:09.131+0000][2156][info ][gc,start    ] GC(2) Pause Remark
[2025-04-16T10:40:09.133+0000][2156][info ][gc          ] GC(2) Pause Remark 20M->20M(3776M) 2.438ms
[2025-04-16T10:40:09.133+0000][2156][info ][gc,cpu      ] GC(2) User=0.03s Sys=0.00s Real=0.00s
[2025-04-16T10:40:09.133+0000][2156][info ][safepoint   ] Safepoint "G1PauseRemark", Time since last: 3576900 ns, Reaching safepoint: 9000 ns, At safepoint: 2531400 ns, Total: 2540400 ns
[2025-04-16T10:40:09.133+0000][2156][info ][gc,marking  ] GC(2) Concurrent Mark 2.966ms
[2025-04-16T10:40:09.133+0000][2156][info ][gc,marking  ] GC(2) Concurrent Rebuild Remembered Sets and Scrub Regions
[2025-04-16T10:40:09.136+0000][2156][info ][gc,marking  ] GC(2) Concurrent Rebuild Remembered Sets and Scrub Regions 2.537ms
[2025-04-16T10:40:09.137+0000][2156][info ][gc,start    ] GC(2) Pause Cleanup
[2025-04-16T10:40:09.137+0000][2156][info ][gc          ] GC(2) Pause Cleanup 20M->20M(3776M) 0.093ms
[2025-04-16T10:40:09.137+0000][2156][info ][gc,cpu      ] GC(2) User=0.00s Sys=0.00s Real=0.00s
[2025-04-16T10:40:09.137+0000][2156][info ][safepoint   ] Safepoint "G1PauseCleanup", Time since last: 2723700 ns, Reaching safepoint: 38700 ns, At safepoint: 151100 ns, Total: 189800 ns
[2025-04-16T10:40:09.137+0000][2156][info ][gc,marking  ] GC(2) Concurrent Clear Claimed Marks
[2025-04-16T10:40:09.137+0000][2156][info ][gc,marking  ] GC(2) Concurrent Clear Claimed Marks 0.073ms
[2025-04-16T10:40:09.137+0000][2156][info ][gc,marking  ] GC(2) Concurrent Cleanup for Next Mark
[2025-04-16T10:40:09.146+0000][2156][info ][gc,marking  ] GC(2) Concurrent Cleanup for Next Mark 8.820ms
[2025-04-16T10:40:09.146+0000][2156][info ][gc          ] GC(2) Concurrent Mark Cycle 18.171ms
[2025-04-16T10:40:11.558+0000][2156][info ][gc,start    ] GC(3) Pause Young (Normal) (G1 Evacuation Pause)
[2025-04-16T10:40:11.558+0000][2156][info ][gc,task     ] GC(3) Using 10 workers of 10 for evacuation
[2025-04-16T10:40:11.558+0000][2156][debug][gc,age      ] GC(3) Desired survivor size 12582912 bytes, new threshold 15 (max threshold 15)
[2025-04-16T10:40:11.564+0000][2156][info ][gc,phases   ] GC(3)   Pre Evacuate Collection Set: 0.18ms
[2025-04-16T10:40:11.564+0000][2156][info ][gc,phases   ] GC(3)   Merge Heap Roots: 0.69ms
[2025-04-16T10:40:11.564+0000][2156][info ][gc,phases   ] GC(3)   Evacuate Collection Set: 2.46ms
[2025-04-16T10:40:11.564+0000][2156][info ][gc,phases   ] GC(3)   Post Evacuate Collection Set: 2.63ms
[2025-04-16T10:40:11.564+0000][2156][info ][gc,phases   ] GC(3)   Other: 0.12ms
[2025-04-16T10:40:11.564+0000][2156][trace][gc,age      ] GC(3) Age table:
[2025-04-16T10:40:11.564+0000][2156][trace][gc,age      ] GC(3) - age   1:    3061712 bytes,    3061712 total
[2025-04-16T10:40:11.564+0000][2156][trace][gc,age      ] GC(3) - age   2:     417864 bytes,    3479576 total
[2025-04-16T10:40:11.564+0000][2156][info ][gc,heap     ] GC(3) Eden regions: 46->0(46)
[2025-04-16T10:40:11.564+0000][2156][info ][gc,heap     ] GC(3) Survivor regions: 1->1(6)
[2025-04-16T10:40:11.564+0000][2156][info ][gc,heap     ] GC(3) Old regions: 4->4
[2025-04-16T10:40:11.564+0000][2156][info ][gc,heap     ] GC(3) Humongous regions: 0->0
[2025-04-16T10:40:11.564+0000][2156][info ][gc,metaspace] GC(3) Metaspace: 24707K(25600K)->24707K(25600K) NonClass: 21955K(22464K)->21955K(22464K) Class: 2751K(3136K)->2751K(3136K)
[2025-04-16T10:40:11.564+0000][2156][info ][gc          ] GC(3) Pause Young (Normal) (G1 Evacuation Pause) 200M->17M(3776M) 6.439ms
[2025-04-16T10:40:11.564+0000][2156][info ][gc,cpu      ] GC(3) User=0.00s Sys=0.00s Real=0.01s
[2025-04-16T10:40:11.564+0000][2156][info ][safepoint   ] Safepoint "G1CollectForAllocation", Time since last: 2420617100 ns, Reaching safepoint: 7600 ns, At safepoint: 6506600 ns, Total: 6514200 ns
[2025-04-16T10:40:14.349+0000][2156][info ][gc,start    ] GC(4) Pause Young (Normal) (G1 Evacuation Pause)
[2025-04-16T10:40:14.349+0000][2156][info ][gc,task     ] GC(4) Using 10 workers of 10 for evacuation
[2025-04-16T10:40:14.349+0000][2156][debug][gc,age      ] GC(4) Desired survivor size 12582912 bytes, new threshold 15 (max threshold 15)
[2025-04-16T10:40:14.354+0000][2156][info ][gc,phases   ] GC(4)   Pre Evacuate Collection Set: 0.21ms
[2025-04-16T10:40:14.354+0000][2156][info ][gc,phases   ] GC(4)   Merge Heap Roots: 0.09ms
[2025-04-16T10:40:14.354+0000][2156][info ][gc,phases   ] GC(4)   Evacuate Collection Set: 3.23ms
[2025-04-16T10:40:14.354+0000][2156][info ][gc,phases   ] GC(4)   Post Evacuate Collection Set: 0.77ms
[2025-04-16T10:40:14.354+0000][2156][info ][gc,phases   ] GC(4)   Other: 0.12ms
[2025-04-16T10:40:14.354+0000][2156][trace][gc,age      ] GC(4) Age table:
[2025-04-16T10:40:14.354+0000][2156][trace][gc,age      ] GC(4) - age   1:    5996576 bytes,    5996576 total
[2025-04-16T10:40:14.354+0000][2156][trace][gc,age      ] GC(4) - age   2:    3032072 bytes,    9028648 total
[2025-04-16T10:40:14.354+0000][2156][trace][gc,age      ] GC(4) - age   3:     416512 bytes,    9445160 total
[2025-04-16T10:40:14.354+0000][2156][info ][gc,heap     ] GC(4) Eden regions: 46->0(44)
[2025-04-16T10:40:14.354+0000][2156][info ][gc,heap     ] GC(4) Survivor regions: 1->3(6)
[2025-04-16T10:40:14.354+0000][2156][info ][gc,heap     ] GC(4) Old regions: 4->4
[2025-04-16T10:40:14.354+0000][2156][info ][gc,heap     ] GC(4) Humongous regions: 0->0
[2025-04-16T10:40:14.354+0000][2156][info ][gc,metaspace] GC(4) Metaspace: 29730K(30656K)->29730K(30656K) NonClass: 26335K(26880K)->26335K(26880K) Class: 3395K(3776K)->3395K(3776K)
[2025-04-16T10:40:14.354+0000][2156][info ][gc          ] GC(4) Pause Young (Normal) (G1 Evacuation Pause) 201M->23M(3776M) 4.725ms
[2025-04-16T10:40:14.354+0000][2156][info ][gc,cpu      ] GC(4) User=0.06s Sys=0.09s Real=0.01s
[2025-04-16T10:40:14.354+0000][2156][info ][safepoint   ] Safepoint "G1CollectForAllocation", Time since last: 2785156800 ns, Reaching safepoint: 4400 ns, At safepoint: 4782700 ns, Total: 4787100 ns
[2025-04-16T10:40:16.206+0000][2156][info ][gc,start    ] GC(5) Pause Young (Normal) (G1 Evacuation Pause)
[2025-04-16T10:40:16.206+0000][2156][info ][gc,task     ] GC(5) Using 10 workers of 10 for evacuation
[2025-04-16T10:40:16.206+0000][2156][debug][gc,age      ] GC(5) Desired survivor size 12582912 bytes, new threshold 15 (max threshold 15)
[2025-04-16T10:40:16.209+0000][2156][info ][gc,phases   ] GC(5)   Pre Evacuate Collection Set: 0.17ms
[2025-04-16T10:40:16.210+0000][2156][info ][gc,phases   ] GC(5)   Merge Heap Roots: 0.06ms
[2025-04-16T10:40:16.210+0000][2156][info ][gc,phases   ] GC(5)   Evacuate Collection Set: 2.89ms
[2025-04-16T10:40:16.210+0000][2156][info ][gc,phases   ] GC(5)   Post Evacuate Collection Set: 0.72ms
[2025-04-16T10:40:16.210+0000][2156][info ][gc,phases   ] GC(5)   Other: 0.11ms
[2025-04-16T10:40:16.210+0000][2156][trace][gc,age      ] GC(5) Age table:
[2025-04-16T10:40:16.210+0000][2156][trace][gc,age      ] GC(5) - age   1:    1729056 bytes,    1729056 total
[2025-04-16T10:40:16.210+0000][2156][trace][gc,age      ] GC(5) - age   2:    4429544 bytes,    6158600 total
[2025-04-16T10:40:16.210+0000][2156][trace][gc,age      ] GC(5) - age   3:    3031944 bytes,    9190544 total
[2025-04-16T10:40:16.210+0000][2156][trace][gc,age      ] GC(5) - age   4:     416512 bytes,    9607056 total
[2025-04-16T10:40:16.210+0000][2156][info ][gc,heap     ] GC(5) Eden regions: 44->0(71)
[2025-04-16T10:40:16.210+0000][2156][info ][gc,heap     ] GC(5) Survivor regions: 3->3(6)
[2025-04-16T10:40:16.210+0000][2156][info ][gc,heap     ] GC(5) Old regions: 4->4
[2025-04-16T10:40:16.210+0000][2156][info ][gc,heap     ] GC(5) Humongous regions: 0->0
[2025-04-16T10:40:16.210+0000][2156][info ][gc,metaspace] GC(5) Metaspace: 30151K(31168K)->30151K(31168K) NonClass: 26715K(27328K)->26715K(27328K) Class: 3435K(3840K)->3435K(3840K)
[2025-04-16T10:40:16.210+0000][2156][info ][gc          ] GC(5) Pause Young (Normal) (G1 Evacuation Pause) 199M->23M(3776M) 4.292ms
[2025-04-16T10:40:16.210+0000][2156][info ][gc,cpu      ] GC(5) User=0.00s Sys=0.00s Real=0.00s
[2025-04-16T10:40:16.210+0000][2156][info ][safepoint   ] Safepoint "G1CollectForAllocation", Time since last: 1851988800 ns, Reaching safepoint: 5400 ns, At safepoint: 4353600 ns, Total: 4359000 ns
[2025-04-16T10:40:19.374+0000][2156][info ][gc,start    ] GC(6) Pause Young (Normal) (G1 Evacuation Pause)
[2025-04-16T10:40:19.374+0000][2156][info ][gc,task     ] GC(6) Using 10 workers of 10 for evacuation
[2025-04-16T10:40:19.374+0000][2156][debug][gc,age      ] GC(6) Desired survivor size 20971520 bytes, new threshold 15 (max threshold 15)
[2025-04-16T10:40:19.380+0000][2156][info ][gc,phases   ] GC(6)   Pre Evacuate Collection Set: 0.15ms
[2025-04-16T10:40:19.380+0000][2156][info ][gc,phases   ] GC(6)   Merge Heap Roots: 0.06ms
[2025-04-16T10:40:19.380+0000][2156][info ][gc,phases   ] GC(6)   Evacuate Collection Set: 5.05ms
[2025-04-16T10:40:19.380+0000][2156][info ][gc,phases   ] GC(6)   Post Evacuate Collection Set: 0.63ms
[2025-04-16T10:40:19.380+0000][2156][info ][gc,phases   ] GC(6)   Other: 0.10ms
[2025-04-16T10:40:19.380+0000][2156][trace][gc,age      ] GC(6) Age table:
[2025-04-16T10:40:19.380+0000][2156][trace][gc,age      ] GC(6) - age   1:    2897016 bytes,    2897016 total
[2025-04-16T10:40:19.380+0000][2156][trace][gc,age      ] GC(6) - age   2:    1414672 bytes,    4311688 total
[2025-04-16T10:40:19.380+0000][2156][trace][gc,age      ] GC(6) - age   3:    4426312 bytes,    8738000 total
[2025-04-16T10:40:19.380+0000][2156][trace][gc,age      ] GC(6) - age   4:    3031440 bytes,   11769440 total
[2025-04-16T10:40:19.380+0000][2156][trace][gc,age      ] GC(6) - age   5:     416512 bytes,   12185952 total
[2025-04-16T10:40:19.380+0000][2156][info ][gc,heap     ] GC(6) Eden regions: 71->0(62)
[2025-04-16T10:40:19.380+0000][2156][info ][gc,heap     ] GC(6) Survivor regions: 3->4(10)
[2025-04-16T10:40:19.380+0000][2156][info ][gc,heap     ] GC(6) Old regions: 4->4
[2025-04-16T10:40:19.380+0000][2156][info ][gc,heap     ] GC(6) Humongous regions: 0->0
[2025-04-16T10:40:19.380+0000][2156][info ][gc,metaspace] GC(6) Metaspace: 30597K(31616K)->30597K(31616K) NonClass: 27095K(27712K)->27095K(27712K) Class: 3501K(3904K)->3501K(3904K)
[2025-04-16T10:40:19.380+0000][2156][info ][gc          ] GC(6) Pause Young (Normal) (G1 Evacuation Pause) 307M->26M(3776M) 6.348ms
[2025-04-16T10:40:19.380+0000][2156][info ][gc,cpu      ] GC(6) User=0.00s Sys=0.00s Real=0.01s
[2025-04-16T10:40:19.380+0000][2156][info ][safepoint   ] Safepoint "G1CollectForAllocation", Time since last: 3163784500 ns, Reaching safepoint: 3800 ns, At safepoint: 6404500 ns, Total: 6408300 ns
[2025-04-16T10:40:22.999+0000][2156][info ][gc,start    ] GC(7) Pause Young (Concurrent Start) (Metadata GC Threshold)
[2025-04-16T10:40:22.999+0000][2156][info ][gc,task     ] GC(7) Using 10 workers of 10 for evacuation
[2025-04-16T10:40:22.999+0000][2156][debug][gc,age      ] GC(7) Desired survivor size 18874368 bytes, new threshold 15 (max threshold 15)
[2025-04-16T10:40:23.004+0000][2156][info ][gc,phases   ] GC(7)   Pre Evacuate Collection Set: 0.17ms
[2025-04-16T10:40:23.004+0000][2156][info ][gc,phases   ] GC(7)   Merge Heap Roots: 0.07ms
[2025-04-16T10:40:23.004+0000][2156][info ][gc,phases   ] GC(7)   Evacuate Collection Set: 4.99ms
[2025-04-16T10:40:23.004+0000][2156][info ][gc,phases   ] GC(7)   Post Evacuate Collection Set: 0.62ms
[2025-04-16T10:40:23.005+0000][2156][info ][gc,phases   ] GC(7)   Other: 0.09ms
[2025-04-16T10:40:23.005+0000][2156][trace][gc,age      ] GC(7) Age table:
[2025-04-16T10:40:23.005+0000][2156][trace][gc,age      ] GC(7) - age   1:    3473696 bytes,    3473696 total
[2025-04-16T10:40:23.005+0000][2156][trace][gc,age      ] GC(7) - age   2:    2636264 bytes,    6109960 total
[2025-04-16T10:40:23.005+0000][2156][trace][gc,age      ] GC(7) - age   3:    1414640 bytes,    7524600 total
[2025-04-16T10:40:23.005+0000][2156][trace][gc,age      ] GC(7) - age   4:    4423384 bytes,   11947984 total
[2025-04-16T10:40:23.005+0000][2156][trace][gc,age      ] GC(7) - age   5:    3029936 bytes,   14977920 total
[2025-04-16T10:40:23.005+0000][2156][trace][gc,age      ] GC(7) - age   6:     416512 bytes,   15394432 total
[2025-04-16T10:40:23.005+0000][2156][info ][gc,heap     ] GC(7) Eden regions: 37->0(86)
[2025-04-16T10:40:23.005+0000][2156][info ][gc,heap     ] GC(7) Survivor regions: 4->5(9)
[2025-04-16T10:40:23.005+0000][2156][info ][gc,heap     ] GC(7) Old regions: 4->4
[2025-04-16T10:40:23.005+0000][2156][info ][gc,heap     ] GC(7) Humongous regions: 0->0
[2025-04-16T10:40:23.005+0000][2156][info ][gc,metaspace] GC(7) Metaspace: 34971K(35968K)->34971K(35968K) NonClass: 31012K(31616K)->31012K(31616K) Class: 3958K(4352K)->3958K(4352K)
[2025-04-16T10:40:23.005+0000][2156][info ][gc          ] GC(7) Pause Young (Concurrent Start) (Metadata GC Threshold) 174M->30M(3776M) 6.246ms
[2025-04-16T10:40:23.005+0000][2156][info ][gc,cpu      ] GC(7) User=0.00s Sys=0.00s Real=0.01s
[2025-04-16T10:40:23.005+0000][2156][info ][gc          ] GC(8) Concurrent Mark Cycle
[2025-04-16T10:40:23.005+0000][2156][info ][gc,marking  ] GC(8) Concurrent Scan Root Regions
[2025-04-16T10:40:23.005+0000][2156][info ][safepoint   ] Safepoint "CollectForMetadataAllocation", Time since last: 3618419100 ns, Reaching safepoint: 3700 ns, At safepoint: 6347600 ns, Total: 6351300 ns
[2025-04-16T10:40:23.007+0000][2156][info ][gc,marking  ] GC(8) Concurrent Scan Root Regions 2.799ms
[2025-04-16T10:40:23.008+0000][2156][info ][gc,marking  ] GC(8) Concurrent Mark
[2025-04-16T10:40:23.008+0000][2156][info ][gc,marking  ] GC(8) Concurrent Mark From Roots
[2025-04-16T10:40:23.008+0000][2156][info ][gc,task     ] GC(8) Using 3 workers of 3 for marking
[2025-04-16T10:40:23.015+0000][2156][info ][gc,marking  ] GC(8) Concurrent Mark From Roots 7.463ms
[2025-04-16T10:40:23.015+0000][2156][info ][gc,marking  ] GC(8) Concurrent Preclean
[2025-04-16T10:40:23.015+0000][2156][info ][gc,marking  ] GC(8) Concurrent Preclean 0.088ms
[2025-04-16T10:40:23.015+0000][2156][info ][gc,start    ] GC(8) Pause Remark
[2025-04-16T10:40:23.019+0000][2156][info ][gc          ] GC(8) Pause Remark 32M->32M(3776M) 3.422ms
[2025-04-16T10:40:23.019+0000][2156][info ][gc,cpu      ] GC(8) User=0.00s Sys=0.00s Real=0.00s
[2025-04-16T10:40:23.019+0000][2156][info ][safepoint   ] Safepoint "G1PauseRemark", Time since last: 10490500 ns, Reaching safepoint: 14500 ns, At safepoint: 3525500 ns, Total: 3540000 ns
[2025-04-16T10:40:23.019+0000][2156][info ][gc,marking  ] GC(8) Concurrent Mark 11.223ms
[2025-04-16T10:40:23.019+0000][2156][info ][gc,marking  ] GC(8) Concurrent Rebuild Remembered Sets and Scrub Regions
[2025-04-16T10:40:23.021+0000][2156][info ][gc,marking  ] GC(8) Concurrent Rebuild Remembered Sets and Scrub Regions 2.295ms
[2025-04-16T10:40:23.021+0000][2156][info ][gc,start    ] GC(8) Pause Cleanup
[2025-04-16T10:40:23.021+0000][2156][info ][gc          ] GC(8) Pause Cleanup 32M->32M(3776M) 0.073ms
[2025-04-16T10:40:23.021+0000][2156][info ][gc,cpu      ] GC(8) User=0.00s Sys=0.00s Real=0.00s
[2025-04-16T10:40:23.021+0000][2156][info ][safepoint   ] Safepoint "G1PauseCleanup", Time since last: 2433100 ns, Reaching safepoint: 34300 ns, At safepoint: 110900 ns, Total: 145200 ns
[2025-04-16T10:40:23.021+0000][2156][info ][gc,marking  ] GC(8) Concurrent Clear Claimed Marks
[2025-04-16T10:40:23.021+0000][2156][info ][gc,marking  ] GC(8) Concurrent Clear Claimed Marks 0.071ms
[2025-04-16T10:40:23.021+0000][2156][info ][gc,marking  ] GC(8) Concurrent Cleanup for Next Mark
[2025-04-16T10:40:23.030+0000][2156][info ][gc,marking  ] GC(8) Concurrent Cleanup for Next Mark 8.272ms
[2025-04-16T10:40:23.030+0000][2156][info ][gc          ] GC(8) Concurrent Mark Cycle 25.158ms
[2025-04-16T10:40:27.566+0000][2156][info ][gc,start    ] GC(9) Pause Young (Normal) (G1 Evacuation Pause)
[2025-04-16T10:40:27.566+0000][2156][info ][gc,task     ] GC(9) Using 10 workers of 10 for evacuation
[2025-04-16T10:40:27.566+0000][2156][debug][gc,age      ] GC(9) Desired survivor size 25165824 bytes, new threshold 15 (max threshold 15)
[2025-04-16T10:40:27.576+0000][2156][info ][gc,phases   ] GC(9)   Pre Evacuate Collection Set: 0.18ms
[2025-04-16T10:40:27.576+0000][2156][info ][gc,phases   ] GC(9)   Merge Heap Roots: 0.09ms
[2025-04-16T10:40:27.576+0000][2156][info ][gc,phases   ] GC(9)   Evacuate Collection Set: 9.03ms
[2025-04-16T10:40:27.576+0000][2156][info ][gc,phases   ] GC(9)   Post Evacuate Collection Set: 0.81ms
[2025-04-16T10:40:27.576+0000][2156][info ][gc,phases   ] GC(9)   Other: 0.10ms
[2025-04-16T10:40:27.576+0000][2156][trace][gc,age      ] GC(9) Age table:
[2025-04-16T10:40:27.576+0000][2156][trace][gc,age      ] GC(9) - age   1:    6861536 bytes,    6861536 total
[2025-04-16T10:40:27.576+0000][2156][trace][gc,age      ] GC(9) - age   2:    3442096 bytes,   10303632 total
[2025-04-16T10:40:27.576+0000][2156][trace][gc,age      ] GC(9) - age   3:    2635920 bytes,   12939552 total
[2025-04-16T10:40:27.576+0000][2156][trace][gc,age      ] GC(9) - age   4:    1413072 bytes,   14352624 total
[2025-04-16T10:40:27.576+0000][2156][trace][gc,age      ] GC(9) - age   5:    4419280 bytes,   18771904 total
[2025-04-16T10:40:27.576+0000][2156][trace][gc,age      ] GC(9) - age   6:    3028432 bytes,   21800336 total
[2025-04-16T10:40:27.576+0000][2156][trace][gc,age      ] GC(9) - age   7:     410576 bytes,   22210912 total
[2025-04-16T10:40:27.576+0000][2156][info ][gc,heap     ] GC(9) Eden regions: 86->0(91)
[2025-04-16T10:40:27.576+0000][2156][info ][gc,heap     ] GC(9) Survivor regions: 5->6(12)
[2025-04-16T10:40:27.576+0000][2156][info ][gc,heap     ] GC(9) Old regions: 4->4
[2025-04-16T10:40:27.576+0000][2156][info ][gc,heap     ] GC(9) Humongous regions: 0->0
[2025-04-16T10:40:27.576+0000][2156][info ][gc,metaspace] GC(9) Metaspace: 38391K(39488K)->38391K(39488K) NonClass: 33954K(34624K)->33954K(34624K) Class: 4437K(4864K)->4437K(4864K)
[2025-04-16T10:40:27.576+0000][2156][info ][gc          ] GC(9) Pause Young (Normal) (G1 Evacuation Pause) 374M->37M(3776M) 10.488ms
[2025-04-16T10:40:27.576+0000][2156][info ][gc,cpu      ] GC(9) User=0.03s Sys=0.14s Real=0.01s
[2025-04-16T10:40:27.576+0000][2156][info ][safepoint   ] Safepoint "G1CollectForAllocation", Time since last: 4544327500 ns, Reaching safepoint: 4900 ns, At safepoint: 10541100 ns, Total: 10546000 ns
[2025-04-16T10:40:33.553+0000][2156][info ][gc,start    ] GC(10) Pause Young (Normal) (G1 Evacuation Pause)
[2025-04-16T10:40:33.553+0000][2156][info ][gc,task     ] GC(10) Using 10 workers of 10 for evacuation
[2025-04-16T10:40:33.553+0000][2156][debug][gc,age      ] GC(10) Desired survivor size 27262976 bytes, new threshold 15 (max threshold 15)
[2025-04-16T10:40:33.565+0000][2156][info ][gc,phases   ] GC(10)   Pre Evacuate Collection Set: 0.14ms
[2025-04-16T10:40:33.565+0000][2156][info ][gc,phases   ] GC(10)   Merge Heap Roots: 0.07ms
[2025-04-16T10:40:33.565+0000][2156][info ][gc,phases   ] GC(10)   Evacuate Collection Set: 10.37ms
[2025-04-16T10:40:33.565+0000][2156][info ][gc,phases   ] GC(10)   Post Evacuate Collection Set: 0.86ms
[2025-04-16T10:40:33.565+0000][2156][info ][gc,phases   ] GC(10)   Other: 0.10ms
[2025-04-16T10:40:33.565+0000][2156][trace][gc,age      ] GC(10) Age table:
[2025-04-16T10:40:33.565+0000][2156][trace][gc,age      ] GC(10) - age   1:    5331200 bytes,    5331200 total
[2025-04-16T10:40:33.565+0000][2156][trace][gc,age      ] GC(10) - age   2:    6101192 bytes,   11432392 total
[2025-04-16T10:40:33.565+0000][2156][trace][gc,age      ] GC(10) - age   3:    3442000 bytes,   14874392 total
[2025-04-16T10:40:33.565+0000][2156][trace][gc,age      ] GC(10) - age   4:    2633184 bytes,   17507576 total
[2025-04-16T10:40:33.565+0000][2156][trace][gc,age      ] GC(10) - age   5:    1412976 bytes,   18920552 total
[2025-04-16T10:40:33.565+0000][2156][trace][gc,age      ] GC(10) - age   6:    4417776 bytes,   23338328 total
[2025-04-16T10:40:33.565+0000][2156][trace][gc,age      ] GC(10) - age   7:    3026704 bytes,   26365032 total
[2025-04-16T10:40:33.565+0000][2156][trace][gc,age      ] GC(10) - age   8:     391968 bytes,   26757000 total
[2025-04-16T10:40:33.565+0000][2156][info ][gc,heap     ] GC(10) Eden regions: 91->0(107)
[2025-04-16T10:40:33.565+0000][2156][info ][gc,heap     ] GC(10) Survivor regions: 6->8(13)
[2025-04-16T10:40:33.565+0000][2156][info ][gc,heap     ] GC(10) Old regions: 4->4
[2025-04-16T10:40:33.565+0000][2156][info ][gc,heap     ] GC(10) Humongous regions: 0->0
[2025-04-16T10:40:33.565+0000][2156][info ][gc,metaspace] GC(10) Metaspace: 39223K(40384K)->39223K(40384K) NonClass: 34672K(35392K)->34672K(35392K) Class: 4550K(4992K)->4550K(4992K)
[2025-04-16T10:40:33.565+0000][2156][info ][gc          ] GC(10) Pause Young (Normal) (G1 Evacuation Pause) 401M->42M(3776M) 11.897ms
[2025-04-16T10:40:33.565+0000][2156][info ][gc,cpu      ] GC(10) User=0.02s Sys=0.00s Real=0.01s
[2025-04-16T10:40:33.565+0000][2156][info ][safepoint   ] Safepoint "G1CollectForAllocation", Time since last: 5976676200 ns, Reaching safepoint: 5000 ns, At safepoint: 11959700 ns, Total: 11964700 ns
[2025-04-16T10:40:39.017+0000][2156][info ][gc,start    ] GC(11) Pause Young (Normal) (G1 Evacuation Pause)
[2025-04-16T10:40:39.019+0000][2156][info ][gc,task     ] GC(11) Using 10 workers of 10 for evacuation
[2025-04-16T10:40:39.019+0000][2156][debug][gc,age      ] GC(11) Desired survivor size 31457280 bytes, new threshold 15 (max threshold 15)
[2025-04-16T10:40:39.044+0000][2156][info ][gc,phases   ] GC(11)   Pre Evacuate Collection Set: 0.22ms
[2025-04-16T10:40:39.044+0000][2156][info ][gc,phases   ] GC(11)   Merge Heap Roots: 0.09ms
[2025-04-16T10:40:39.044+0000][2156][info ][gc,phases   ] GC(11)   Evacuate Collection Set: 24.75ms
[2025-04-16T10:40:39.044+0000][2156][info ][gc,phases   ] GC(11)   Post Evacuate Collection Set: 0.95ms
[2025-04-16T10:40:39.044+0000][2156][info ][gc,phases   ] GC(11)   Other: 0.15ms
[2025-04-16T10:40:39.044+0000][2156][trace][gc,age      ] GC(11) Age table:
[2025-04-16T10:40:39.044+0000][2156][trace][gc,age      ] GC(11) - age   1:    6820712 bytes,    6820712 total
[2025-04-16T10:40:39.044+0000][2156][trace][gc,age      ] GC(11) - age   2:    4519264 bytes,   11339976 total
[2025-04-16T10:40:39.044+0000][2156][trace][gc,age      ] GC(11) - age   3:    6056936 bytes,   17396912 total
[2025-04-16T10:40:39.044+0000][2156][trace][gc,age      ] GC(11) - age   4:    3426248 bytes,   20823160 total
[2025-04-16T10:40:39.044+0000][2156][trace][gc,age      ] GC(11) - age   5:    2621040 bytes,   23444200 total
[2025-04-16T10:40:39.044+0000][2156][trace][gc,age      ] GC(11) - age   6:    1405144 bytes,   24849344 total
[2025-04-16T10:40:39.044+0000][2156][trace][gc,age      ] GC(11) - age   7:    4404784 bytes,   29254128 total
[2025-04-16T10:40:39.044+0000][2156][trace][gc,age      ] GC(11) - age   8:    2842944 bytes,   32097072 total
[2025-04-16T10:40:39.044+0000][2156][trace][gc,age      ] GC(11) - age   9:     391552 bytes,   32488624 total
[2025-04-16T10:40:39.044+0000][2156][info ][gc,heap     ] GC(11) Eden regions: 107->0(118)
[2025-04-16T10:40:39.044+0000][2156][info ][gc,heap     ] GC(11) Survivor regions: 8->9(15)
[2025-04-16T10:40:39.044+0000][2156][info ][gc,heap     ] GC(11) Old regions: 4->4
[2025-04-16T10:40:39.044+0000][2156][info ][gc,heap     ] GC(11) Humongous regions: 0->0
[2025-04-16T10:40:39.044+0000][2156][info ][gc,metaspace] GC(11) Metaspace: 45728K(47168K)->45728K(47168K) NonClass: 40225K(41088K)->40225K(41088K) Class: 5502K(6080K)->5502K(6080K)
[2025-04-16T10:40:39.044+0000][2156][info ][gc          ] GC(11) Pause Young (Normal) (G1 Evacuation Pause) 470M->47M(3776M) 26.550ms
[2025-04-16T10:40:39.044+0000][2156][info ][gc,cpu      ] GC(11) User=0.16s Sys=0.16s Real=0.03s
[2025-04-16T10:40:39.044+0000][2156][info ][safepoint   ] Safepoint "G1CollectForAllocation", Time since last: 5452781600 ns, Reaching safepoint: 10600 ns, At safepoint: 26623400 ns, Total: 26634000 ns
[2025-04-16T10:40:40.184+0000][2156][info ][gc,start    ] GC(12) Pause Young (Concurrent Start) (Metadata GC Threshold)
[2025-04-16T10:40:40.184+0000][2156][info ][gc,task     ] GC(12) Using 10 workers of 10 for evacuation
[2025-04-16T10:40:40.184+0000][2156][debug][gc,age      ] GC(12) Desired survivor size 33554432 bytes, new threshold 15 (max threshold 15)
[2025-04-16T10:40:40.195+0000][2156][info ][gc,phases   ] GC(12)   Pre Evacuate Collection Set: 0.19ms
[2025-04-16T10:40:40.195+0000][2156][info ][gc,phases   ] GC(12)   Merge Heap Roots: 0.08ms
[2025-04-16T10:40:40.195+0000][2156][info ][gc,phases   ] GC(12)   Evacuate Collection Set: 10.11ms
[2025-04-16T10:40:40.195+0000][2156][info ][gc,phases   ] GC(12)   Post Evacuate Collection Set: 1.06ms
[2025-04-16T10:40:40.195+0000][2156][info ][gc,phases   ] GC(12)   Other: 0.12ms
[2025-04-16T10:40:40.195+0000][2156][trace][gc,age      ] GC(12) Age table:
[2025-04-16T10:40:40.195+0000][2156][trace][gc,age      ] GC(12) - age   1:    3032560 bytes,    3032560 total
[2025-04-16T10:40:40.195+0000][2156][trace][gc,age      ] GC(12) - age   2:    6644904 bytes,    9677464 total
[2025-04-16T10:40:40.195+0000][2156][trace][gc,age      ] GC(12) - age   3:    4513784 bytes,   14191248 total
[2025-04-16T10:40:40.195+0000][2156][trace][gc,age      ] GC(12) - age   4:    6054368 bytes,   20245616 total
[2025-04-16T10:40:40.195+0000][2156][trace][gc,age      ] GC(12) - age   5:    3426216 bytes,   23671832 total
[2025-04-16T10:40:40.195+0000][2156][trace][gc,age      ] GC(12) - age   6:    2620520 bytes,   26292352 total
[2025-04-16T10:40:40.195+0000][2156][trace][gc,age      ] GC(12) - age   7:    1404400 bytes,   27696752 total
[2025-04-16T10:40:40.195+0000][2156][trace][gc,age      ] GC(12) - age   8:    4402960 bytes,   32099712 total
[2025-04-16T10:40:40.195+0000][2156][trace][gc,age      ] GC(12) - age   9:    2842704 bytes,   34942416 total
[2025-04-16T10:40:40.195+0000][2156][trace][gc,age      ] GC(12) - age  10:     391376 bytes,   35333792 total
[2025-04-16T10:40:40.195+0000][2156][info ][gc,heap     ] GC(12) Eden regions: 49->0(164)
[2025-04-16T10:40:40.195+0000][2156][info ][gc,heap     ] GC(12) Survivor regions: 9->10(16)
[2025-04-16T10:40:40.196+0000][2156][info ][gc,heap     ] GC(12) Old regions: 4->4
[2025-04-16T10:40:40.196+0000][2156][info ][gc,heap     ] GC(12) Humongous regions: 0->0
[2025-04-16T10:40:40.196+0000][2156][info ][gc,metaspace] GC(12) Metaspace: 58882K(60416K)->58882K(60416K) NonClass: 51610K(52544K)->51610K(52544K) Class: 7272K(7872K)->7272K(7872K)
[2025-04-16T10:40:40.196+0000][2156][info ][gc          ] GC(12) Pause Young (Concurrent Start) (Metadata GC Threshold) 243M->51M(3776M) 11.923ms
[2025-04-16T10:40:40.196+0000][2156][info ][gc,cpu      ] GC(12) User=0.03s Sys=0.00s Real=0.01s
[2025-04-16T10:40:40.196+0000][2156][info ][gc          ] GC(13) Concurrent Mark Cycle
[2025-04-16T10:40:40.196+0000][2156][info ][safepoint   ] Safepoint "CollectForMetadataAllocation", Time since last: 1139265800 ns, Reaching safepoint: 3300 ns, At safepoint: 12015800 ns, Total: 12019100 ns
[2025-04-16T10:40:40.196+0000][2156][info ][gc,marking  ] GC(13) Concurrent Scan Root Regions
[2025-04-16T10:40:40.200+0000][2156][info ][gc,marking  ] GC(13) Concurrent Scan Root Regions 4.390ms
[2025-04-16T10:40:40.200+0000][2156][info ][gc,marking  ] GC(13) Concurrent Mark
[2025-04-16T10:40:40.200+0000][2156][info ][gc,marking  ] GC(13) Concurrent Mark From Roots
[2025-04-16T10:40:40.200+0000][2156][info ][gc,task     ] GC(13) Using 3 workers of 3 for marking
[2025-04-16T10:40:40.206+0000][2156][info ][gc,marking  ] GC(13) Concurrent Mark From Roots 6.544ms
[2025-04-16T10:40:40.206+0000][2156][info ][gc,marking  ] GC(13) Concurrent Preclean
[2025-04-16T10:40:40.207+0000][2156][info ][gc,marking  ] GC(13) Concurrent Preclean 0.088ms
[2025-04-16T10:40:40.207+0000][2156][info ][gc,start    ] GC(13) Pause Remark
[2025-04-16T10:40:40.209+0000][2156][info ][gc          ] GC(13) Pause Remark 55M->55M(3776M) 3.101ms
[2025-04-16T10:40:40.209+0000][2156][info ][gc,cpu      ] GC(13) User=0.00s Sys=0.02s Real=0.00s
[2025-04-16T10:40:40.209+0000][2156][info ][safepoint   ] Safepoint "G1PauseRemark", Time since last: 11211300 ns, Reaching safepoint: 64900 ns, At safepoint: 3192900 ns, Total: 3257800 ns
[2025-04-16T10:40:40.209+0000][2156][info ][gc,marking  ] GC(13) Concurrent Mark 10.060ms
[2025-04-16T10:40:40.209+0000][2156][info ][gc,marking  ] GC(13) Concurrent Rebuild Remembered Sets and Scrub Regions
[2025-04-16T10:40:40.213+0000][2156][info ][gc,marking  ] GC(13) Concurrent Rebuild Remembered Sets and Scrub Regions 2.305ms
[2025-04-16T10:40:40.213+0000][2156][info ][gc,start    ] GC(13) Pause Cleanup
[2025-04-16T10:40:40.213+0000][2156][info ][gc          ] GC(13) Pause Cleanup 55M->55M(3776M) 0.061ms
[2025-04-16T10:40:40.213+0000][2156][info ][gc,cpu      ] GC(13) User=0.00s Sys=0.00s Real=0.00s
[2025-04-16T10:40:40.213+0000][2156][info ][safepoint   ] Safepoint "G1PauseCleanup", Time since last: 2494400 ns, Reaching safepoint: 3900 ns, At safepoint: 100500 ns, Total: 104400 ns
[2025-04-16T10:40:40.213+0000][2156][info ][gc,marking  ] GC(13) Concurrent Clear Claimed Marks
[2025-04-16T10:40:40.213+0000][2156][info ][gc,marking  ] GC(13) Concurrent Clear Claimed Marks 0.097ms
[2025-04-16T10:40:40.213+0000][2156][info ][gc,marking  ] GC(13) Concurrent Cleanup for Next Mark
[2025-04-16T10:40:40.220+0000][2156][info ][gc,marking  ] GC(13) Concurrent Cleanup for Next Mark 7.490ms
[2025-04-16T10:40:40.221+0000][2156][info ][gc          ] GC(13) Concurrent Mark Cycle 24.900ms
[2025-04-16T10:40:44.029+0000][2156][info ][gc,start    ] GC(14) Pause Young (Normal) (G1 Evacuation Pause)
[2025-04-16T10:40:44.030+0000][2156][info ][gc,task     ] GC(14) Using 10 workers of 10 for evacuation
[2025-04-16T10:40:44.030+0000][2156][debug][gc,age      ] GC(14) Desired survivor size 46137344 bytes, new threshold 15 (max threshold 15)
[2025-04-16T10:40:44.049+0000][2156][info ][gc,phases   ] GC(14)   Pre Evacuate Collection Set: 0.15ms
[2025-04-16T10:40:44.049+0000][2156][info ][gc,phases   ] GC(14)   Merge Heap Roots: 0.08ms
[2025-04-16T10:40:44.049+0000][2156][info ][gc,phases   ] GC(14)   Evacuate Collection Set: 17.31ms
[2025-04-16T10:40:44.049+0000][2156][info ][gc,phases   ] GC(14)   Post Evacuate Collection Set: 2.03ms
[2025-04-16T10:40:44.049+0000][2156][info ][gc,phases   ] GC(14)   Other: 0.19ms
[2025-04-16T10:40:44.049+0000][2156][trace][gc,age      ] GC(14) Age table:
[2025-04-16T10:40:44.049+0000][2156][trace][gc,age      ] GC(14) - age   1:   11745936 bytes,   11745936 total
[2025-04-16T10:40:44.049+0000][2156][trace][gc,age      ] GC(14) - age   2:    2789080 bytes,   14535016 total
[2025-04-16T10:40:44.049+0000][2156][trace][gc,age      ] GC(14) - age   3:    6458584 bytes,   20993600 total
[2025-04-16T10:40:44.049+0000][2156][trace][gc,age      ] GC(14) - age   4:    4472840 bytes,   25466440 total
[2025-04-16T10:40:44.049+0000][2156][trace][gc,age      ] GC(14) - age   5:    6043552 bytes,   31509992 total
[2025-04-16T10:40:44.049+0000][2156][trace][gc,age      ] GC(14) - age   6:    3421576 bytes,   34931568 total
[2025-04-16T10:40:44.049+0000][2156][trace][gc,age      ] GC(14) - age   7:    2612536 bytes,   37544104 total
[2025-04-16T10:40:44.049+0000][2156][trace][gc,age      ] GC(14) - age   8:    1399176 bytes,   38943280 total
[2025-04-16T10:40:44.049+0000][2156][trace][gc,age      ] GC(14) - age   9:    4376560 bytes,   43319840 total
[2025-04-16T10:40:44.049+0000][2156][trace][gc,age      ] GC(14) - age  10:    2835896 bytes,   46155736 total
[2025-04-16T10:40:44.049+0000][2156][trace][gc,age      ] GC(14) - age  11:     386064 bytes,   46541800 total
[2025-04-16T10:40:44.049+0000][2156][info ][gc,heap     ] GC(14) Eden regions: 164->0(156)
[2025-04-16T10:40:44.049+0000][2156][info ][gc,heap     ] GC(14) Survivor regions: 10->12(22)
[2025-04-16T10:40:44.049+0000][2156][info ][gc,heap     ] GC(14) Old regions: 4->4
[2025-04-16T10:40:44.049+0000][2156][info ][gc,heap     ] GC(14) Humongous regions: 0->0
[2025-04-16T10:40:44.049+0000][2156][info ][gc,metaspace] GC(14) Metaspace: 77754K(79744K)->77754K(79744K) NonClass: 67289K(68480K)->67289K(68480K) Class: 10465K(11264K)->10465K(11264K)
[2025-04-16T10:40:44.049+0000][2156][info ][gc          ] GC(14) Pause Young (Normal) (G1 Evacuation Pause) 707M->61M(3776M) 20.159ms
[2025-04-16T10:40:44.049+0000][2156][info ][gc,cpu      ] GC(14) User=0.11s Sys=0.06s Real=0.02s
[2025-04-16T10:40:44.049+0000][2156][info ][safepoint   ] Safepoint "G1CollectForAllocation", Time since last: 3816584200 ns, Reaching safepoint: 6300 ns, At safepoint: 20239300 ns, Total: 20245600 ns
[2025-04-16T10:40:47.278+0000][2156][info ][gc,start    ] GC(15) Pause Young (Concurrent Start) (Metadata GC Threshold)
[2025-04-16T10:40:47.279+0000][2156][info ][gc,task     ] GC(15) Using 10 workers of 10 for evacuation
[2025-04-16T10:40:47.279+0000][2156][debug][gc,age      ] GC(15) Desired survivor size 44040192 bytes, new threshold 10 (max threshold 15)
[2025-04-16T10:40:47.302+0000][2156][info ][gc,phases   ] GC(15)   Pre Evacuate Collection Set: 0.19ms
[2025-04-16T10:40:47.303+0000][2156][info ][gc,phases   ] GC(15)   Merge Heap Roots: 0.07ms
[2025-04-16T10:40:47.303+0000][2156][info ][gc,phases   ] GC(15)   Evacuate Collection Set: 21.44ms
[2025-04-16T10:40:47.303+0000][2156][info ][gc,phases   ] GC(15)   Post Evacuate Collection Set: 2.61ms
[2025-04-16T10:40:47.303+0000][2156][info ][gc,phases   ] GC(15)   Other: 0.12ms
[2025-04-16T10:40:47.303+0000][2156][trace][gc,age      ] GC(15) Age table:
[2025-04-16T10:40:47.303+0000][2156][trace][gc,age      ] GC(15) - age   1:   10020472 bytes,   10020472 total
[2025-04-16T10:40:47.303+0000][2156][trace][gc,age      ] GC(15) - age   2:   11228312 bytes,   21248784 total
[2025-04-16T10:40:47.303+0000][2156][trace][gc,age      ] GC(15) - age   3:    2764976 bytes,   24013760 total
[2025-04-16T10:40:47.303+0000][2156][trace][gc,age      ] GC(15) - age   4:    6338376 bytes,   30352136 total
[2025-04-16T10:40:47.303+0000][2156][trace][gc,age      ] GC(15) - age   5:    4464392 bytes,   34816528 total
[2025-04-16T10:40:47.303+0000][2156][trace][gc,age      ] GC(15) - age   6:    6025456 bytes,   40841984 total
[2025-04-16T10:40:47.303+0000][2156][trace][gc,age      ] GC(15) - age   7:    3410848 bytes,   44252832 total
[2025-04-16T10:40:47.303+0000][2156][trace][gc,age      ] GC(15) - age   8:    2608656 bytes,   46861488 total
[2025-04-16T10:40:47.303+0000][2156][trace][gc,age      ] GC(15) - age   9:    1396720 bytes,   48258208 total
[2025-04-16T10:40:47.303+0000][2156][trace][gc,age      ] GC(15) - age  10:    4369608 bytes,   52627816 total
[2025-04-16T10:40:47.303+0000][2156][info ][gc,heap     ] GC(15) Eden regions: 86->0(212)
[2025-04-16T10:40:47.303+0000][2156][info ][gc,heap     ] GC(15) Survivor regions: 12->14(21)
[2025-04-16T10:40:47.303+0000][2156][info ][gc,heap     ] GC(15) Old regions: 4->5
[2025-04-16T10:40:47.303+0000][2156][info ][gc,heap     ] GC(15) Humongous regions: 0->0
[2025-04-16T10:40:47.303+0000][2156][info ][gc,metaspace] GC(15) Metaspace: 98994K(101056K)->98994K(101056K) NonClass: 85475K(86656K)->85475K(86656K) Class: 13518K(14400K)->13518K(14400K)
[2025-04-16T10:40:47.303+0000][2156][info ][gc          ] GC(15) Pause Young (Concurrent Start) (Metadata GC Threshold) 403M->72M(3776M) 24.930ms
[2025-04-16T10:40:47.303+0000][2156][info ][gc          ] GC(16) Concurrent Mark Cycle
[2025-04-16T10:40:47.303+0000][2156][info ][gc,cpu      ] GC(15) User=0.08s Sys=0.06s Real=0.02s
[2025-04-16T10:40:47.303+0000][2156][info ][gc,marking  ] GC(16) Concurrent Scan Root Regions
[2025-04-16T10:40:47.303+0000][2156][info ][safepoint   ] Safepoint "CollectForMetadataAllocation", Time since last: 3228451800 ns, Reaching safepoint: 6500 ns, At safepoint: 25099900 ns, Total: 25106400 ns
[2025-04-16T10:40:47.314+0000][2156][info ][gc,marking  ] GC(16) Concurrent Scan Root Regions 10.971ms
[2025-04-16T10:40:47.314+0000][2156][info ][gc,marking  ] GC(16) Concurrent Mark
[2025-04-16T10:40:47.314+0000][2156][info ][gc,marking  ] GC(16) Concurrent Mark From Roots
[2025-04-16T10:40:47.314+0000][2156][info ][gc,task     ] GC(16) Using 3 workers of 3 for marking
[2025-04-16T10:40:47.323+0000][2156][info ][gc,marking  ] GC(16) Concurrent Mark From Roots 8.334ms
[2025-04-16T10:40:47.323+0000][2156][info ][gc,marking  ] GC(16) Concurrent Preclean
[2025-04-16T10:40:47.323+0000][2156][info ][gc,marking  ] GC(16) Concurrent Preclean 0.083ms
[2025-04-16T10:40:47.323+0000][2156][info ][gc,start    ] GC(16) Pause Remark
[2025-04-16T10:40:47.327+0000][2156][info ][gc          ] GC(16) Pause Remark 76M->76M(3776M) 4.516ms
[2025-04-16T10:40:47.327+0000][2156][info ][gc,cpu      ] GC(16) User=0.00s Sys=0.00s Real=0.00s
[2025-04-16T10:40:47.327+0000][2156][info ][safepoint   ] Safepoint "G1PauseRemark", Time since last: 19492600 ns, Reaching safepoint: 7100 ns, At safepoint: 4621100 ns, Total: 4628200 ns
[2025-04-16T10:40:47.327+0000][2156][info ][gc,marking  ] GC(16) Concurrent Mark 13.188ms
[2025-04-16T10:40:47.327+0000][2156][info ][gc,marking  ] GC(16) Concurrent Rebuild Remembered Sets and Scrub Regions
[2025-04-16T10:40:47.330+0000][2156][info ][gc,marking  ] GC(16) Concurrent Rebuild Remembered Sets and Scrub Regions 3.248ms
[2025-04-16T10:40:47.330+0000][2156][info ][gc,start    ] GC(16) Pause Cleanup
[2025-04-16T10:40:47.331+0000][2156][info ][gc          ] GC(16) Pause Cleanup 76M->76M(3776M) 0.071ms
[2025-04-16T10:40:47.331+0000][2156][info ][gc,cpu      ] GC(16) User=0.00s Sys=0.00s Real=0.00s
[2025-04-16T10:40:47.331+0000][2156][info ][safepoint   ] Safepoint "G1PauseCleanup", Time since last: 3397500 ns, Reaching safepoint: 16600 ns, At safepoint: 114200 ns, Total: 130800 ns
[2025-04-16T10:40:47.331+0000][2156][info ][gc,marking  ] GC(16) Concurrent Clear Claimed Marks
[2025-04-16T10:40:47.331+0000][2156][info ][gc,marking  ] GC(16) Concurrent Clear Claimed Marks 0.103ms
[2025-04-16T10:40:47.331+0000][2156][info ][gc,marking  ] GC(16) Concurrent Cleanup for Next Mark
[2025-04-16T10:40:47.341+0000][2156][info ][gc,marking  ] GC(16) Concurrent Cleanup for Next Mark 9.226ms
[2025-04-16T10:40:47.341+0000][2156][info ][gc          ] GC(16) Concurrent Mark Cycle 37.241ms
[2025-04-16T10:57:12.680+0000][2156][info ][gc,start    ] GC(17) Pause Young (Normal) (G1 Evacuation Pause)
[2025-04-16T10:57:12.689+0000][2156][info ][gc,task     ] GC(17) Using 10 workers of 10 for evacuation
[2025-04-16T10:57:12.690+0000][2156][debug][gc,age      ] GC(17) Desired survivor size 60817408 bytes, new threshold 15 (max threshold 15)
[2025-04-16T10:57:12.993+0000][2156][info ][gc,mmu      ] GC(17) MMU target violated: 201.0ms (200.0ms/201.0ms)
[2025-04-16T10:57:12.993+0000][2156][info ][gc,phases   ] GC(17)   Pre Evacuate Collection Set: 11.54ms
[2025-04-16T10:57:12.993+0000][2156][info ][gc,phases   ] GC(17)   Merge Heap Roots: 1.64ms
[2025-04-16T10:57:12.993+0000][2156][info ][gc,phases   ] GC(17)   Evacuate Collection Set: 281.78ms
[2025-04-16T10:57:12.993+0000][2156][info ][gc,phases   ] GC(17)   Post Evacuate Collection Set: 6.22ms
[2025-04-16T10:57:12.993+0000][2156][info ][gc,phases   ] GC(17)   Other: 7.01ms
[2025-04-16T10:57:12.993+0000][2156][trace][gc,age      ] GC(17) Age table:
[2025-04-16T10:57:12.993+0000][2156][trace][gc,age      ] GC(17) - age   1:   22412856 bytes,   22412856 total
[2025-04-16T10:57:12.993+0000][2156][trace][gc,age      ] GC(17) - age   2:    9610576 bytes,   32023432 total
[2025-04-16T10:57:12.993+0000][2156][trace][gc,age      ] GC(17) - age   3:   11132576 bytes,   43156008 total
[2025-04-16T10:57:12.993+0000][2156][trace][gc,age      ] GC(17) - age   4:    2752664 bytes,   45908672 total
[2025-04-16T10:57:12.993+0000][2156][trace][gc,age      ] GC(17) - age   5:    6321168 bytes,   52229840 total
[2025-04-16T10:57:12.993+0000][2156][trace][gc,age      ] GC(17) - age   6:    4460424 bytes,   56690264 total
[2025-04-16T10:57:12.993+0000][2156][trace][gc,age      ] GC(17) - age   7:    6018536 bytes,   62708800 total
[2025-04-16T10:57:12.993+0000][2156][trace][gc,age      ] GC(17) - age   8:    3408552 bytes,   66117352 total
[2025-04-16T10:57:12.993+0000][2156][trace][gc,age      ] GC(17) - age   9:    2603728 bytes,   68721080 total
[2025-04-16T10:57:12.993+0000][2156][trace][gc,age      ] GC(17) - age  10:    1394088 bytes,   70115168 total
[2025-04-16T10:57:12.993+0000][2156][trace][gc,age      ] GC(17) - age  11:    4364848 bytes,   74480016 total
[2025-04-16T10:57:12.994+0000][2156][info ][gc,heap     ] GC(17) Eden regions: 212->0(73)
[2025-04-16T10:57:12.994+0000][2156][info ][gc,heap     ] GC(17) Survivor regions: 14->20(29)
[2025-04-16T10:57:12.994+0000][2156][info ][gc,heap     ] GC(17) Old regions: 5->5
[2025-04-16T10:57:12.994+0000][2156][info ][gc,heap     ] GC(17) Humongous regions: 2->2
[2025-04-16T10:57:12.994+0000][2156][info ][gc,metaspace] GC(17) Metaspace: 141563K(145728K)->141563K(145728K) NonClass: 121218K(123584K)->121218K(123584K) Class: 20344K(22144K)->20344K(22144K)
[2025-04-16T10:57:12.994+0000][2156][info ][gc          ] GC(17) Pause Young (Normal) (G1 Evacuation Pause) 928M->101M(3776M) 313.556ms
[2025-04-16T10:57:12.994+0000][2156][info ][gc,cpu      ] GC(17) User=0.78s Sys=0.45s Real=0.32s
[2025-04-16T10:57:12.994+0000][2156][info ][safepoint   ] Safepoint "G1CollectForAllocation", Time since last: 985347570800 ns, Reaching safepoint: 343800 ns, At safepoint: 314629300 ns, Total: 314973100 ns
[2025-04-16T11:08:45.812+0000][2156][info ][gc,start    ] GC(18) Pause Young (Normal) (G1 Evacuation Pause)
[2025-04-16T11:08:45.813+0000][2156][info ][gc,task     ] GC(18) Using 10 workers of 10 for evacuation
[2025-04-16T11:08:45.813+0000][2156][debug][gc,age      ] GC(18) Desired survivor size 25165824 bytes, new threshold 2 (max threshold 15)
[2025-04-16T11:08:45.934+0000][2156][info ][gc,phases   ] GC(18)   Pre Evacuate Collection Set: 2.20ms
[2025-04-16T11:08:45.934+0000][2156][info ][gc,phases   ] GC(18)   Merge Heap Roots: 0.49ms
[2025-04-16T11:08:45.934+0000][2156][info ][gc,phases   ] GC(18)   Evacuate Collection Set: 113.71ms
[2025-04-16T11:08:45.934+0000][2156][info ][gc,phases   ] GC(18)   Post Evacuate Collection Set: 3.92ms
[2025-04-16T11:08:45.934+0000][2156][info ][gc,phases   ] GC(18)   Other: 0.55ms
[2025-04-16T11:08:45.934+0000][2156][trace][gc,age      ] GC(18) Age table:
[2025-04-16T11:08:45.934+0000][2156][trace][gc,age      ] GC(18) - age   1:      99472 bytes,      99472 total
[2025-04-16T11:08:45.934+0000][2156][trace][gc,age      ] GC(18) - age   2:   22105296 bytes,   22204768 total
[2025-04-16T11:08:45.934+0000][2156][info ][gc,heap     ] GC(18) Eden regions: 73->0(159)
[2025-04-16T11:08:45.934+0000][2156][info ][gc,heap     ] GC(18) Survivor regions: 20->7(12)
[2025-04-16T11:08:45.934+0000][2156][info ][gc,heap     ] GC(18) Old regions: 5->18
[2025-04-16T11:08:45.934+0000][2156][info ][gc,heap     ] GC(18) Humongous regions: 2->2
[2025-04-16T11:08:45.934+0000][2156][info ][gc,metaspace] GC(18) Metaspace: 141698K(145792K)->141698K(145792K) NonClass: 121353K(123648K)->121353K(123648K) Class: 20345K(22144K)->20345K(22144K)
[2025-04-16T11:08:45.934+0000][2156][info ][gc          ] GC(18) Pause Young (Normal) (G1 Evacuation Pause) 393M->104M(3776M) 122.063ms
[2025-04-16T11:08:45.934+0000][2156][info ][gc,cpu      ] GC(18) User=0.52s Sys=0.20s Real=0.12s
[2025-04-16T11:08:45.934+0000][2156][info ][safepoint   ] Safepoint "G1CollectForAllocation", Time since last: 692818591900 ns, Reaching safepoint: 26200 ns, At safepoint: 122192300 ns, Total: 122218500 ns
[2025-04-16T11:36:13.602+0000][2156][info ][gc,start    ] GC(19) Pause Young (Normal) (G1 Evacuation Pause)
[2025-04-16T11:36:13.607+0000][2156][info ][gc,task     ] GC(19) Using 10 workers of 10 for evacuation
[2025-04-16T11:36:13.609+0000][2156][debug][gc,age      ] GC(19) Desired survivor size 44040192 bytes, new threshold 15 (max threshold 15)
[2025-04-16T11:36:13.747+0000][2156][info ][gc,phases   ] GC(19)   Pre Evacuate Collection Set: 13.43ms
[2025-04-16T11:36:13.747+0000][2156][info ][gc,phases   ] GC(19)   Merge Heap Roots: 5.90ms
[2025-04-16T11:36:13.747+0000][2156][info ][gc,phases   ] GC(19)   Evacuate Collection Set: 102.29ms
[2025-04-16T11:36:13.747+0000][2156][info ][gc,phases   ] GC(19)   Post Evacuate Collection Set: 14.35ms
[2025-04-16T11:36:13.747+0000][2156][info ][gc,phases   ] GC(19)   Other: 5.43ms
[2025-04-16T11:36:13.747+0000][2156][trace][gc,age      ] GC(19) Age table:
[2025-04-16T11:36:13.747+0000][2156][trace][gc,age      ] GC(19) - age   1:      24800 bytes,      24800 total
[2025-04-16T11:36:13.747+0000][2156][trace][gc,age      ] GC(19) - age   2:      85224 bytes,     110024 total
[2025-04-16T11:36:13.747+0000][2156][trace][gc,age      ] GC(19) - age   3:   22104616 bytes,   22214640 total
[2025-04-16T11:36:13.748+0000][2156][info ][gc,heap     ] GC(19) Eden regions: 159->0(152)
[2025-04-16T11:36:13.748+0000][2156][info ][gc,heap     ] GC(19) Survivor regions: 7->6(21)
[2025-04-16T11:36:13.748+0000][2156][info ][gc,heap     ] GC(19) Old regions: 18->18
[2025-04-16T11:36:13.748+0000][2156][info ][gc,heap     ] GC(19) Humongous regions: 2->2
[2025-04-16T11:36:13.748+0000][2156][info ][gc,metaspace] GC(19) Metaspace: 141901K(145984K)->141901K(145984K) NonClass: 121555K(123840K)->121555K(123840K) Class: 20346K(22144K)->20346K(22144K)
[2025-04-16T11:36:13.748+0000][2156][info ][gc          ] GC(19) Pause Young (Normal) (G1 Evacuation Pause) 740M->100M(3776M) 146.910ms
[2025-04-16T11:36:13.748+0000][2156][info ][gc,cpu      ] GC(19) User=0.17s Sys=0.38s Real=0.15s
[2025-04-16T11:36:13.748+0000][2156][info ][safepoint   ] Safepoint "G1CollectForAllocation", Time since last: 1647658615900 ns, Reaching safepoint: 7819000 ns, At safepoint: 147686500 ns, Total: 155505500 ns
[2025-04-16T12:03:08.343+0000][2156][info ][gc,start    ] GC(20) Pause Young (Normal) (G1 Evacuation Pause)
[2025-04-16T12:03:08.348+0000][2156][info ][gc,task     ] GC(20) Using 10 workers of 10 for evacuation
[2025-04-16T12:03:08.349+0000][2156][debug][gc,age      ] GC(20) Desired survivor size 44040192 bytes, new threshold 15 (max threshold 15)
[2025-04-16T12:03:08.438+0000][2156][info ][gc,phases   ] GC(20)   Pre Evacuate Collection Set: 9.54ms
[2025-04-16T12:03:08.438+0000][2156][info ][gc,phases   ] GC(20)   Merge Heap Roots: 2.90ms
[2025-04-16T12:03:08.438+0000][2156][info ][gc,phases   ] GC(20)   Evacuate Collection Set: 66.23ms
[2025-04-16T12:03:08.438+0000][2156][info ][gc,phases   ] GC(20)   Post Evacuate Collection Set: 8.22ms
[2025-04-16T12:03:08.438+0000][2156][info ][gc,phases   ] GC(20)   Other: 5.33ms
[2025-04-16T12:03:08.438+0000][2156][trace][gc,age      ] GC(20) Age table:
[2025-04-16T12:03:08.438+0000][2156][trace][gc,age      ] GC(20) - age   1:      64192 bytes,      64192 total
[2025-04-16T12:03:08.438+0000][2156][trace][gc,age      ] GC(20) - age   2:       8976 bytes,      73168 total
[2025-04-16T12:03:08.438+0000][2156][trace][gc,age      ] GC(20) - age   3:      85224 bytes,     158392 total
[2025-04-16T12:03:08.439+0000][2156][trace][gc,age      ] GC(20) - age   4:   21809576 bytes,   21967968 total
[2025-04-16T12:03:08.439+0000][2156][info ][gc,heap     ] GC(20) Eden regions: 156->0(168)
[2025-04-16T12:03:08.439+0000][2156][info ][gc,heap     ] GC(20) Survivor regions: 6->7(21)
[2025-04-16T12:03:08.439+0000][2156][info ][gc,heap     ] GC(20) Old regions: 18->18
[2025-04-16T12:03:08.439+0000][2156][info ][gc,heap     ] GC(20) Humongous regions: 2->2
[2025-04-16T12:03:08.439+0000][2156][info ][gc,metaspace] GC(20) Metaspace: 142064K(146176K)->142064K(146176K) NonClass: 121717K(124032K)->121717K(124032K) Class: 20346K(22144K)->20346K(22144K)
[2025-04-16T12:03:08.439+0000][2156][info ][gc          ] GC(20) Pause Young (Normal) (G1 Evacuation Pause) 724M->101M(3776M) 96.989ms
[2025-04-16T12:03:08.439+0000][2156][info ][gc,cpu      ] GC(20) User=0.09s Sys=0.31s Real=0.10s
[2025-04-16T12:03:08.439+0000][2156][info ][safepoint   ] Safepoint "G1CollectForAllocation", Time since last: 1614613421100 ns, Reaching safepoint: 3353900 ns, At safepoint: 97313900 ns, Total: 100667800 ns
[2025-04-16T12:04:24.744+0000][2156][info ][gc,heap,exit] Heap
[2025-04-16T12:04:24.744+0000][2156][info ][gc,heap,exit]  garbage-first heap   total reserved 3866624K, committed 3866624K, used 177318K [0x0000000714000000, 0x0000000800000000)
[2025-04-16T12:04:24.744+0000][2156][info ][gc,heap,exit]   region size 4096K, 25 young (102400K), 7 survivors (28672K)
[2025-04-16T12:04:24.744+0000][2156][info ][gc,heap,exit]  Metaspace       used 142498K, committed 146688K, reserved 1179648K
[2025-04-16T12:04:24.744+0000][2156][info ][gc,heap,exit]   class space    used 20446K, committed 22272K, reserved 1048576K
